Component: ARM Compiler 5.06 update 7 (build 960) Tool: armlink [4d3601]

==============================================================================

Section Cross References

    startup_stm32f407xx.o(STACK) refers (Special) to heapauxi.o(.text) for __use_two_region_memory
    startup_stm32f407xx.o(HEAP) refers (Special) to heapauxi.o(.text) for __use_two_region_memory
    startup_stm32f407xx.o(RESET) refers (Special) to heapauxi.o(.text) for __use_two_region_memory
    startup_stm32f407xx.o(RESET) refers to startup_stm32f407xx.o(STACK) for __initial_sp
    startup_stm32f407xx.o(RESET) refers to startup_stm32f407xx.o(.text) for Reset_Handler
    startup_stm32f407xx.o(RESET) refers to stm32f4xx_it.o(i.NMI_Handler) for NMI_Handler
    startup_stm32f407xx.o(RESET) refers to stm32f4xx_it.o(i.HardFault_Handler) for HardFault_Handler
    startup_stm32f407xx.o(RESET) refers to stm32f4xx_it.o(i.MemManage_Handler) for MemManage_Handler
    startup_stm32f407xx.o(RESET) refers to stm32f4xx_it.o(i.BusFault_Handler) for BusFault_Handler
    startup_stm32f407xx.o(RESET) refers to stm32f4xx_it.o(i.UsageFault_Handler) for UsageFault_Handler
    startup_stm32f407xx.o(RESET) refers to port.o(.emb_text) for SVC_Handler
    startup_stm32f407xx.o(RESET) refers to stm32f4xx_it.o(i.DebugMon_Handler) for DebugMon_Handler
    startup_stm32f407xx.o(RESET) refers to delay.o(i.SysTick_Handler) for SysTick_Handler
    startup_stm32f407xx.o(RESET) refers to rtc.o(i.RTC_WKUP_IRQHandler) for RTC_WKUP_IRQHandler
    startup_stm32f407xx.o(RESET) refers to i2s.o(i.DMA1_Stream4_IRQHandler) for DMA1_Stream4_IRQHandler
    startup_stm32f407xx.o(RESET) refers to gtim.o(i.TIM3_IRQHandler) for TIM3_IRQHandler
    startup_stm32f407xx.o(RESET) refers to usart.o(i.USART1_IRQHandler) for USART1_IRQHandler
    startup_stm32f407xx.o(RESET) refers to atk_mw8266d_uart.o(i.USART3_IRQHandler) for USART3_IRQHandler
    startup_stm32f407xx.o(RESET) refers to rtc.o(i.RTC_Alarm_IRQHandler) for RTC_Alarm_IRQHandler
    startup_stm32f407xx.o(RESET) refers to btim.o(i.TIM6_DAC_IRQHandler) for TIM6_DAC_IRQHandler
    startup_stm32f407xx.o(RESET) refers to adc.o(i.DMA2_Stream4_IRQHandler) for DMA2_Stream4_IRQHandler
    startup_stm32f407xx.o(.text) refers (Special) to heapauxi.o(.text) for __use_two_region_memory
    startup_stm32f407xx.o(.text) refers to system_stm32f4xx.o(i.SystemInit) for SystemInit
    startup_stm32f407xx.o(.text) refers to __main.o(!!!main) for __main
    startup_stm32f407xx.o(.text) refers to startup_stm32f407xx.o(HEAP) for Heap_Mem
    startup_stm32f407xx.o(.text) refers to startup_stm32f407xx.o(STACK) for Stack_Mem
    main.o(i.main) refers to stm32f4xx_hal.o(i.HAL_Init) for HAL_Init
    main.o(i.main) refers to sys.o(i.sys_stm32_clock_init) for sys_stm32_clock_init
    main.o(i.main) refers to delay.o(i.delay_init) for delay_init
    main.o(i.main) refers to usart.o(i.usart_init) for usart_init
    main.o(i.main) refers to led.o(i.led_init) for led_init
    main.o(i.main) refers to lcd.o(i.lcd_init) for lcd_init
    main.o(i.main) refers to key.o(i.key_init) for key_init
    main.o(i.main) refers to sram.o(i.sram_init) for sram_init
    main.o(i.main) refers to malloc.o(i.my_mem_init) for my_mem_init
    main.o(i.main) refers to adc.o(i.adc_temperature_init) for adc_temperature_init
    main.o(i.main) refers to rtc.o(i.rtc_init) for rtc_init
    main.o(i.main) refers to gtim.o(i.gtim_timx_pwm_chy_init) for gtim_timx_pwm_chy_init
    main.o(i.main) refers to btim.o(i.btim_timx_int_init) for btim_timx_int_init
    main.o(i.main) refers to sdio_sdcard.o(i.sd_init) for sd_init
    main.o(i.main) refers to exfuns.o(i.exfuns_init) for exfuns_init
    main.o(i.main) refers to ff.o(i.f_mount) for f_mount
    main.o(i.main) refers to ff.o(i.f_mkfs) for f_mkfs
    main.o(i.main) refers to ff.o(i.f_setlabel) for f_setlabel
    main.o(i.main) refers to es8388.o(i.es8388_init) for es8388_init
    main.o(i.main) refers to es8388.o(i.es8388_adda_cfg) for es8388_adda_cfg
    main.o(i.main) refers to es8388.o(i.es8388_output_cfg) for es8388_output_cfg
    main.o(i.main) refers to es8388.o(i.es8388_hpvol_set) for es8388_hpvol_set
    main.o(i.main) refers to es8388.o(i.es8388_spkvol_set) for es8388_spkvol_set
    main.o(i.main) refers to freertos_app.o(i.freertos_APP) for freertos_APP
    main.o(i.main) refers to freertos_app.o(.data) for SD_Status
    main.o(i.main) refers to exfuns.o(.data) for fs
    system_stm32f4xx.o(i.SystemCoreClockUpdate) refers to system_stm32f4xx.o(.data) for SystemCoreClock
    system_stm32f4xx.o(i.SystemCoreClockUpdate) refers to system_stm32f4xx.o(.constdata) for AHBPrescTable
    freertos_app.o(i.freertos_APP) refers to lcd.o(i.lcd_show_string) for lcd_show_string
    freertos_app.o(i.freertos_APP) refers to tasks.o(i.xTaskCreate) for xTaskCreate
    freertos_app.o(i.freertos_APP) refers to tasks.o(i.vTaskStartScheduler) for vTaskStartScheduler
[...]
    adc_get_result                           0x08005a11   Thumb Code    40  adc.o(i.adc_get_result)
    adc_get_result_average                   0x08005a3d   Thumb Code    44  adc.o(i.adc_get_result_average)
    adc_get_temperature                      0x08005a69   Thumb Code   140  adc.o(i.adc_get_temperature)
    adc_init                                 0x08005b1d   Thumb Code    58  adc.o(i.adc_init)
    adc_temperature_init                     0x08005b65   Thumb Code    22  adc.o(i.adc_temperature_init)
    btim_timx_int_init                       0x08005bfd   Thumb Code    34  btim.o(i.btim_timx_int_init)
    delay_init                               0x080061cd   Thumb Code    52  delay.o(i.delay_init)
    delay_ms                                 0x08006205   Thumb Code    24  delay.o(i.delay_ms)
    delay_us                                 0x0800621d   Thumb Code    68  delay.o(i.delay_us)
    dir_sdi                                  0x08006585   Thumb Code   170  ff.o(i.dir_sdi)
    disk_initialize                          0x0800662f   Thumb Code    44  diskio.o(i.disk_initialize)
    disk_ioctl                               0x0800665d   Thumb Code   124  diskio.o(i.disk_ioctl)
    disk_read                                0x080066dd   Thumb Code   126  diskio.o(i.disk_read)
    disk_status                              0x0800675b   Thumb Code     6  diskio.o(i.disk_status)
    disk_write                               0x08006761   Thumb Code   126  diskio.o(i.disk_write)
    es8388_adda_cfg                          0x080067df   Thumb Code    64  es8388.o(i.es8388_adda_cfg)
    es8388_hpvol_set                         0x0800681f   Thumb Code    28  es8388.o(i.es8388_hpvol_set)
    es8388_init                              0x0800683b   Thumb Code   198  es8388.o(i.es8388_init)
    es8388_output_cfg                        0x08006901   Thumb Code    38  es8388.o(i.es8388_output_cfg)
    es8388_spkvol_set                        0x08006927   Thumb Code    28  es8388.o(i.es8388_spkvol_set)
    es8388_write_reg                         0x08006943   Thumb Code    66  es8388.o(i.es8388_write_reg)
    exfuns_init                              0x08006985   Thumb Code    64  exfuns.o(i.exfuns_init)
    f_mkfs                                   0x080069c9   Thumb Code  3514  ff.o(i.f_mkfs)
    f_mount                                  0x080077c5   Thumb Code    80  ff.o(i.f_mount)
    f_setlabel                               0x08007819   Thumb Code   486  ff.o(i.f_setlabel)
    ff_memalloc                              0x08007a05   Thumb Code    14  ffsystem.o(i.ff_memalloc)
    ff_memfree                               0x08007a13   Thumb Code    14  ffsystem.o(i.ff_memfree)
    ff_oem2uni                               0x08007a21   Thumb Code   100  ffunicode.o(i.ff_oem2uni)
    ff_uni2oem                               0x08007a89   Thumb Code   112  ffunicode.o(i.ff_uni2oem)
    ff_wtoupper                              0x08007afd   Thumb Code   166  ffunicode.o(i.ff_wtoupper)
    fputc                                    0x08007d0d   Thumb Code    22  usart.o(i.fputc)
    freertos_APP                             0x08007d29   Thumb Code   106  freertos_app.o(i.freertos_APP)
    get_fattime                              0x08007f69   Thumb Code     4  ffsystem.o(i.get_fattime)
    get_sd_card_state                        0x08007fbd   Thumb Code    20  sdio_sdcard.o(i.get_sd_card_state)
    gtim_timx_pwm_chy_init                   0x08007fd5   Thumb Code    76  gtim.o(i.gtim_timx_pwm_chy_init)
    iic_init                                 0x08008035   Thumb Code   122  myiic.o(i.iic_init)
    iic_send_byte                            0x080080b9   Thumb Code   106  myiic.o(i.iic_send_byte)
    iic_start                                0x08008129   Thumb Code    76  myiic.o(i.iic_start)
    iic_stop                                 0x08008179   Thumb Code    60  myiic.o(i.iic_stop)
    iic_wait_ack                             0x080081b9   Thumb Code   100  myiic.o(i.iic_wait_ack)
    key_init                                 0x08008221   Thumb Code   240  key.o(i.key_init)
    lcd_clear                                0x0800831d   Thumb Code    42  lcd.o(i.lcd_clear)
    lcd_display_dir                          0x08008351   Thumb Code   360  lcd.o(i.lcd_display_dir)
    lcd_draw_point                           0x080084bd   Thumb Code    26  lcd.o(i.lcd_draw_point)
    lcd_ex_ili9341_reginit                   0x080084dd   Thumb Code   556  lcd.o(i.lcd_ex_ili9341_reginit)
    lcd_ex_ili9806_reginit                   0x08008709   Thumb Code   832  lcd.o(i.lcd_ex_ili9806_reginit)
    lcd_ex_nt35310_reginit                   0x08008a49   Thumb Code  3826  lcd.o(i.lcd_ex_nt35310_reginit)
    lcd_ex_nt35510_reginit                   0x0800993b   Thumb Code  3836  lcd.o(i.lcd_ex_nt35510_reginit)
    lcd_ex_ssd1963_reginit                   0x0800a837   Thumb Code   366  lcd.o(i.lcd_ex_ssd1963_reginit)
    lcd_ex_st7789_reginit                    0x0800a9a5   Thumb Code   424  lcd.o(i.lcd_ex_st7789_reginit)
    lcd_ex_st7796_reginit                    0x0800ab4d   Thumb Code   454  lcd.o(i.lcd_ex_st7796_reginit)
    lcd_init                                 0x0800ad15   Thumb Code  1286  lcd.o(i.lcd_init)
    lcd_scan_dir                             0x0800b265   Thumb Code   568  lcd.o(i.lcd_scan_dir)
    lcd_set_cursor                           0x0800b4a1   Thumb Code   282  lcd.o(i.lcd_set_cursor)
    lcd_show_char                            0x0800b5c1   Thumb Code   294  lcd.o(i.lcd_show_char)
    lcd_show_num                             0x0800b701   Thumb Code   152  lcd.o(i.lcd_show_num)
    lcd_show_string                          0x0800b799   Thumb Code   106  lcd.o(i.lcd_show_string)
    lcd_show_xnum                            0x0800b803   Thumb Code   198  lcd.o(i.lcd_show_xnum)
    lcd_ssd_backlight_set                    0x0800b8c9   Thumb Code    88  lcd.o(i.lcd_ssd_backlight_set)
    lcd_wr_data                              0x0800b929   Thumb Code    18  lcd.o(i.lcd_wr_data)
    lcd_wr_regno                             0x0800b941   Thumb Code    18  lcd.o(i.lcd_wr_regno)
    lcd_write_ram_prepare                    0x0800b959   Thumb Code    10  lcd.o(i.lcd_write_ram_prepare)
    lcd_write_reg                            0x0800b96d   Thumb Code    14  lcd.o(i.lcd_write_reg)
    led_init                                 0x0800ba09   Thumb Code   142  led.o(i.led_init)
    main                                     0x0800bbb1   Thumb Code   246  main.o(i.main)
    mf_free                                  0x0800bcc9   Thumb Code    26  fattester.o(i.mf_free)
    mf_init                                  0x0800bce9   Thumb Code    58  fattester.o(i.mf_init)
    my_mem_free                              0x0800c1d1   Thumb Code    96  malloc.o(i.my_mem_free)
    my_mem_init                              0x0800c23d   Thumb Code    54  malloc.o(i.my_mem_init)
    my_mem_malloc                            0x0800c281   Thumb Code   156  malloc.o(i.my_mem_malloc)
    my_mem_perused                           0x0800c329   Thumb Code    56  malloc.o(i.my_mem_perused)
    myfree                                   0x0800c369   Thumb Code    30  malloc.o(i.myfree)
    mymalloc                                 0x0800c38d   Thumb Code    34  malloc.o(i.mymalloc)
    mymemset                                 0x0800c3b5   Thumb Code    20  malloc.o(i.mymemset)
    norflash_erase_sector                    0x0800c3c9   Thumb Code    62  norflash.o(i.norflash_erase_sector)
    norflash_init                            0x0800c40d   Thumb Code   178  norflash.o(i.norflash_init)
    norflash_read                            0x0800c4cd   Thumb Code    76  norflash.o(i.norflash_read)
    norflash_read_id                         0x0800c51d   Thumb Code    76  norflash.o(i.norflash_read_id)
    norflash_read_sr                         0x0800c56d   Thumb Code    88  norflash.o(i.norflash_read_sr)
    norflash_write                           0x0800c611   Thumb Code   180  norflash.o(i.norflash_write)
    norflash_write_enable                    0x0800c6c9   Thumb Code    40  norflash.o(i.norflash_write_enable)
    norflash_write_sr                        0x0800c795   Thumb Code    84  norflash.o(i.norflash_write_sr)
    pvPortMalloc                             0x0800d4fd   Thumb Code   306  heap_4.o(i.pvPortMalloc)
    pxPortInitialiseStack                    0x0800d691   Thumb Code    38  port.o(i.pxPortInitialiseStack)
    rtc_get_date                             0x0800d6bd   Thumb Code    46  rtc.o(i.rtc_get_date)
    rtc_get_time                             0x0800d6f1   Thumb Code    50  rtc.o(i.rtc_get_time)
    rtc_init                                 0x0800d729   Thumb Code   136  rtc.o(i.rtc_init)
    rtc_read_bkr                             0x0800d7c1   Thumb Code    20  rtc.o(i.rtc_read_bkr)
    rtc_set_date                             0x0800d7d9   Thumb Code    38  rtc.o(i.rtc_set_date)
    rtc_set_time                             0x0800d805   Thumb Code    48  rtc.o(i.rtc_set_time)
    rtc_write_bkr                            0x0800d839   Thumb Code    22  rtc.o(i.rtc_write_bkr)
    sd_init                                  0x0800d855   Thumb Code    70  sdio_sdcard.o(i.sd_init)
    sd_read_disk                             0x0800d8a9   Thumb Code    72  sdio_sdcard.o(i.sd_read_disk)
    sd_write_disk                            0x0800d8f9   Thumb Code    72  sdio_sdcard.o(i.sd_write_disk)
    spi1_init                                0x0800d949   Thumb Code   114  spi.o(i.spi1_init)
    spi1_read_write_byte                     0x0800d9c9   Thumb Code    28  spi.o(i.spi1_read_write_byte)
    spi1_set_speed                           0x0800d9e9   Thumb Code    68  spi.o(i.spi1_set_speed)
    sram_init                                0x0800da31   Thumb Code   470  sram.o(i.sram_init)
    start_task                               0x0800e009   Thumb Code    62  freertos_app.o(i.start_task)
    sys_stm32_clock_init                     0x0800e165   Thumb Code   192  sys.o(i.sys_stm32_clock_init)
    task1                                    0x0800e231   Thumb Code   370  freertos_app.o(i.task1)
    task2                                    0x0800e445   Thumb Code   196  freertos_app.o(i.task2)
    usart_init                               0x0800e579   Thumb Code    44  usart.o(i.usart_init)
    uxListRemove                             0x0800e5b1   Thumb Code    40  list.o(i.uxListRemove)
    vListInitialise                          0x0800e5d9   Thumb Code    26  list.o(i.vListInitialise)
    vListInitialiseItem                      0x0800e5f3   Thumb Code     6  list.o(i.vListInitialiseItem)
    vListInsert                              0x0800e5f9   Thumb Code    52  list.o(i.vListInsert)
    vListInsertEnd                           0x0800e62d   Thumb Code    24  list.o(i.vListInsertEnd)
    vPortEnterCritical                       0x0800e645   Thumb Code    68  port.o(i.vPortEnterCritical)
    vPortExitCritical                        0x0800e6dd   Thumb Code    48  port.o(i.vPortExitCritical)
    vPortFree                                0x0800e75d   Thumb Code   130  heap_4.o(i.vPortFree)
    vPortSetupTimerInterrupt                 0x0800e835   Thumb Code    36  port.o(i.vPortSetupTimerInterrupt)
    vQueueAddToRegistry                      0x0800e85d   Thumb Code    84  queue.o(i.vQueueAddToRegistry)
    vQueueWaitForMessageRestricted           0x0800e8e9   Thumb Code    74  queue.o(i.vQueueWaitForMessageRestricted)
    vTaskDelay                               0x0800e935   Thumb Code    72  tasks.o(i.vTaskDelay)
    vTaskDelete                              0x0800e9b9   Thumb Code   200  tasks.o(i.vTaskDelete)
    vTaskInternalSetTimeOutState             0x0800eadd   Thumb Code    14  tasks.o(i.vTaskInternalSetTimeOutState)
    vTaskMissedYield                         0x0800eaf5   Thumb Code     8  tasks.o(i.vTaskMissedYield)
    vTaskPlaceOnEventList                    0x0800eb01   Thumb Code    42  tasks.o(i.vTaskPlaceOnEventList)
    vTaskPlaceOnEventListRestricted          0x0800eb65   Thumb Code    84  tasks.o(i.vTaskPlaceOnEventListRestricted)
    vTaskStartScheduler                      0x0800ebf1   Thumb Code   112  tasks.o(i.vTaskStartScheduler)
    vTaskSuspendAll                          0x0800ecb5   Thumb Code    12  tasks.o(i.vTaskSuspendAll)
    vTaskSwitchContext                       0x0800ecc5   Thumb Code   110  tasks.o(i.vTaskSwitchContext)
    xPortStartScheduler                      0x0800ed7d   Thumb Code   322  port.o(i.xPortStartScheduler)
    xPortSysTickHandler                      0x0800ef29   Thumb Code    46  port.o(i.xPortSysTickHandler)
    xQueueGenericCreate                      0x0800ef5d   Thumb Code    92  queue.o(i.xQueueGenericCreate)
    xQueueGenericReset                       0x0800efed   Thumb Code   194  queue.o(i.xQueueGenericReset)
    xQueueReceive                            0x0800f0e9   Thumb Code   326  queue.o(i.xQueueReceive)
    xTaskCheckForTimeOut                     0x0800f269   Thumb Code   140  tasks.o(i.xTaskCheckForTimeOut)
    xTaskCreate                              0x0800f335   Thumb Code    96  tasks.o(i.xTaskCreate)
    xTaskGetSchedulerState                   0x0800f395   Thumb Code    24  tasks.o(i.xTaskGetSchedulerState)
    xTaskGetTickCount                        0x0800f3b5   Thumb Code     6  tasks.o(i.xTaskGetTickCount)
    xTaskIncrementTick                       0x0800f3c1   Thumb Code   390  tasks.o(i.xTaskIncrementTick)
    xTaskPriorityDisinherit                  0x0800f5a9   Thumb Code   206  tasks.o(i.xTaskPriorityDisinherit)
    xTaskRemoveFromEventList                 0x0800f6b9   Thumb Code   254  tasks.o(i.xTaskRemoveFromEventList)
    xTaskResumeAll                           0x0800f805   Thumb Code   328  tasks.o(i.xTaskResumeAll)
    xTimerCreateTimerTask                    0x0800f9a5   Thumb Code    56  timers.o(i.xTimerCreateTimerTask)
    __aeabi_dadd                             0x0800fa89   Thumb Code     0  daddsub_clz.o(x$fpl$dadd)
    _dadd                                    0x0800fa89   Thumb Code   332  daddsub_clz.o(x$fpl$dadd)
    __aeabi_ddiv                             0x0800fbd9   Thumb Code     0  ddiv.o(x$fpl$ddiv)
    _ddiv                                    0x0800fbd9   Thumb Code   552  ddiv.o(x$fpl$ddiv)
    __aeabi_d2iz                             0x0800fe89   Thumb Code     0  dfix.o(x$fpl$dfix)
    _dfix                                    0x0800fe89   Thumb Code    94  dfix.o(x$fpl$dfix)
    __aeabi_d2uiz                            0x0800fee9   Thumb Code     0  dfixu.o(x$fpl$dfixu)
    _dfixu                                   0x0800fee9   Thumb Code    90  dfixu.o(x$fpl$dfixu)
    __aeabi_ui2d                             0x0800ff43   Thumb Code     0  dflt_clz.o(x$fpl$dfltu)
    _dfltu                                   0x0800ff43   Thumb Code    38  dflt_clz.o(x$fpl$dfltu)
    __aeabi_dmul                             0x0800ff69   Thumb Code     0  dmul.o(x$fpl$dmul)
    _dmul                                    0x0800ff69   Thumb Code   332  dmul.o(x$fpl$dmul)
    __fpl_dnaninf                            0x080100bd   Thumb Code   156  dnaninf.o(x$fpl$dnaninf)
    __fpl_dretinf                            0x08010159   Thumb Code    12  dretinf.o(x$fpl$dretinf)
    __aeabi_dsub                             0x08010165   Thumb Code     0  daddsub_clz.o(x$fpl$dsub)
    _dsub                                    0x08010165   Thumb Code   464  daddsub_clz.o(x$fpl$dsub)
    __aeabi_f2d                              0x08010339   Thumb Code     0  f2d.o(x$fpl$f2d)
    _f2d                                     0x08010339   Thumb Code    86  f2d.o(x$fpl$f2d)
    __fpl_fnaninf                            0x0801038f   Thumb Code   140  fnaninf.o(x$fpl$fnaninf)
    _fp_init                                 0x0801041b   Thumb Code    10  fpinit.o(x$fpl$fpinit)
    __fplib_config_fpu_vfp                   0x08010423   Thumb Code     0  fpinit.o(x$fpl$fpinit)
    __fplib_config_pureend_doubles           0x08010423   Thumb Code     0  fpinit.o(x$fpl$fpinit)
    AHBPrescTable                            0x08010424   Data          16  system_stm32f4xx.o(.constdata)
    __I$use$fp                               0x08010424   Number         0  usenofp.o(x$fpl$usenofp)
    APBPrescTable                            0x08010434   Data           8  system_stm32f4xx.o(.constdata)
    asc2_1206                                0x0801043c   Data        1140  lcd.o(.constdata)
    asc2_1608                                0x080108b0   Data        1520  lcd.o(.constdata)
    asc2_2412                                0x08010ea0   Data        3420  lcd.o(.constdata)
    asc2_3216                                0x08011bfc   Data        6080  lcd.o(.constdata)
    memtblsize                               0x080133bc   Data          12  malloc.o(.constdata)
    memblksize                               0x080133c8   Data          12  malloc.o(.constdata)
    memsize                                  0x080133d4   Data          12  malloc.o(.constdata)
    Region$$Table$$Base                      0x0803e028   Number         0  anon$$obj.o(Region$$Table)
    Region$$Table$$Limit                     0x0803e048   Number         0  anon$$obj.o(Region$$Table)
    mem2base                                 0x10000000   Data       61440  malloc.o(.ARM.__AT_0x10000000)
    mem2mapbase                              0x1000f000   Data        3840  malloc.o(.ARM.__AT_0x1000F000)
    SystemCoreClock                          0x20000000   Data           4  system_stm32f4xx.o(.data)
    StartTask_Handler                        0x20000004   Data           4  freertos_app.o(.data)
    Task1Task_Handler                        0x20000008   Data           4  freertos_app.o(.data)
    Task2Task_Handler                        0x2000000c   Data           4  freertos_app.o(.data)
    lcd_discolor                             0x20000010   Data          22  freertos_app.o(.data)
    SD_Status                                0x20000026   Data           1  freertos_app.o(.data)
    fonts_Status                             0x20000027   Data           1  freertos_app.o(.data)
    hour                                     0x20000028   Data           1  freertos_app.o(.data)
    min                                      0x20000029   Data           1  freertos_app.o(.data)
    sec                                      0x2000002a   Data           1  freertos_app.o(.data)
    ampm                                     0x2000002b   Data           1  freertos_app.o(.data)
    year                                     0x2000002c   Data           1  freertos_app.o(.data)
    month                                    0x2000002d   Data           1  freertos_app.o(.data)
    date                                     0x2000002e   Data           1  freertos_app.o(.data)
    week                                     0x2000002f   Data           1  freertos_app.o(.data)
    __stdout                                 0x20000034   Data           4  usart.o(.data)
    g_usart_rx_sta                           0x20000038   Data           2  usart.o(.data)
    g_rx_buffer                              0x2000003a   Data           1  usart.o(.data)
    uwTick                                   0x2000003c   Data           4  stm32f4xx_hal.o(.data)
    uwTickPrio                               0x20000040   Data           4  stm32f4xx_hal.o(.data)
    uwTickFreq                               0x20000044   Data           1  stm32f4xx_hal.o(.data)
    g_point_color                            0x20000048   Data           4  lcd.o(.data)
    g_back_color                             0x2000004c   Data           4  lcd.o(.data)
    g_adc_dma_sta                            0x20000050   Data           1  adc.o(.data)
    i2s_tx_callback                          0x20000054   Data           4  i2s.o(.data)
    g_norflash_type                          0x20000058   Data           2  norflash.o(.data)
    T                                        0x2000005a   Data           1  btim.o(.data)
    mallco_dev                               0x2000005c   Data          36  malloc.o(.data)
    pxCurrentTCB                             0x20000080   Data           4  tasks.o(.data)
    uxTopUsedPriority                        0x200000b8   Data           4  tasks.o(.data)
    fs                                       0x20000100   Data           8  exfuns.o(.data)
    key                                      0x20000112   Data          10  xmram.o(.data)
    tbuf                                     0x2000011c   Data          40  freertos_app.o(.bss)
    g_usart_rx_buf                           0x20000144   Data         200  usart.o(.bss)
    g_uart1_handle                           0x2000020c   Data          68  usart.o(.bss)
    g_sram_handle                            0x20000250   Data          80  lcd.o(.bss)
    lcddev                                   0x200002a0   Data          14  lcd.o(.bss)
    g_sram_handler                           0x200002b0   Data          80  sram.o(.bss)
    g_adc_handle                             0x20000300   Data          72  adc.o(.bss)
    g_dma_adc_handle                         0x20000348   Data          96  adc.o(.bss)
    g_adc_nch_dma_handle                     0x200003a8   Data          72  adc.o(.bss)
    g_dma_nch_adc_handle                     0x200003f0   Data          96  adc.o(.bss)
    g_i2s_handle                             0x20000450   Data          72  i2s.o(.bss)
    g_i2s_txdma_handle                       0x20000498   Data          96  i2s.o(.bss)
    g_norflash_buf                           0x200004f8   Data        4096  norflash.o(.bss)
    g_rtc_handle                             0x200014f8   Data          32  rtc.o(.bss)
    g_sdcard_handler                         0x20001518   Data         132  sdio_sdcard.o(.bss)
    g_sd_card_info_handle                    0x2000159c   Data          32  sdio_sdcard.o(.bss)
    g_spi1_handler                           0x200015bc   Data          88  spi.o(.bss)
    g_timx_handle                            0x20001614   Data          72  gtim.o(.bss)
    g_timx_pwm_chy_handle                    0x2000165c   Data          72  gtim.o(.bss)
    g_timx_handler                           0x200016a4   Data          72  btim.o(.bss)
    mem1base                                 0x20001800   Data       92160  malloc.o(.bss)
    mem1mapbase                              0x20018000   Data        5760  malloc.o(.bss)
    xQueueRegistry                           0x20019680   Data          64  queue.o(.bss)
    fattester                                0x2001c1d0   Data         384  fattester.o(.bss)
    g_audiodev                               0x2001c350   Data          17  audioplay.o(.bss)
    __libspace_start                         0x2001c364   Data          96  libspace.o(.bss)
    __temporary_stack_top$libspace           0x2001c3c4   Data           0  libspace.o(.bss)
    mem3base                                 0x68000000   Data       986112  malloc.o(.ARM.__AT_0x68000000)
    mem3mapbase                              0x680f0c00   Data       61632  malloc.o(.ARM.__AT_0x680F0C00)



==============================================================================

Memory Map of the image

  Image Entry point : 0x08000189

  Load Region LR_IROM1 (Base: 0x08000000, Size: 0x0003e164, Max: 0x00100000, ABSOLUTE)

    Execution Region ER_IROM1 (Exec base: 0x08000000, Load base: 0x08000000, Size: 0x0003e048, Max: 0x00100000, ABSOLUTE)

    Exec Addr    Load Addr    Size         Type   Attr      Idx    E Section Name        Object

    0x08000000   0x08000000   0x00000188   Data   RO            3    RESET               startup_stm32f407xx.o
    0x08000188   0x08000188   0x00000008   Code   RO         9725  * !!!main             c_w.l(__main.o)
    0x08000190   0x08000190   0x00000034   Code   RO        10031    !!!scatter          c_w.l(__scatter.o)
    0x080001c4   0x080001c4   0x0000001a   Code   RO        10033    !!handler_copy      c_w.l(__scatter_copy.o)
    0x080001de   0x080001de   0x00000002   PAD
    0x080001e0   0x080001e0   0x0000001c   Code   RO        10035    !!handler_zi        c_w.l(__scatter_zi.o)
    0x080001fc   0x080001fc   0x00000000   Code   RO         9695    .ARM.Collect$$_printf_percent$$00000000  c_w.l(_printf_percent.o)
    0x080001fc   0x080001fc   0x00000006   Code   RO         9693    .ARM.Collect$$_printf_percent$$00000009  c_w.l(_printf_d.o)
    0x08000202   0x08000202   0x00000006   Code   RO         9692    .ARM.Collect$$_printf_percent$$0000000C  c_w.l(_printf_x.o)
    0x08000208   0x08000208   0x00000006   Code   RO         9691    .ARM.Collect$$_printf_percent$$00000014  c_w.l(_printf_s.o)
    0x0800020e   0x0800020e   0x00000004   Code   RO         9795    .ARM.Collect$$_printf_percent$$00000017  c_w.l(_printf_percent_end.o)
    0x08000212   0x08000212   0x00000002   Code   RO         9901    .ARM.Collect$$libinit$$00000000  c_w.l(libinit.o)
    0x08000214   0x08000214   0x00000004   Code   RO         9920    .ARM.Collect$$libinit$$00000001  c_w.l(libinit2.o)
    0x08000218   0x08000218   0x00000000   Code   RO         9923    .ARM.Collect$$libinit$$00000004  c_w.l(libinit2.o)
    0x08000218   0x08000218   0x00000000   Code   RO         9926    .ARM.Collect$$libinit$$0000000A  c_w.l(libinit2.o)
    0x08000218   0x08000218   0x00000000   Code   RO         9928    .ARM.Collect$$libinit$$0000000C  c_w.l(libinit2.o)
    0x08000218   0x08000218   0x00000000   Code   RO         9930    .ARM.Collect$$libinit$$0000000E  c_w.l(libinit2.o)
    0x08000218   0x08000218   0x00000000   Code   RO         9933    .ARM.Collect$$libinit$$00000011  c_w.l(libinit2.o)
    0x08000218   0x08000218   0x00000000   Code   RO         9935    .ARM.Collect$$libinit$$00000013  c_w.l(libinit2.o)
    0x08000218   0x08000218   0x00000000   Code   RO         9937    .ARM.Collect$$libinit$$00000015  c_w.l(libinit2.o)
    0x08000218   0x08000218   0x00000000   Code   RO         9939    .ARM.Collect$$libinit$$00000017  c_w.l(libinit2.o)
    0x08000218   0x08000218   0x00000000   Code   RO         9941    .ARM.Collect$$libinit$$00000019  c_w.l(libinit2.o)
    0x08000218   0x08000218   0x00000000   Code   RO         9943    .ARM.Collect$$libinit$$0000001B  c_w.l(libinit2.o)
    0x08000218   0x08000218   0x00000000   Code   RO         9945    .ARM.Collect$$libinit$$0000001D  c_w.l(libinit2.o)
    0x08000218   0x08000218   0x00000000   Code   RO         9947    .ARM.Collect$$libinit$$0000001F  c_w.l(libinit2.o)
    0x08000218   0x08000218   0x00000000   Code   RO         9949    .ARM.Collect$$libinit$$00000021  c_w.l(libinit2.o)
    0x08000218   0x08000218   0x00000000   Code   RO         9951    .ARM.Collect$$libinit$$00000023  c_w.l(libinit2.o)
    0x08000218   0x08000218   0x00000000   Code   RO         9953    .ARM.Collect$$libinit$$00000025  c_w.l(libinit2.o)
    0x08000218   0x08000218   0x00000000   Code   RO         9957    .ARM.Collect$$libinit$$0000002C  c_w.l(libinit2.o)
    0x08000218   0x08000218   0x00000000   Code   RO         9959    .ARM.Collect$$libinit$$0000002E  c_w.l(libinit2.o)
    0x08000218   0x08000218   0x00000000   Code   RO         9961    .ARM.Collect$$libinit$$00000030  c_w.l(libinit2.o)
    0x08000218   0x08000218   0x00000000   Code   RO         9963    .ARM.Collect$$libinit$$00000032  c_w.l(libinit2.o)
    0x08000218   0x08000218   0x00000002   Code   RO         9964    .ARM.Collect$$libinit$$00000033  c_w.l(libinit2.o)
    0x0800021a   0x0800021a   0x00000002   Code   RO         9988    .ARM.Collect$$libshutdown$$00000000  c_w.l(libshutdown.o)
    0x0800021c   0x0800021c   0x00000000   Code   RO        10012    .ARM.Collect$$libshutdown$$00000002  c_w.l(libshutdown2.o)
    0x0800021c   0x0800021c   0x00000000   Code   RO        10014    .ARM.Collect$$libshutdown$$00000004  c_w.l(libshutdown2.o)
    0x0800021c   0x0800021c   0x00000000   Code   RO        10016    .ARM.Collect$$libshutdown$$00000006  c_w.l(libshutdown2.o)
    0x0800021c   0x0800021c   0x00000000   Code   RO        10019    .ARM.Collect$$libshutdown$$00000009  c_w.l(libshutdown2.o)
    0x0800021c   0x0800021c   0x00000000   Code   RO        10022    .ARM.Collect$$libshutdown$$0000000C  c_w.l(libshutdown2.o)
    0x0800021c   0x0800021c   0x00000000   Code   RO        10024    .ARM.Collect$$libshutdown$$0000000E  c_w.l(libshutdown2.o)
    0x0800021c   0x0800021c   0x00000000   Code   RO        10027    .ARM.Collect$$libshutdown$$00000011  c_w.l(libshutdown2.o)
    0x0800021c   0x0800021c   0x00000002   Code   RO        10028    .ARM.Collect$$libshutdown$$00000012  c_w.l(libshutdown2.o)
    0x0800021e   0x0800021e   0x00000000   Code   RO         9757    .ARM.Collect$$rtentry$$00000000  c_w.l(__rtentry.o)
    0x0800021e   0x0800021e   0x00000000   Code   RO         9820    .ARM.Collect$$rtentry$$00000002  c_w.l(__rtentry2.o)
    0x0800021e   0x0800021e   0x00000006   Code   RO         9832    .ARM.Collect$$rtentry$$00000004  c_w.l(__rtentry4.o)
    0x08000224   0x08000224   0x00000000   Code   RO         9822    .ARM.Collect$$rtentry$$00000009  c_w.l(__rtentry2.o)
    0x08000224   0x08000224   0x00000004   Code   RO         9823    .ARM.Collect$$rtentry$$0000000A  c_w.l(__rtentry2.o)
    0x08000228   0x08000228   0x00000000   Code   RO         9825    .ARM.Collect$$rtentry$$0000000C  c_w.l(__rtentry2.o)
    0x08000228   0x08000228   0x00000008   Code   RO         9826    .ARM.Collect$$rtentry$$0000000D  c_w.l(__rtentry2.o)
    0x08000230   0x08000230   0x00000002   Code   RO         9909    .ARM.Collect$$rtexit$$00000000  c_w.l(rtexit.o)
    0x08000232   0x08000232   0x00000000   Code   RO         9966    .ARM.Collect$$rtexit$$00000002  c_w.l(rtexit2.o)
    0x08000232   0x08000232   0x00000004   Code   RO         9967    .ARM.Collect$$rtexit$$00000003  c_w.l(rtexit2.o)
    0x08000236   0x08000236   0x00000006   Code   RO         9968    .ARM.Collect$$rtexit$$00000004  c_w.l(rtexit2.o)
    0x0800023c   0x0800023c   0x000000be   Code   RO         8401    .emb_text           port.o
    0x080002fa   0x080002fa   0x00000002   PAD
    0x080002fc   0x080002fc   0x0000004c   Code   RO            4    .text               startup_stm32f407xx.o
    0x08000348   0x08000348   0x00000002   Code   RO         9623    .text               c_w.l(use_no_semi_2.o)
    0x0800034a   0x0800034a   0x000000ee   Code   RO         9625    .text               c_w.l(lludivv7m.o)
    0x08000438   0x08000438   0x00000018   Code   RO         9631    .text               c_w.l(__2printf.o)
    0x08000450   0x08000450   0x0000002c   Code   RO         9633    .text               c_w.l(__2sprintf.o)
    0x0800047c   0x0800047c   0x0000004e   Code   RO         9641    .text               c_w.l(_printf_pad.o)
    0x080004ca   0x080004ca   0x00000052   Code   RO         9643    .text               c_w.l(_printf_str.o)
    0x0800051c   0x0800051c   0x00000078   Code   RO         9645    .text               c_w.l(_printf_dec.o)
    0x08000594   0x08000594   0x00000094   Code   RO         9667    .text               c_w.l(_printf_hex_int_ll_ptr.o)
    0x08000628   0x08000628   0x00000188   Code   RO         9687    .text               c_w.l(__printf_flags_ss_wp.o)
    0x080007b0   0x080007b0   0x00000014   Code   RO         9697    .text               c_w.l(strchr.o)
    0x080007c4   0x080007c4   0x00000058   Code   RO         9701    .text               c_w.l(memcmp.o)
    0x0800081c   0x0800081c   0x0000008a   Code   RO         9709    .text               c_w.l(rt_memcpy_v6.o)
    0x080008a6   0x080008a6   0x00000064   Code   RO         9711    .text               c_w.l(rt_memcpy_w.o)
    0x0800090a   0x0800090a   0x00000010   Code   RO         9715    .text               c_w.l(aeabi_memset.o)
    0x0800091a   0x0800091a   0x00000044   Code   RO         9717    .text               c_w.l(rt_memclr.o)
    0x0800095e   0x0800095e   0x0000004e   Code   RO         9719    .text               c_w.l(rt_memclr_w.o)
    0x080009ac   0x080009ac   0x00000006   Code   RO         9723    .text               c_w.l(heapauxi.o)
    0x080009b2   0x080009b2   0x00000002   Code   RO         9755    .text               c_w.l(use_no_semi.o)
    0x080009b4   0x080009b4   0x000000b2   Code   RO         9766    .text               c_w.l(_printf_intcommon.o)
    0x08000a66   0x08000a66   0x00000002   PAD
    0x08000a68   0x08000a68   0x00000030   Code   RO         9770    .text               c_w.l(_printf_char_common.o)
    0x08000a98   0x08000a98   0x0000000a   Code   RO         9772    .text               c_w.l(_sputc.o)
    0x08000aa2   0x08000aa2   0x0000002c   Code   RO         9774    .text               c_w.l(_printf_char.o)
    0x08000ace   0x08000ace   0x00000002   PAD
    0x08000ad0   0x08000ad0   0x00000024   Code   RO         9776    .text               c_w.l(_printf_char_file.o)
    0x08000af4   0x08000af4   0x00000008   Code   RO         9845    .text               c_w.l(ferror.o)
    0x08000afc   0x08000afc   0x0000004a   Code   RO         9851    .text               c_w.l(sys_stackheap_outer.o)
    0x08000b46   0x08000b46   0x00000012   Code   RO         9890    .text               c_w.l(exit.o)
    0x08000b58   0x08000b58   0x00000008   Code   RO         9906    .text               c_w.l(libspace.o)
    0x08000b60   0x08000b60   0x00000160   Code   RO         4952    i.ADC_Init          stm32f4xx_hal_adc.o
    0x08000cc0   0x08000cc0   0x00000004   Code   RO          346    i.BusFault_Handler  stm32f4xx_it.o
    0x08000cc4   0x08000cc4   0x000000b8   Code   RO         6273    i.DMA1_Stream4_IRQHandler  i2s.o
    0x08000d7c   0x08000d7c   0x00000030   Code   RO         6053    i.DMA2_Stream4_IRQHandler  adc.o
    0x08000dac   0x08000dac   0x00000002   Code   RO          347    i.DebugMon_Handler  stm32f4xx_it.o
    0x08000dae   0x08000dae   0x00000002   PAD
    0x08000db0   0x08000db0   0x00000048   Code   RO         3337    i.FSMC_NORSRAM_Extended_Timing_Init  stm32f4xx_ll_fsmc.o
    0x08000df8   0x08000df8   0x0000005c   Code   RO         3338    i.FSMC_NORSRAM_Init  stm32f4xx_ll_fsmc.o
    0x08000e54   0x08000e54   0x00000044   Code   RO         3339    i.FSMC_NORSRAM_Timing_Init  stm32f4xx_ll_fsmc.o
    0x08000e98   0x08000e98   0x0000018c   Code   RO         4954    i.HAL_ADC_ConfigChannel  stm32f4xx_hal_adc.o
    0x08001024   0x08001024   0x00000008   Code   RO         4961    i.HAL_ADC_GetValue  stm32f4xx_hal_adc.o
    0x0800102c   0x0800102c   0x00000068   Code   RO         4963    i.HAL_ADC_Init      stm32f4xx_hal_adc.o
    0x08001094   0x08001094   0x00000080   Code   RO         6054    i.HAL_ADC_MspInit   adc.o
    0x08001114   0x08001114   0x000000ce   Code   RO         4967    i.HAL_ADC_PollForConversion  stm32f4xx_hal_adc.o
    0x080011e2   0x080011e2   0x00000002   PAD
    0x080011e4   0x080011e4   0x0000014c   Code   RO         4969    i.HAL_ADC_Start     stm32f4xx_hal_adc.o
    0x08001330   0x08001330   0x000000aa   Code   RO         3458    i.HAL_DMA_Abort     stm32f4xx_hal_dma.o
    0x080013da   0x080013da   0x00000028   Code   RO         3459    i.HAL_DMA_Abort_IT  stm32f4xx_hal_dma.o
    0x08001402   0x08001402   0x00000002   PAD
    0x08001404   0x08001404   0x00000028   Code   RO          836    i.HAL_Delay         stm32f4xx_hal.o
    0x0800142c   0x0800142c   0x00000204   Code   RO         1158    i.HAL_GPIO_Init     stm32f4xx_hal_gpio.o
    0x08001630   0x08001630   0x00000010   Code   RO         1160    i.HAL_GPIO_ReadPin  stm32f4xx_hal_gpio.o
    0x08001640   0x08001640   0x00000014   Code   RO         1161    i.HAL_GPIO_TogglePin  stm32f4xx_hal_gpio.o
    0x08001654   0x08001654   0x0000000c   Code   RO         1162    i.HAL_GPIO_WritePin  stm32f4xx_hal_gpio.o
    0x08001660   0x08001660   0x0000000c   Code   RO          841    i.HAL_GetREVID      stm32f4xx_hal.o
    0x0800166c   0x0800166c   0x0000000c   Code   RO          842    i.HAL_GetTick       stm32f4xx_hal.o
    0x08001678   0x08001678   0x00000018   Code   RO          848    i.HAL_IncTick       stm32f4xx_hal.o
    0x08001690   0x08001690   0x00000030   Code   RO          849    i.HAL_Init          stm32f4xx_hal.o
    0x080016c0   0x080016c0   0x0000004c   Code   RO          850    i.HAL_InitTick      stm32f4xx_hal.o
    0x0800170c   0x0800170c   0x00000002   Code   RO          852    i.HAL_MspInit       stm32f4xx_hal.o
    0x0800170e   0x0800170e   0x00000020   Code   RO         1020    i.HAL_NVIC_EnableIRQ  stm32f4xx_hal_cortex.o
    0x0800172e   0x0800172e   0x0000007c   Code   RO         1026    i.HAL_NVIC_SetPriority  stm32f4xx_hal_cortex.o
    0x080017aa   0x080017aa   0x00000002   PAD
    0x080017ac   0x080017ac   0x00000028   Code   RO         1027    i.HAL_NVIC_SetPriorityGrouping  stm32f4xx_hal_cortex.o
    0x080017d4   0x080017d4   0x0000001c   Code   RO         1650    i.HAL_PWR_EnableBkUpAccess  stm32f4xx_hal_pwr.o
    0x080017f0   0x080017f0   0x000001a0   Code   RO         1327    i.HAL_RCCEx_PeriphCLKConfig  stm32f4xx_hal_rcc_ex.o
    0x08001990   0x08001990   0x00000184   Code   RO         1222    i.HAL_RCC_ClockConfig  stm32f4xx_hal_rcc.o
    0x08001b14   0x08001b14   0x0000000c   Code   RO         1227    i.HAL_RCC_GetHCLKFreq  stm32f4xx_hal_rcc.o
    0x08001b20   0x08001b20   0x00000020   Code   RO         1229    i.HAL_RCC_GetPCLK1Freq  stm32f4xx_hal_rcc.o
    0x08001b40   0x08001b40   0x00000020   Code   RO         1230    i.HAL_RCC_GetPCLK2Freq  stm32f4xx_hal_rcc.o
    0x08001b60   0x08001b60   0x000000b0   Code   RO         1231    i.HAL_RCC_GetSysClockFreq  stm32f4xx_hal_rcc.o
    0x08001c10   0x08001c10   0x0000049c   Code   RO         1234    i.HAL_RCC_OscConfig  stm32f4xx_hal_rcc.o
    0x080020ac   0x080020ac   0x00000002   Code   RO         5392    i.HAL_RTCEx_AlarmBEventCallback  stm32f4xx_hal_rtc_ex.o
    0x080020ae   0x080020ae   0x00000012   Code   RO         5393    i.HAL_RTCEx_BKUPRead  stm32f4xx_hal_rtc_ex.o
    0x080020c0   0x080020c0   0x00000012   Code   RO         5394    i.HAL_RTCEx_BKUPWrite  stm32f4xx_hal_rtc_ex.o
    0x080020d2   0x080020d2   0x00000002   PAD
    0x080020d4   0x080020d4   0x00000018   Code   RO         6517    i.HAL_RTCEx_WakeUpTimerEventCallback  rtc.o
    0x080020ec   0x080020ec   0x00000038   Code   RO         5426    i.HAL_RTCEx_WakeUpTimerIRQHandler  stm32f4xx_hal_rtc_ex.o
    0x08002124   0x08002124   0x00000018   Code   RO         6518    i.HAL_RTC_AlarmAEventCallback  rtc.o
    0x0800213c   0x0800213c   0x0000006c   Code   RO         5225    i.HAL_RTC_AlarmIRQHandler  stm32f4xx_hal_rtc.o
    0x080021a8   0x080021a8   0x0000004c   Code   RO         5234    i.HAL_RTC_GetDate   stm32f4xx_hal_rtc.o
    0x080021f4   0x080021f4   0x00000060   Code   RO         5236    i.HAL_RTC_GetTime   stm32f4xx_hal_rtc.o
    0x08002254   0x08002254   0x000000d8   Code   RO         5237    i.HAL_RTC_Init      stm32f4xx_hal_rtc.o
    0x0800232c   0x0800232c   0x000000c8   Code   RO         6519    i.HAL_RTC_MspInit   rtc.o
    0x080023f4   0x080023f4   0x00000104   Code   RO         5243    i.HAL_RTC_SetDate   stm32f4xx_hal_rtc.o
    0x080024f8   0x080024f8   0x0000012c   Code   RO         5244    i.HAL_RTC_SetTime   stm32f4xx_hal_rtc.o
    0x08002624   0x08002624   0x0000003a   Code   RO         5245    i.HAL_RTC_WaitForSynchro  stm32f4xx_hal_rtc.o
    0x0800265e   0x0800265e   0x00000002   PAD
    0x08002660   0x08002660   0x000000c8   Code   RO         4415    i.HAL_SD_ConfigWideBusOperation  stm32f4xx_hal_sd.o
    0x08002728   0x08002728   0x000001c8   Code   RO         4420    i.HAL_SD_GetCardCSD  stm32f4xx_hal_sd.o
    0x080028f0   0x080028f0   0x00000026   Code   RO         4421    i.HAL_SD_GetCardInfo  stm32f4xx_hal_sd.o
    0x08002916   0x08002916   0x00000024   Code   RO         4422    i.HAL_SD_GetCardState  stm32f4xx_hal_sd.o
    0x0800293a   0x0800293a   0x0000003c   Code   RO         4427    i.HAL_SD_Init       stm32f4xx_hal_sd.o
    0x08002976   0x08002976   0x00000002   PAD
    0x08002978   0x08002978   0x000000ac   Code   RO         4428    i.HAL_SD_InitCard   stm32f4xx_hal_sd.o
    0x08002a24   0x08002a24   0x00000168   Code   RO         6632    i.HAL_SD_MspInit    sdio_sdcard.o
    0x08002b8c   0x08002b8c   0x00000298   Code   RO         4431    i.HAL_SD_ReadBlocks  stm32f4xx_hal_sd.o
    0x08002e24   0x08002e24   0x00000230   Code   RO         4436    i.HAL_SD_WriteBlocks  stm32f4xx_hal_sd.o
    0x08003054   0x08003054   0x000000de   Code   RO         4078    i.HAL_SPI_Init      stm32f4xx_hal_spi.o
    0x08003132   0x08003132   0x00000002   PAD
    0x08003134   0x08003134   0x000000bc   Code   RO         6702    i.HAL_SPI_MspInit   spi.o
    0x080031f0   0x080031f0   0x000002d2   Code   RO         4087    i.HAL_SPI_TransmitReceive  stm32f4xx_hal_spi.o
    0x080034c2   0x080034c2   0x00000058   Code   RO         3213    i.HAL_SRAM_Init     stm32f4xx_hal_sram.o
    0x0800351a   0x0800351a   0x00000002   PAD
    0x0800351c   0x0800351c   0x000000a4   Code   RO         5644    i.HAL_SRAM_MspInit  lcd.o
    0x080035c0   0x080035c0   0x00000028   Code   RO         1029    i.HAL_SYSTICK_CLKSourceConfig  stm32f4xx_hal_cortex.o
    0x080035e8   0x080035e8   0x00000034   Code   RO         1031    i.HAL_SYSTICK_Config  stm32f4xx_hal_cortex.o
    0x0800361c   0x0800361c   0x00000002   Code   RO         2942    i.HAL_TIMEx_BreakCallback  stm32f4xx_hal_tim_ex.o
    0x0800361e   0x0800361e   0x00000002   Code   RO         2943    i.HAL_TIMEx_CommutCallback  stm32f4xx_hal_tim_ex.o
    0x08003620   0x08003620   0x00000066   Code   RO         2227    i.HAL_TIM_Base_Init  stm32f4xx_hal_tim.o
    0x08003686   0x08003686   0x00000002   PAD
    0x08003688   0x08003688   0x0000004c   Code   RO         6792    i.HAL_TIM_Base_MspInit  btim.o
    0x080036d4   0x080036d4   0x000000a8   Code   RO         2232    i.HAL_TIM_Base_Start_IT  stm32f4xx_hal_tim.o
    0x0800377c   0x0800377c   0x00000002   Code   RO         2261    i.HAL_TIM_IC_CaptureCallback  stm32f4xx_hal_tim.o
    0x0800377e   0x0800377e   0x00000196   Code   RO         2275    i.HAL_TIM_IRQHandler  stm32f4xx_hal_tim.o
    0x08003914   0x08003914   0x00000002   Code   RO         2278    i.HAL_TIM_OC_DelayElapsedCallback  stm32f4xx_hal_tim.o
    0x08003916   0x08003916   0x000000fc   Code   RO         2299    i.HAL_TIM_PWM_ConfigChannel  stm32f4xx_hal_tim.o
    0x08003a12   0x08003a12   0x00000066   Code   RO         2302    i.HAL_TIM_PWM_Init  stm32f4xx_hal_tim.o
    0x08003a78   0x08003a78   0x00000088   Code   RO         6747    i.HAL_TIM_PWM_MspInit  gtim.o
    0x08003b00   0x08003b00   0x00000002   Code   RO         2305    i.HAL_TIM_PWM_PulseFinishedCallback  stm32f4xx_hal_tim.o
    0x08003b02   0x08003b02   0x00000002   PAD
    0x08003b04   0x08003b04   0x0000010c   Code   RO         2307    i.HAL_TIM_PWM_Start  stm32f4xx_hal_tim.o
    0x08003c10   0x08003c10   0x00000068   Code   RO         6793    i.HAL_TIM_PeriodElapsedCallback  btim.o
    0x08003c78   0x08003c78   0x00000002   Code   RO         2318    i.HAL_TIM_TriggerCallback  stm32f4xx_hal_tim.o
    0x08003c7a   0x08003c7a   0x00000002   Code   RO         1828    i.HAL_UARTEx_RxEventCallback  stm32f4xx_hal_uart.o
    0x08003c7c   0x08003c7c   0x00000002   Code   RO         1842    i.HAL_UART_ErrorCallback  stm32f4xx_hal_uart.o
    0x08003c7e   0x08003c7e   0x00000002   PAD
    0x08003c80   0x08003c80   0x00000250   Code   RO         1845    i.HAL_UART_IRQHandler  stm32f4xx_hal_uart.o
    0x08003ed0   0x08003ed0   0x00000072   Code   RO         1846    i.HAL_UART_Init     stm32f4xx_hal_uart.o
    0x08003f42   0x08003f42   0x00000002   PAD
    0x08003f44   0x08003f44   0x000000cc   Code   RO          752    i.HAL_UART_MspInit  usart.o
    0x08004010   0x08004010   0x000000dc   Code   RO         1849    i.HAL_UART_Receive  stm32f4xx_hal_uart.o
    0x080040ec   0x080040ec   0x00000042   Code   RO         1851    i.HAL_UART_Receive_IT  stm32f4xx_hal_uart.o
    0x0800412e   0x0800412e   0x00000002   PAD
    0x08004130   0x08004130   0x0000009c   Code   RO          753    i.HAL_UART_RxCpltCallback  usart.o
    0x080041cc   0x080041cc   0x00000002   Code   RO         1857    i.HAL_UART_TxCpltCallback  stm32f4xx_hal_uart.o
    0x080041ce   0x080041ce   0x00000004   Code   RO          348    i.HardFault_Handler  stm32f4xx_it.o
    0x080041d2   0x080041d2   0x00000004   Code   RO          349    i.MemManage_Handler  stm32f4xx_it.o
    0x080041d6   0x080041d6   0x00000002   Code   RO          350    i.NMI_Handler       stm32f4xx_it.o
    0x080041d8   0x080041d8   0x00000010   Code   RO         6520    i.RTC_Alarm_IRQHandler  rtc.o
    0x080041e8   0x080041e8   0x00000016   Code   RO         5246    i.RTC_Bcd2ToByte    stm32f4xx_hal_rtc.o
    0x080041fe   0x080041fe   0x0000001a   Code   RO         5247    i.RTC_ByteToBcd2    stm32f4xx_hal_rtc.o
    0x08004218   0x08004218   0x0000003e   Code   RO         5248    i.RTC_EnterInitMode  stm32f4xx_hal_rtc.o
    0x08004256   0x08004256   0x00000002   PAD
    0x08004258   0x08004258   0x00000010   Code   RO         6521    i.RTC_WKUP_IRQHandler  rtc.o
    0x08004268   0x08004268   0x0000002c   Code   RO         4667    i.SDIO_ConfigData   stm32f4xx_ll_sdmmc.o
    0x08004294   0x08004294   0x00000008   Code   RO         4668    i.SDIO_GetCommandResponse  stm32f4xx_ll_sdmmc.o
    0x0800429c   0x0800429c   0x0000000a   Code   RO         4671    i.SDIO_GetPowerState  stm32f4xx_ll_sdmmc.o
    0x080042a6   0x080042a6   0x0000000c   Code   RO         4672    i.SDIO_GetResponse  stm32f4xx_ll_sdmmc.o
    0x080042b2   0x080042b2   0x00000034   Code   RO         4673    i.SDIO_Init         stm32f4xx_ll_sdmmc.o
    0x080042e6   0x080042e6   0x00000012   Code   RO         4675    i.SDIO_PowerState_ON  stm32f4xx_ll_sdmmc.o
    0x080042f8   0x080042f8   0x00000008   Code   RO         4676    i.SDIO_ReadFIFO     stm32f4xx_ll_sdmmc.o
    0x08004300   0x08004300   0x00000028   Code   RO         4677    i.SDIO_SendCommand  stm32f4xx_ll_sdmmc.o
    0x08004328   0x08004328   0x0000000c   Code   RO         4679    i.SDIO_WriteFIFO    stm32f4xx_ll_sdmmc.o
    0x08004334   0x08004334   0x00000038   Code   RO         4680    i.SDMMC_CmdAppCommand  stm32f4xx_ll_sdmmc.o
    0x0800436c   0x0800436c   0x0000003c   Code   RO         4681    i.SDMMC_CmdAppOperCommand  stm32f4xx_ll_sdmmc.o
    0x080043a8   0x080043a8   0x00000038   Code   RO         4682    i.SDMMC_CmdBlockLength  stm32f4xx_ll_sdmmc.o
    0x080043e0   0x080043e0   0x00000038   Code   RO         4683    i.SDMMC_CmdBusWidth  stm32f4xx_ll_sdmmc.o
    0x08004418   0x08004418   0x0000002c   Code   RO         4687    i.SDMMC_CmdGoIdleState  stm32f4xx_ll_sdmmc.o
    0x08004444   0x08004444   0x00000034   Code   RO         4689    i.SDMMC_CmdOperCond  stm32f4xx_ll_sdmmc.o
    0x08004478   0x08004478   0x00000038   Code   RO         4690    i.SDMMC_CmdReadMultiBlock  stm32f4xx_ll_sdmmc.o
    0x080044b0   0x080044b0   0x00000038   Code   RO         4691    i.SDMMC_CmdReadSingleBlock  stm32f4xx_ll_sdmmc.o
    0x080044e8   0x080044e8   0x0000003a   Code   RO         4694    i.SDMMC_CmdSelDesel  stm32f4xx_ll_sdmmc.o
    0x08004522   0x08004522   0x00000032   Code   RO         4695    i.SDMMC_CmdSendCID  stm32f4xx_ll_sdmmc.o
    0x08004554   0x08004554   0x00000032   Code   RO         4696    i.SDMMC_CmdSendCSD  stm32f4xx_ll_sdmmc.o
    0x08004586   0x08004586   0x00000038   Code   RO         4698    i.SDMMC_CmdSendSCR  stm32f4xx_ll_sdmmc.o
    0x080045be   0x080045be   0x00000038   Code   RO         4699    i.SDMMC_CmdSendStatus  stm32f4xx_ll_sdmmc.o
    0x080045f6   0x080045f6   0x00000038   Code   RO         4700    i.SDMMC_CmdSetRelAdd  stm32f4xx_ll_sdmmc.o
    0x0800462e   0x0800462e   0x00000002   PAD
    0x08004630   0x08004630   0x0000003c   Code   RO         4702    i.SDMMC_CmdStopTransfer  stm32f4xx_ll_sdmmc.o
    0x0800466c   0x0800466c   0x00000038   Code   RO         4704    i.SDMMC_CmdWriteMultiBlock  stm32f4xx_ll_sdmmc.o
    0x080046a4   0x080046a4   0x00000038   Code   RO         4705    i.SDMMC_CmdWriteSingleBlock  stm32f4xx_ll_sdmmc.o
    0x080046dc   0x080046dc   0x00000040   Code   RO         4706    i.SDMMC_GetCmdError  stm32f4xx_ll_sdmmc.o
    0x0800471c   0x0800471c   0x000001ac   Code   RO         4707    i.SDMMC_GetCmdResp1  stm32f4xx_ll_sdmmc.o
    0x080048c8   0x080048c8   0x00000064   Code   RO         4708    i.SDMMC_GetCmdResp2  stm32f4xx_ll_sdmmc.o
    0x0800492c   0x0800492c   0x00000058   Code   RO         4709    i.SDMMC_GetCmdResp3  stm32f4xx_ll_sdmmc.o
    0x08004984   0x08004984   0x000000b8   Code   RO         4710    i.SDMMC_GetCmdResp6  stm32f4xx_ll_sdmmc.o
    0x08004a3c   0x08004a3c   0x0000006c   Code   RO         4711    i.SDMMC_GetCmdResp7  stm32f4xx_ll_sdmmc.o
    0x08004aa8   0x08004aa8   0x00000142   Code   RO         4444    i.SD_FindSCR        stm32f4xx_hal_sd.o
    0x08004bea   0x08004bea   0x00000102   Code   RO         4445    i.SD_InitCard       stm32f4xx_hal_sd.o
    0x08004cec   0x08004cec   0x000000cc   Code   RO         4447    i.SD_PowerON        stm32f4xx_hal_sd.o
    0x08004db8   0x08004db8   0x00000030   Code   RO         4450    i.SD_SendStatus     stm32f4xx_hal_sd.o
    0x08004de8   0x08004de8   0x00000068   Code   RO         4451    i.SD_WideBus_Disable  stm32f4xx_hal_sd.o
    0x08004e50   0x08004e50   0x00000068   Code   RO         4452    i.SD_WideBus_Enable  stm32f4xx_hal_sd.o
    0x08004eb8   0x08004eb8   0x0000006c   Code   RO         4118    i.SPI_EndRxTxTransaction  stm32f4xx_hal_spi.o
    0x08004f24   0x08004f24   0x000000d8   Code   RO         4125    i.SPI_WaitFlagStateUntilTimeout  stm32f4xx_hal_spi.o
    0x08004ffc   0x08004ffc   0x000000de   Code   RO         9536    i.SRAM_GPIO_Set     XMRAM.lib(xmram.o)
    0x080050da   0x080050da   0x00000014   Code   RO          635    i.SysTick_Handler   delay.o
    0x080050ee   0x080050ee   0x00000002   PAD
    0x080050f0   0x080050f0   0x00000014   Code   RO          553    i.SystemInit        system_stm32f4xx.o
    0x08005104   0x08005104   0x00000030   Code   RO         6748    i.TIM3_IRQHandler   gtim.o
    0x08005134   0x08005134   0x00000010   Code   RO         6794    i.TIM6_DAC_IRQHandler  btim.o
    0x08005144   0x08005144   0x000000d8   Code   RO         2320    i.TIM_Base_SetConfig  stm32f4xx_hal_tim.o
    0x0800521c   0x0800521c   0x00000022   Code   RO         2321    i.TIM_CCxChannelCmd  stm32f4xx_hal_tim.o
    0x0800523e   0x0800523e   0x00000002   PAD
    0x08005240   0x08005240   0x00000070   Code   RO         2333    i.TIM_OC1_SetConfig  stm32f4xx_hal_tim.o
    0x080052b0   0x080052b0   0x0000007c   Code   RO         2334    i.TIM_OC2_SetConfig  stm32f4xx_hal_tim.o
    0x0800532c   0x0800532c   0x00000078   Code   RO         2335    i.TIM_OC3_SetConfig  stm32f4xx_hal_tim.o
    0x080053a4   0x080053a4   0x00000054   Code   RO         2336    i.TIM_OC4_SetConfig  stm32f4xx_hal_tim.o
    0x080053f8   0x080053f8   0x00000014   Code   RO         1859    i.UART_DMAAbortOnError  stm32f4xx_hal_uart.o
    0x0800540c   0x0800540c   0x00000036   Code   RO         1869    i.UART_EndRxTransfer  stm32f4xx_hal_uart.o
    0x08005442   0x08005442   0x00000020   Code   RO         1870    i.UART_EndTransmit_IT  stm32f4xx_hal_uart.o
    0x08005462   0x08005462   0x000000be   Code   RO         1872    i.UART_Receive_IT   stm32f4xx_hal_uart.o
    0x08005520   0x08005520   0x0000022c   Code   RO         1873    i.UART_SetConfig    stm32f4xx_hal_uart.o
    0x0800574c   0x0800574c   0x00000046   Code   RO         1875    i.UART_Start_Receive_IT  stm32f4xx_hal_uart.o
    0x08005792   0x08005792   0x00000060   Code   RO         1876    i.UART_Transmit_IT  stm32f4xx_hal_uart.o
    0x080057f2   0x080057f2   0x0000006c   Code   RO         1877    i.UART_WaitOnFlagUntilTimeout  stm32f4xx_hal_uart.o
    0x0800585e   0x0800585e   0x00000002   PAD
    0x08005860   0x08005860   0x00000010   Code   RO          754    i.USART1_IRQHandler  usart.o
    0x08005870   0x08005870   0x00000104   Code   RO         6960    i.USART3_IRQHandler  atk_mw8266d_uart.o
    0x08005974   0x08005974   0x00000004   Code   RO          351    i.UsageFault_Handler  stm32f4xx_it.o
    0x08005978   0x08005978   0x00000030   Code   RO         9537    i.XmRamInit         XMRAM.lib(xmram.o)
    0x080059a8   0x080059a8   0x00000010   Code   RO         1033    i.__NVIC_GetPriorityGrouping  stm32f4xx_hal_cortex.o
    0x080059b8   0x080059b8   0x00000028   Code   RO         1034    i.__NVIC_SetPriority  stm32f4xx_hal_cortex.o
    0x080059e0   0x080059e0   0x0000000e   Code   RO         9680    i._is_digit         c_w.l(__printf_wp.o)
    0x080059ee   0x080059ee   0x00000004   Code   RO          756    i._sys_exit         usart.o
    0x080059f2   0x080059f2   0x0000001e   Code   RO         6055    i.adc_channel_set   adc.o
    0x08005a10   0x08005a10   0x0000002c   Code   RO         6058    i.adc_get_result    adc.o
    0x08005a3c   0x08005a3c   0x0000002c   Code   RO         6059    i.adc_get_result_average  adc.o
    0x08005a68   0x08005a68   0x000000b4   Code   RO         6060    i.adc_get_temperature  adc.o
    0x08005b1c   0x08005b1c   0x00000048   Code   RO         6061    i.adc_init          adc.o
    0x08005b64   0x08005b64   0x00000020   Code   RO         6065    i.adc_temperature_init  adc.o
    0x08005b84   0x08005b84   0x00000078   Code   RO         9538    i.addr_out          XMRAM.lib(xmram.o)
    0x08005bfc   0x08005bfc   0x0000002c   Code   RO         6795    i.btim_timx_int_init  btim.o
    0x08005c28   0x08005c28   0x0000008a   Code   RO         8786    i.change_bitmap     ff.o
    0x08005cb2   0x08005cb2   0x00000002   PAD
    0x08005cb4   0x08005cb4   0x00000104   Code   RO         8787    i.check_fs          ff.o
    0x08005db8   0x08005db8   0x0000001a   Code   RO         8789    i.clst2sect         ff.o
    0x08005dd2   0x08005dd2   0x000001cc   Code   RO         8791    i.create_chain      ff.o
    0x08005f9e   0x08005f9e   0x0000015a   Code   RO         8793    i.create_partition  ff.o
    0x080060f8   0x080060f8   0x00000058   Code   RO         9539    i.dataout           XMRAM.lib(xmram.o)
    0x08006150   0x08006150   0x00000034   Code   RO         8795    i.dbc_1st           ff.o
    0x08006184   0x08006184   0x00000048   Code   RO         8796    i.dbc_2nd           ff.o
    0x080061cc   0x080061cc   0x00000038   Code   RO          636    i.delay_init        delay.o
    0x08006204   0x08006204   0x00000018   Code   RO          637    i.delay_ms          delay.o
    0x0800621c   0x0800621c   0x00000048   Code   RO          638    i.delay_us          delay.o
    0x08006264   0x08006264   0x0000007c   Code   RO         8797    i.dir_alloc         ff.o
    0x080062e0   0x080062e0   0x000000c2   Code   RO         8798    i.dir_clear         ff.o
    0x080063a2   0x080063a2   0x000000e0   Code   RO         8800    i.dir_next          ff.o
    0x08006482   0x08006482   0x00000102   Code   RO         8801    i.dir_read          ff.o
    0x08006584   0x08006584   0x000000aa   Code   RO         8804    i.dir_sdi           ff.o
    0x0800662e   0x0800662e   0x0000002c   Code   RO         8738    i.disk_initialize   diskio.o
    0x0800665a   0x0800665a   0x00000002   PAD
    0x0800665c   0x0800665c   0x00000080   Code   RO         8739    i.disk_ioctl        diskio.o
    0x080066dc   0x080066dc   0x0000007e   Code   RO         8740    i.disk_read         diskio.o
    0x0800675a   0x0800675a   0x00000006   Code   RO         8741    i.disk_status       diskio.o
    0x08006760   0x08006760   0x0000007e   Code   RO         8742    i.disk_write        diskio.o
    0x080067de   0x080067de   0x00000040   Code   RO         6181    i.es8388_adda_cfg   es8388.o
    0x0800681e   0x0800681e   0x0000001c   Code   RO         6183    i.es8388_hpvol_set  es8388.o
    0x0800683a   0x0800683a   0x000000c6   Code   RO         6185    i.es8388_init       es8388.o
    0x08006900   0x08006900   0x00000026   Code   RO         6188    i.es8388_output_cfg  es8388.o
    0x08006926   0x08006926   0x0000001c   Code   RO         6190    i.es8388_spkvol_set  es8388.o
    0x08006942   0x08006942   0x00000042   Code   RO         6191    i.es8388_write_reg  es8388.o
    0x08006984   0x08006984   0x00000044   Code   RO         8497    i.exfuns_init       exfuns.o
    0x080069c8   0x080069c8   0x00000dfc   Code   RO         8812    i.f_mkfs            ff.o
    0x080077c4   0x080077c4   0x00000054   Code   RO         8813    i.f_mount           ff.o
    0x08007818   0x08007818   0x000001ec   Code   RO         8822    i.f_setlabel        ff.o
    0x08007a04   0x08007a04   0x0000000e   Code   RO         9236    i.ff_memalloc       ffsystem.o
    0x08007a12   0x08007a12   0x0000000e   Code   RO         9237    i.ff_memfree        ffsystem.o
    0x08007a20   0x08007a20   0x00000068   Code   RO         9269    i.ff_oem2uni        ffunicode.o
    0x08007a88   0x08007a88   0x00000074   Code   RO         9270    i.ff_uni2oem        ffunicode.o
    0x08007afc   0x08007afc   0x000000b0   Code   RO         9271    i.ff_wtoupper       ffunicode.o
    0x08007bac   0x08007bac   0x00000044   Code   RO         8829    i.fill_last_frag    ff.o
    0x08007bf0   0x08007bf0   0x000000a4   Code   RO         8830    i.find_bitmap       ff.o
    0x08007c94   0x08007c94   0x00000078   Code   RO         8831    i.find_volume       ff.o
    0x08007d0c   0x08007d0c   0x0000001c   Code   RO          758    i.fputc             usart.o
    0x08007d28   0x08007d28   0x000000ac   Code   RO          589    i.freertos_APP      freertos_app.o
    0x08007dd4   0x08007dd4   0x00000194   Code   RO         8834    i.get_fat           ff.o
    0x08007f68   0x08007f68   0x00000004   Code   RO         9238    i.get_fattime       ffsystem.o
    0x08007f6c   0x08007f6c   0x0000004e   Code   RO         8836    i.get_ldnumber      ff.o
    0x08007fba   0x08007fba   0x00000002   PAD
    0x08007fbc   0x08007fbc   0x00000018   Code   RO         6634    i.get_sd_card_state  sdio_sdcard.o
    0x08007fd4   0x08007fd4   0x00000054   Code   RO         6750    i.gtim_timx_pwm_chy_init  gtim.o
    0x08008028   0x08008028   0x0000000a   Code   RO         6348    i.iic_delay         myiic.o
    0x08008032   0x08008032   0x00000002   PAD
    0x08008034   0x08008034   0x00000084   Code   RO         6349    i.iic_init          myiic.o
    0x080080b8   0x080080b8   0x00000070   Code   RO         6352    i.iic_send_byte     myiic.o
    0x08008128   0x08008128   0x00000050   Code   RO         6353    i.iic_start         myiic.o
    0x08008178   0x08008178   0x00000040   Code   RO         6354    i.iic_stop          myiic.o
    0x080081b8   0x080081b8   0x00000068   Code   RO         6355    i.iic_wait_ack      myiic.o
    0x08008220   0x08008220   0x000000fc   Code   RO         5905    i.key_init          key.o
    0x0800831c   0x0800831c   0x00000034   Code   RO         5645    i.lcd_clear         lcd.o
    0x08008350   0x08008350   0x0000016c   Code   RO         5647    i.lcd_display_dir   lcd.o
    0x080084bc   0x080084bc   0x00000020   Code   RO         5653    i.lcd_draw_point    lcd.o
    0x080084dc   0x080084dc   0x0000022c   Code   RO         5655    i.lcd_ex_ili9341_reginit  lcd.o
    0x08008708   0x08008708   0x00000340   Code   RO         5656    i.lcd_ex_ili9806_reginit  lcd.o
    0x08008a48   0x08008a48   0x00000ef2   Code   RO         5657    i.lcd_ex_nt35310_reginit  lcd.o
    0x0800993a   0x0800993a   0x00000efc   Code   RO         5658    i.lcd_ex_nt35510_reginit  lcd.o
    0x0800a836   0x0800a836   0x0000016e   Code   RO         5659    i.lcd_ex_ssd1963_reginit  lcd.o
    0x0800a9a4   0x0800a9a4   0x000001a8   Code   RO         5660    i.lcd_ex_st7789_reginit  lcd.o
    0x0800ab4c   0x0800ab4c   0x000001c6   Code   RO         5661    i.lcd_ex_st7796_reginit  lcd.o
    0x0800ad12   0x0800ad12   0x00000002   PAD
    0x0800ad14   0x0800ad14   0x00000514   Code   RO         5664    i.lcd_init          lcd.o
    0x0800b228   0x0800b228   0x0000000c   Code   RO         5665    i.lcd_opt_delay     lcd.o
    0x0800b234   0x0800b234   0x00000016   Code   RO         5666    i.lcd_pow           lcd.o
    0x0800b24a   0x0800b24a   0x00000002   PAD
    0x0800b24c   0x0800b24c   0x00000018   Code   RO         5667    i.lcd_rd_data       lcd.o
    0x0800b264   0x0800b264   0x0000023c   Code   RO         5669    i.lcd_scan_dir      lcd.o
    0x0800b4a0   0x0800b4a0   0x00000120   Code   RO         5670    i.lcd_set_cursor    lcd.o
    0x0800b5c0   0x0800b5c0   0x00000140   Code   RO         5672    i.lcd_show_char     lcd.o
    0x0800b700   0x0800b700   0x00000098   Code   RO         5673    i.lcd_show_num      lcd.o
    0x0800b798   0x0800b798   0x0000006a   Code   RO         5674    i.lcd_show_string   lcd.o
    0x0800b802   0x0800b802   0x000000c6   Code   RO         5675    i.lcd_show_xnum     lcd.o
    0x0800b8c8   0x0800b8c8   0x00000060   Code   RO         5676    i.lcd_ssd_backlight_set  lcd.o
    0x0800b928   0x0800b928   0x00000018   Code   RO         5677    i.lcd_wr_data       lcd.o
    0x0800b940   0x0800b940   0x00000018   Code   RO         5678    i.lcd_wr_regno      lcd.o
    0x0800b958   0x0800b958   0x00000014   Code   RO         5679    i.lcd_write_ram_prepare  lcd.o
    0x0800b96c   0x0800b96c   0x00000014   Code   RO         5680    i.lcd_write_reg     lcd.o
    0x0800b980   0x0800b980   0x00000018   Code   RO         8839    i.ld_dword          ff.o
    0x0800b998   0x0800b998   0x00000062   Code   RO         8840    i.ld_qword          ff.o
    0x0800b9fa   0x0800b9fa   0x0000000c   Code   RO         8841    i.ld_word           ff.o
    0x0800ba06   0x0800ba06   0x00000002   PAD
    0x0800ba08   0x0800ba08   0x00000098   Code   RO         5620    i.led_init          led.o
    0x0800baa0   0x0800baa0   0x0000010e   Code   RO         8843    i.load_xdir         ff.o
    0x0800bbae   0x0800bbae   0x00000002   PAD
    0x0800bbb0   0x0800bbb0   0x00000118   Code   RO           13    i.main              main.o
    0x0800bcc8   0x0800bcc8   0x00000020   Code   RO         8572    i.mf_free           fattester.o
    0x0800bce8   0x0800bce8   0x00000040   Code   RO         8575    i.mf_init           fattester.o
    0x0800bd28   0x0800bd28   0x00000474   Code   RO         8844    i.mount_volume      ff.o
    0x0800c19c   0x0800c19c   0x00000034   Code   RO         8845    i.move_window       ff.o
    0x0800c1d0   0x0800c1d0   0x0000006c   Code   RO         7023    i.my_mem_free       malloc.o
    0x0800c23c   0x0800c23c   0x00000044   Code   RO         7024    i.my_mem_init       malloc.o
    0x0800c280   0x0800c280   0x000000a8   Code   RO         7025    i.my_mem_malloc     malloc.o
    0x0800c328   0x0800c328   0x00000040   Code   RO         7026    i.my_mem_perused    malloc.o
    0x0800c368   0x0800c368   0x00000024   Code   RO         7027    i.myfree            malloc.o
    0x0800c38c   0x0800c38c   0x00000028   Code   RO         7028    i.mymalloc          malloc.o
    0x0800c3b4   0x0800c3b4   0x00000014   Code   RO         7030    i.mymemset          malloc.o
    0x0800c3c8   0x0800c3c8   0x00000044   Code   RO         6419    i.norflash_erase_sector  norflash.o
    0x0800c40c   0x0800c40c   0x000000c0   Code   RO         6420    i.norflash_init     norflash.o
    0x0800c4cc   0x0800c4cc   0x00000050   Code   RO         6421    i.norflash_read     norflash.o
    0x0800c51c   0x0800c51c   0x00000050   Code   RO         6422    i.norflash_read_id  norflash.o
    0x0800c56c   0x0800c56c   0x0000005c   Code   RO         6423    i.norflash_read_sr  norflash.o
    0x0800c5c8   0x0800c5c8   0x00000034   Code   RO         6424    i.norflash_send_address  norflash.o
    0x0800c5fc   0x0800c5fc   0x00000014   Code   RO         6425    i.norflash_wait_busy  norflash.o
    0x0800c610   0x0800c610   0x000000b8   Code   RO         6426    i.norflash_write    norflash.o
    0x0800c6c8   0x0800c6c8   0x0000002c   Code   RO         6427    i.norflash_write_enable  norflash.o
    0x0800c6f4   0x0800c6f4   0x00000046   Code   RO         6428    i.norflash_write_nocheck  norflash.o
    0x0800c73a   0x0800c73a   0x00000002   PAD
    0x0800c73c   0x0800c73c   0x00000058   Code   RO         6429    i.norflash_write_page  norflash.o
    0x0800c794   0x0800c794   0x00000058   Code   RO         6430    i.norflash_write_sr  norflash.o
    0x0800c7ec   0x0800c7ec   0x0000008c   Code   RO         8846    i.pick_lfn          ff.o
    0x0800c878   0x0800c878   0x000000cc   Code   RO         7732    i.prvAddCurrentTaskToDelayedList  tasks.o
    0x0800c944   0x0800c944   0x000000ec   Code   RO         7733    i.prvAddNewTaskToReadyList  tasks.o
    0x0800ca30   0x0800ca30   0x00000064   Code   RO         8157    i.prvCheckForValidListAndQueue  timers.o
    0x0800ca94   0x0800ca94   0x00000048   Code   RO         7734    i.prvCheckTasksWaitingTermination  tasks.o
    0x0800cadc   0x0800cadc   0x0000002a   Code   RO         7302    i.prvCopyDataFromQueue  queue.o
    0x0800cb06   0x0800cb06   0x0000007e   Code   RO         7303    i.prvCopyDataToQueue  queue.o
    0x0800cb84   0x0800cb84   0x00000012   Code   RO         7735    i.prvDeleteTCB      tasks.o
    0x0800cb96   0x0800cb96   0x00000002   PAD
    0x0800cb98   0x0800cb98   0x00000028   Code   RO         8158    i.prvGetNextExpireTime  timers.o
    0x0800cbc0   0x0800cbc0   0x0000007c   Code   RO         8334    i.prvHeapInit       heap_4.o
    0x0800cc3c   0x0800cc3c   0x00000028   Code   RO         7736    i.prvIdleTask       tasks.o
    0x0800cc64   0x0800cc64   0x0000002e   Code   RO         7306    i.prvInitialiseNewQueue  queue.o
    0x0800cc92   0x0800cc92   0x00000002   PAD
    0x0800cc94   0x0800cc94   0x00000104   Code   RO         7737    i.prvInitialiseNewTask  tasks.o
    0x0800cd98   0x0800cd98   0x00000068   Code   RO         7738    i.prvInitialiseTaskLists  tasks.o
    0x0800ce00   0x0800ce00   0x00000068   Code   RO         8335    i.prvInsertBlockIntoFreeList  heap_4.o
    0x0800ce68   0x0800ce68   0x00000058   Code   RO         8160    i.prvInsertTimerInActiveList  timers.o
    0x0800cec0   0x0800cec0   0x0000001a   Code   RO         7307    i.prvIsQueueEmpty   queue.o
    0x0800ceda   0x0800ceda   0x00000002   PAD
    0x0800cedc   0x0800cedc   0x000000c4   Code   RO         7309    i.prvNotifyQueueSetContainer  queue.o
    0x0800cfa0   0x0800cfa0   0x00000044   Code   RO         8161    i.prvProcessExpiredTimer  timers.o
    0x0800cfe4   0x0800cfe4   0x0000016c   Code   RO         8162    i.prvProcessReceivedCommands  timers.o
    0x0800d150   0x0800d150   0x00000074   Code   RO         8163    i.prvProcessTimerOrBlockTask  timers.o
    0x0800d1c4   0x0800d1c4   0x00000028   Code   RO         8164    i.prvReloadTimer    timers.o
    0x0800d1ec   0x0800d1ec   0x00000030   Code   RO         7740    i.prvResetNextTaskUnblockTime  tasks.o
    0x0800d21c   0x0800d21c   0x0000002c   Code   RO         8165    i.prvSampleTimeNow  timers.o
    0x0800d248   0x0800d248   0x00000044   Code   RO         8166    i.prvSwitchTimerLists  timers.o
    0x0800d28c   0x0800d28c   0x00000080   Code   RO         8402    i.prvTaskExitError  port.o
    0x0800d30c   0x0800d30c   0x0000001a   Code   RO         8167    i.prvTimerTask      timers.o
    0x0800d326   0x0800d326   0x00000090   Code   RO         7310    i.prvUnlockQueue    queue.o
    0x0800d3b6   0x0800d3b6   0x00000144   Code   RO         8847    i.put_fat           ff.o
    0x0800d4fa   0x0800d4fa   0x00000002   PAD
    0x0800d4fc   0x0800d4fc   0x00000194   Code   RO         8336    i.pvPortMalloc      heap_4.o
    0x0800d690   0x0800d690   0x0000002c   Code   RO         8403    i.pxPortInitialiseStack  port.o
    0x0800d6bc   0x0800d6bc   0x00000034   Code   RO         6522    i.rtc_get_date      rtc.o
    0x0800d6f0   0x0800d6f0   0x00000038   Code   RO         6523    i.rtc_get_time      rtc.o
    0x0800d728   0x0800d728   0x00000098   Code   RO         6525    i.rtc_init          rtc.o
    0x0800d7c0   0x0800d7c0   0x00000018   Code   RO         6526    i.rtc_read_bkr      rtc.o
    0x0800d7d8   0x0800d7d8   0x0000002c   Code   RO         6528    i.rtc_set_date      rtc.o
    0x0800d804   0x0800d804   0x00000034   Code   RO         6529    i.rtc_set_time      rtc.o
    0x0800d838   0x0800d838   0x0000001c   Code   RO         6531    i.rtc_write_bkr     rtc.o
    0x0800d854   0x0800d854   0x00000054   Code   RO         6635    i.sd_init           sdio_sdcard.o
    0x0800d8a8   0x0800d8a8   0x00000050   Code   RO         6636    i.sd_read_disk      sdio_sdcard.o
    0x0800d8f8   0x0800d8f8   0x00000050   Code   RO         6637    i.sd_write_disk     sdio_sdcard.o
    0x0800d948   0x0800d948   0x00000080   Code   RO         6703    i.spi1_init         spi.o
    0x0800d9c8   0x0800d9c8   0x00000020   Code   RO         6704    i.spi1_read_write_byte  spi.o
    0x0800d9e8   0x0800d9e8   0x00000048   Code   RO         6705    i.spi1_set_speed    spi.o
    0x0800da30   0x0800da30   0x000001f4   Code   RO         5936    i.sram_init         sram.o
    0x0800dc24   0x0800dc24   0x000000a0   Code   RO         9540    i.sram_init         XMRAM.lib(xmram.o)
    0x0800dcc4   0x0800dcc4   0x000001e0   Code   RO         9541    i.sram_reg_read     XMRAM.lib(xmram.o)
    0x0800dea4   0x0800dea4   0x000000e4   Code   RO         9542    i.sram_reg_write    XMRAM.lib(xmram.o)
    0x0800df88   0x0800df88   0x00000018   Code   RO         8855    i.st_dword          ff.o
    0x0800dfa0   0x0800dfa0   0x0000005c   Code   RO         8856    i.st_qword          ff.o
    0x0800dffc   0x0800dffc   0x0000000c   Code   RO         8857    i.st_word           ff.o
    0x0800e008   0x0800e008   0x00000064   Code   RO          590    i.start_task        freertos_app.o
    0x0800e06c   0x0800e06c   0x00000020   Code   RO         8859    i.sum_sfn           ff.o
    0x0800e08c   0x0800e08c   0x0000008c   Code   RO         8860    i.sync_fs           ff.o
    0x0800e118   0x0800e118   0x0000004a   Code   RO         8861    i.sync_window       ff.o
    0x0800e162   0x0800e162   0x00000002   PAD
    0x0800e164   0x0800e164   0x000000cc   Code   RO          685    i.sys_stm32_clock_init  sys.o
    0x0800e230   0x0800e230   0x00000214   Code   RO          591    i.task1             freertos_app.o
    0x0800e444   0x0800e444   0x000000e8   Code   RO          592    i.task2             freertos_app.o
    0x0800e52c   0x0800e52c   0x0000004c   Code   RO         8862    i.tchar2uni         ff.o
    0x0800e578   0x0800e578   0x00000038   Code   RO          759    i.usart_init        usart.o
    0x0800e5b0   0x0800e5b0   0x00000028   Code   RO         7250    i.uxListRemove      list.o
    0x0800e5d8   0x0800e5d8   0x0000001a   Code   RO         7251    i.vListInitialise   list.o
    0x0800e5f2   0x0800e5f2   0x00000006   Code   RO         7252    i.vListInitialiseItem  list.o
    0x0800e5f8   0x0800e5f8   0x00000034   Code   RO         7253    i.vListInsert       list.o
    0x0800e62c   0x0800e62c   0x00000018   Code   RO         7254    i.vListInsertEnd    list.o
    0x0800e644   0x0800e644   0x00000098   Code   RO         8405    i.vPortEnterCritical  port.o
    0x0800e6dc   0x0800e6dc   0x00000080   Code   RO         8406    i.vPortExitCritical  port.o
    0x0800e75c   0x0800e75c   0x000000d8   Code   RO         8337    i.vPortFree         heap_4.o
    0x0800e834   0x0800e834   0x00000028   Code   RO         8407    i.vPortSetupTimerInterrupt  port.o
    0x0800e85c   0x0800e85c   0x0000008c   Code   RO         7316    i.vQueueAddToRegistry  queue.o
    0x0800e8e8   0x0800e8e8   0x0000004a   Code   RO         7320    i.vQueueWaitForMessageRestricted  queue.o
    0x0800e932   0x0800e932   0x00000002   PAD
    0x0800e934   0x0800e934   0x00000084   Code   RO         7755    i.vTaskDelay        tasks.o
    0x0800e9b8   0x0800e9b8   0x00000124   Code   RO         7756    i.vTaskDelete       tasks.o
    0x0800eadc   0x0800eadc   0x00000018   Code   RO         7760    i.vTaskInternalSetTimeOutState  tasks.o
    0x0800eaf4   0x0800eaf4   0x0000000c   Code   RO         7762    i.vTaskMissedYield  tasks.o
    0x0800eb00   0x0800eb00   0x00000064   Code   RO         7763    i.vTaskPlaceOnEventList  tasks.o
    0x0800eb64   0x0800eb64   0x0000008c   Code   RO         7764    i.vTaskPlaceOnEventListRestricted  tasks.o
    0x0800ebf0   0x0800ebf0   0x000000c4   Code   RO         7772    i.vTaskStartScheduler  tasks.o
    0x0800ecb4   0x0800ecb4   0x00000010   Code   RO         7774    i.vTaskSuspendAll   tasks.o
    0x0800ecc4   0x0800ecc4   0x000000b8   Code   RO         7775    i.vTaskSwitchContext  tasks.o
    0x0800ed7c   0x0800ed7c   0x000001ac   Code   RO         8409    i.xPortStartScheduler  port.o
    0x0800ef28   0x0800ef28   0x00000034   Code   RO         8410    i.xPortSysTickHandler  port.o
    0x0800ef5c   0x0800ef5c   0x00000090   Code   RO         7325    i.xQueueGenericCreate  queue.o
    0x0800efec   0x0800efec   0x000000fc   Code   RO         7326    i.xQueueGenericReset  queue.o
    0x0800f0e8   0x0800f0e8   0x00000180   Code   RO         7335    i.xQueueReceive     queue.o
    0x0800f268   0x0800f268   0x000000cc   Code   RO         7778    i.xTaskCheckForTimeOut  tasks.o
    0x0800f334   0x0800f334   0x00000060   Code   RO         7779    i.xTaskCreate       tasks.o
    0x0800f394   0x0800f394   0x00000020   Code   RO         7788    i.xTaskGetSchedulerState  tasks.o
    0x0800f3b4   0x0800f3b4   0x0000000c   Code   RO         7789    i.xTaskGetTickCount  tasks.o
    0x0800f3c0   0x0800f3c0   0x000001e8   Code   RO         7791    i.xTaskIncrementTick  tasks.o
    0x0800f5a8   0x0800f5a8   0x00000110   Code   RO         7792    i.xTaskPriorityDisinherit  tasks.o
    0x0800f6b8   0x0800f6b8   0x0000014c   Code   RO         7794    i.xTaskRemoveFromEventList  tasks.o
    0x0800f804   0x0800f804   0x000001a0   Code   RO         7795    i.xTaskResumeAll    tasks.o
    0x0800f9a4   0x0800f9a4   0x00000080   Code   RO         8175    i.xTimerCreateTimerTask  timers.o
    0x0800fa24   0x0800fa24   0x0000003a   Code   RO         8864    i.xdir_sum          ff.o
    0x0800fa5e   0x0800fa5e   0x00000010   Code   RO         9543    i.xram_delay        XMRAM.lib(xmram.o)
    0x0800fa6e   0x0800fa6e   0x0000001a   Code   RO         8866    i.xsum32            ff.o
    0x0800fa88   0x0800fa88   0x00000150   Code   RO         9727    x$fpl$dadd          fz_wm.l(daddsub_clz.o)
    0x0800fbd8   0x0800fbd8   0x000002b0   Code   RO         9734    x$fpl$ddiv          fz_wm.l(ddiv.o)
    0x0800fe88   0x0800fe88   0x0000005e   Code   RO         9737    x$fpl$dfix          fz_wm.l(dfix.o)
    0x0800fee6   0x0800fee6   0x00000002   PAD
    0x0800fee8   0x0800fee8   0x0000005a   Code   RO         9741    x$fpl$dfixu         fz_wm.l(dfixu.o)
    0x0800ff42   0x0800ff42   0x00000026   Code   RO         9745    x$fpl$dfltu         fz_wm.l(dflt_clz.o)
    0x0800ff68   0x0800ff68   0x00000154   Code   RO         9751    x$fpl$dmul          fz_wm.l(dmul.o)
    0x080100bc   0x080100bc   0x0000009c   Code   RO         9804    x$fpl$dnaninf       fz_wm.l(dnaninf.o)
    0x08010158   0x08010158   0x0000000c   Code   RO         9806    x$fpl$dretinf       fz_wm.l(dretinf.o)
    0x08010164   0x08010164   0x000001d4   Code   RO         9729    x$fpl$dsub          fz_wm.l(daddsub_clz.o)
    0x08010338   0x08010338   0x00000056   Code   RO         9753    x$fpl$f2d           fz_wm.l(f2d.o)
    0x0801038e   0x0801038e   0x0000008c   Code   RO         9808    x$fpl$fnaninf       fz_wm.l(fnaninf.o)
    0x0801041a   0x0801041a   0x0000000a   Code   RO         9978    x$fpl$fpinit        fz_wm.l(fpinit.o)
    0x08010424   0x08010424   0x00000000   Code   RO         9818    x$fpl$usenofp       fz_wm.l(usenofp.o)
    0x08010424   0x08010424   0x00000018   Data   RO          554    .constdata          system_stm32f4xx.o
    0x0801043c   0x0801043c   0x00002f80   Data   RO         5682    .constdata          lcd.o
    0x080133bc   0x080133bc   0x00000024   Data   RO         7037    .constdata          malloc.o
    0x080133e0   0x080133e0   0x00000058   Data   RO         8867    .constdata          ff.o
    0x08013438   0x08013438   0x0002abb6   Data   RO         9272    .constdata          ffunicode.o
    0x0803dfee   0x0803dfee   0x00000028   Data   RO         9668    .constdata          c_w.l(_printf_hex_int_ll_ptr.o)
    0x0803e016   0x0803e016   0x00000011   Data   RO         9688    .constdata          c_w.l(__printf_flags_ss_wp.o)
    0x0803e027   0x0803e027   0x00000001   PAD
    0x0803e028   0x0803e028   0x00000020   Data   RO        10029    Region$$Table       anon$$obj.o


    Execution Region RW_IRAM1 (Exec base: 0x20000000, Load base: 0x0803e048, Size: 0x0001c7c8, Max: 0x00020000, ABSOLUTE)

    Exec Addr    Load Addr    Size         Type   Attr      Idx    E Section Name        Object

    0x20000000   0x0803e048   0x00000004   Data   RW          555    .data               system_stm32f4xx.o
    0x20000004   0x0803e04c   0x0000002c   Data   RW          594    .data               freertos_app.o
    0x20000030   0x0803e078   0x00000004   Data   RW          639    .data               delay.o
    0x20000034   0x0803e07c   0x00000007   Data   RW          761    .data               usart.o
    0x2000003b   0x0803e083   0x00000001   PAD
    0x2000003c   0x0803e084   0x00000009   Data   RW          856    .data               stm32f4xx_hal.o
    0x20000045   0x0803e08d   0x00000003   PAD
    0x20000048   0x0803e090   0x00000008   Data   RW         5683    .data               lcd.o
    0x20000050   0x0803e098   0x00000001   Data   RW         6067    .data               adc.o
    0x20000051   0x0803e099   0x00000003   PAD
    0x20000054   0x0803e09c   0x00000004   Data   RW         6283    .data               i2s.o
    0x20000058   0x0803e0a0   0x00000002   Data   RW         6432    .data               norflash.o
    0x2000005a   0x0803e0a2   0x00000001   Data   RW         6797    .data               btim.o
    0x2000005b   0x0803e0a3   0x00000001   PAD
    0x2000005c   0x0803e0a4   0x00000024   Data   RW         7038    .data               malloc.o
    0x20000080   0x0803e0c8   0x00000040   Data   RW         7798    .data               tasks.o
    0x200000c0   0x0803e108   0x00000014   Data   RW         8184    .data               timers.o
    0x200000d4   0x0803e11c   0x00000020   Data   RW         8343    .data               heap_4.o
    0x200000f4   0x0803e13c   0x0000000c   Data   RW         8411    .data               port.o
    0x20000100   0x0803e148   0x00000008   Data   RW         8500    .data               exfuns.o
    0x20000108   0x0803e150   0x0000000a   Data   RW         8868    .data               ff.o
    0x20000112   0x0803e15a   0x0000000a   Data   RW         9544    .data               XMRAM.lib(xmram.o)
    0x2000011c        -       0x00000028   Zero   RW          593    .bss                freertos_app.o
    0x20000144        -       0x0000010c   Zero   RW          760    .bss                usart.o
    0x20000250        -       0x0000005e   Zero   RW         5681    .bss                lcd.o
    0x200002ae   0x0803e164   0x00000002   PAD
    0x200002b0        -       0x00000050   Zero   RW         5941    .bss                sram.o
    0x20000300        -       0x00000150   Zero   RW         6066    .bss                adc.o
    0x20000450        -       0x000000a8   Zero   RW         6281    .bss                i2s.o
    0x200004f8        -       0x00001000   Zero   RW         6431    .bss                norflash.o
    0x200014f8        -       0x00000020   Zero   RW         6532    .bss                rtc.o
    0x20001518        -       0x000000a4   Zero   RW         6638    .bss                sdio_sdcard.o
    0x200015bc        -       0x00000058   Zero   RW         6706    .bss                spi.o
    0x20001614        -       0x00000090   Zero   RW         6751    .bss                gtim.o
    0x200016a4        -       0x00000048   Zero   RW         6796    .bss                btim.o
    0x200016ec        -       0x00000106   Zero   RW         6966    .bss                atk_mw8266d_uart.o
    0x200017f2   0x0803e164   0x0000000e   PAD
    0x20001800        -       0x00017e80   Zero   RW         7036    .bss                malloc.o
    0x20019680        -       0x00000040   Zero   RW         7342    .bss                queue.o
    0x200196c0        -       0x000002e4   Zero   RW         7797    .bss                tasks.o
    0x200199a4        -       0x00000028   Zero   RW         8183    .bss                timers.o
    0x200199cc        -       0x00002800   Zero   RW         8342    .bss                heap_4.o
    0x2001c1cc   0x0803e164   0x00000004   PAD
    0x2001c1d0        -       0x00000180   Zero   RW         8593    .bss                fattester.o
    0x2001c350        -       0x00000011   Zero   RW         9474    .bss                audioplay.o
    0x2001c361   0x0803e164   0x00000003   PAD
    0x2001c364        -       0x00000060   Zero   RW         9907    .bss                c_w.l(libspace.o)
    0x2001c3c4   0x0803e164   0x00000004   PAD
    0x2001c3c8        -       0x00000000   Zero   RW            2    HEAP                startup_stm32f407xx.o
    0x2001c3c8        -       0x00000400   Zero   RW            1    STACK               startup_stm32f407xx.o



  Load Region LR$$.ARM.__AT_0x10000000 (Base: 0x10000000, Size: 0x00000000, Max: 0x0000f000, ABSOLUTE)

    Execution Region ER$$.ARM.__AT_0x10000000 (Exec base: 0x10000000, Load base: 0x10000000, Size: 0x0000f000, Max: 0x0000f000, ABSOLUTE, UNINIT)

    Exec Addr    Load Addr    Size         Type   Attr      Idx    E Section Name        Object

    0x10000000        -       0x0000f000   Zero   RW         7032    .ARM.__AT_0x10000000  malloc.o



  Load Region LR$$.ARM.__AT_0x1000F000 (Base: 0x1000f000, Size: 0x00000000, Max: 0x00000f00, ABSOLUTE)

    Execution Region ER$$.ARM.__AT_0x1000F000 (Exec base: 0x1000f000, Load base: 0x1000f000, Size: 0x00000f00, Max: 0x00000f00, ABSOLUTE, UNINIT)

    Exec Addr    Load Addr    Size         Type   Attr      Idx    E Section Name        Object

    0x1000f000        -       0x00000f00   Zero   RW         7033    .ARM.__AT_0x1000F000  malloc.o



  Load Region LR$$.ARM.__AT_0x68000000 (Base: 0x68000000, Size: 0x00000000, Max: 0x000f0c00, ABSOLUTE)

    Execution Region ER$$.ARM.__AT_0x68000000 (Exec base: 0x68000000, Load base: 0x68000000, Size: 0x000f0c00, Max: 0x000f0c00, ABSOLUTE, UNINIT)

    Exec Addr    Load Addr    Size         Type   Attr      Idx    E Section Name        Object

    0x68000000        -       0x000f0c00   Zero   RW         7034    .ARM.__AT_0x68000000  malloc.o



  Load Region LR$$.ARM.__AT_0x680F0C00 (Base: 0x680f0c00, Size: 0x00000000, Max: 0x0000f0c0, ABSOLUTE)

    Execution Region ER$$.ARM.__AT_0x680F0C00 (Exec base: 0x680f0c00, Load base: 0x680f0c00, Size: 0x0000f0c0, Max: 0x0000f0c0, ABSOLUTE, UNINIT)

    Exec Addr    Load Addr    Size         Type   Attr      Idx    E Section Name        Object

    0x680f0c00        -       0x0000f0c0   Zero   RW         7035    .ARM.__AT_0x680F0C00  malloc.o


==============================================================================

Image component sizes


      Code (inc. data)   RO Data    RW Data    ZI Data      Debug   Object Name

       578         90          0          1        336       5840   adc.o
       260          8          0          0        262       1580   atk_mw8266d_uart.o
         0          0          0          0         17        765   audioplay.o
       240         42          0          1         72       3193   btim.o
       172          8          0          4          0       2629   delay.o
       430          4          0          0          0       5434   diskio.o
       422          0          0          0          0       3846   es8388.o
         0          0          0          0          0      13208   event_groups.o
        68          4          0          8          0       1665   exfuns.o
        96         12          0          0        384       1884   fattester.o
      9908        184         88         10          0      54862   ff.o
        32          0          0          0          0       1721   ffsystem.o
       396         28     175030          0          0       5812   ffunicode.o
      1036        302          0         44         40       3876   freertos_app.o
       268         28          0          0        144       2643   gtim.o
       848        218          0         32      10240       4307   heap_4.o
       184         18          0          4        168       1352   i2s.o
       252         12          0          0          0       1119   key.o
     14084        184      12160          8         94      29074   lcd.o
       152         10          0          0          0        967   led.o
       148          0          0          0          0       3526   list.o
       280         34          0          0          0     798747   main.o
       504         58         36         36    1210944       6882   malloc.o
       502         28          0          0          0       3789   myiic.o
      1058         56          0          2       4096       8780   norflash.o
      1162        382          0         12          0      10588   port.o
      1574        278          0          0         64      13155   queue.o
       688         84          0          0         32       8706   rtc.o
       628         46          0          0        164       4611   sdio_sdcard.o
       420         36          0          0         88       3043   spi.o
       500         30          0          0         80       1689   sram.o
        76         28        392          0       1024       1000   startup_stm32f407xx.o
       214         38          0          9          0      10646   stm32f4xx_hal.o
      1398         52          0          0          0       5294   stm32f4xx_hal_adc.o
       344         22          0          0          0      35245   stm32f4xx_hal_cortex.o
       210          0          0          0          0       2023   stm32f4xx_hal_dma.o
       564         46          0          0          0       3540   stm32f4xx_hal_gpio.o
        28         10          0          0          0       1119   stm32f4xx_hal_pwr.o
      1820         84          0          0          0       5768   stm32f4xx_hal_rcc.o
       416         20          0          0          0       1444   stm32f4xx_hal_rcc_ex.o
      1224         28          0          0          0       8240   stm32f4xx_hal_rtc.o
        94          6          0          0          0       3133   stm32f4xx_hal_rtc_ex.o
      3226         34          0          0          0      13820   stm32f4xx_hal_sd.o
      1268         14          0          0          0       4929   stm32f4xx_hal_spi.o
        88          0          0          0          0       1252   stm32f4xx_hal_sram.o
      1996        142          0          0          0      12390   stm32f4xx_hal_tim.o
         4          0          0          0          0       1633   stm32f4xx_hal_tim_ex.o
      2124         16          0          0          0      12091   stm32f4xx_hal_uart.o
        20          0          0          0          0       2885   stm32f4xx_it.o
       232         10          0          0          0       2807   stm32f4xx_ll_fsmc.o
      2110         46          0          0          0      25059   stm32f4xx_ll_sdmmc.o
       204         12          0          0          0       1383   sys.o
        20          6         24          4          0       1399   system_stm32f4xx.o
      3930       1024          0         64        740      34482   tasks.o
      1082        214          0         20         40      13876   timers.o
       464         60          0          7        268       5737   usart.o

    ----------------------------------------------------------------------
     60116       4096     187762        274    1229320    1220488   Object Totals
         0          0         32          0          0          0   (incl. Generated)
        70          0          0          8         23          0   (incl. Padding)

    ----------------------------------------------------------------------

      Code (inc. data)   RO Data    RW Data    ZI Data      Debug   Library Member Name

      1362        112          0         10          0     236098   xmram.o
        24          4          0          0          0         84   __2printf.o
        44          6          0          0          0         84   __2sprintf.o
         8          0          0          0          0         68   __main.o
       392          4         17          0          0         92   __printf_flags_ss_wp.o
        14          0          0          0          0         68   __printf_wp.o
         0          0          0          0          0          0   __rtentry.o
        12          0          0          0          0          0   __rtentry2.o
         6          0          0          0          0          0   __rtentry4.o
        52          8          0          0          0          0   __scatter.o
        26          0          0          0          0          0   __scatter_copy.o
        28          0          0          0          0          0   __scatter_zi.o
        44          0          0          0          0        108   _printf_char.o
        48          6          0          0          0         96   _printf_char_common.o
        36          4          0          0          0         80   _printf_char_file.o
         6          0          0          0          0          0   _printf_d.o
       120         16          0          0          0         92   _printf_dec.o
       148          4         40          0          0        160   _printf_hex_int_ll_ptr.o
       178          0          0          0          0         88   _printf_intcommon.o
        78          0          0          0          0        108   _printf_pad.o
         0          0          0          0          0          0   _printf_percent.o
         4          0          0          0          0          0   _printf_percent_end.o
         6          0          0          0          0          0   _printf_s.o
        82          0          0          0          0         80   _printf_str.o
         6          0          0          0          0          0   _printf_x.o
        10          0          0          0          0         68   _sputc.o
        16          0          0          0          0         68   aeabi_memset.o
        18          0          0          0          0         80   exit.o
         8          0          0          0          0         68   ferror.o
         6          0          0          0          0        152   heapauxi.o
         2          0          0          0          0          0   libinit.o
         6          0          0          0          0          0   libinit2.o
         2          0          0          0          0          0   libshutdown.o
         2          0          0          0          0          0   libshutdown2.o
         8          4          0          0         96         68   libspace.o
       238          0          0          0          0        100   lludivv7m.o
        88          0          0          0          0         76   memcmp.o
        68          0          0          0          0         68   rt_memclr.o
        78          0          0          0          0         80   rt_memclr_w.o
       138          0          0          0          0         68   rt_memcpy_v6.o
       100          0          0          0          0         80   rt_memcpy_w.o
         2          0          0          0          0          0   rtexit.o
        10          0          0          0          0          0   rtexit2.o
        20          0          0          0          0         68   strchr.o
        74          0          0          0          0         80   sys_stackheap_outer.o
         2          0          0          0          0         68   use_no_semi.o
         2          0          0          0          0         68   use_no_semi_2.o
       804         16          0          0          0        368   daddsub_clz.o
       688        140          0          0          0        256   ddiv.o
        94          4          0          0          0        140   dfix.o
        90          4          0          0          0        140   dfixu.o
        38          0          0          0          0        116   dflt_clz.o
       340         12          0          0          0        152   dmul.o
       156          4          0          0          0        140   dnaninf.o
        12          0          0          0          0        116   dretinf.o
        86          4          0          0          0        132   f2d.o
       140          4          0          0          0        132   fnaninf.o
        10          0          0          0          0        116   fpinit.o
         0          0          0          0          0          0   usenofp.o

    ----------------------------------------------------------------------
      6088        356         58         10        100     240374   Library Totals
         8          0          1          0          4          0   (incl. Padding)

    ----------------------------------------------------------------------

      Code (inc. data)   RO Data    RW Data    ZI Data      Debug   Library Name

      1362        112          0         10          0     236098   XMRAM.lib
      2260         56         57          0         96       2468   c_w.l
      2458        188          0          0          0       1808   fz_wm.l

    ----------------------------------------------------------------------
      6088        356         58         10        100     240374   Library Totals

    ----------------------------------------------------------------------

==============================================================================


      Code (inc. data)   RO Data    RW Data    ZI Data      Debug   

     66204       4452     187820        284    1229420    1421262   Grand Totals
     66204       4452     187820        284    1229420    1421262   ELF Image Totals
     66204       4452     187820        284          0          0   ROM Totals

==============================================================================

    Total RO  Size (Code + RO Data)               254024 ( 248.07kB)
    Total RW  Size (RW Data + ZI Data)           1229704 (1200.88kB)
    Total ROM Size (Code + RO Data + RW Data)     254308 ( 248.35kB)

==============================================================================

