<html>
<body>
<pre>
<h1>µVision Build Log</h1>
<h2>Tool Versions:</h2>
IDE-Version: ¦ÌVision V5.36.0.0
Copyright (C) 2021 ARM Ltd and ARM Germany GmbH. All rights reserved.
License Information: dv ddvvdsd, sdvsdgsdf, LIC=FYKYW-Q6XVC-8TZ3P-M292J-26WJW-XAQ28
 
Tool Versions:
Toolchain:       MDK-ARM Plus  Version: 5.36.0.0
Toolchain Path:  C:\Keil_v5\ARM\ARMCC\Bin
C Compiler:      Armcc.exe V5.06 update 7 (build 960)
Assembler:       Armasm.exe V5.06 update 7 (build 960)
Linker/Locator:  ArmLink.exe V5.06 update 7 (build 960)
Library Manager: ArmAr.exe V5.06 update 7 (build 960)
Hex Converter:   FromElf.exe V5.06 update 7 (build 960)
CPU DLL:         SARMCM3.DLL V5.36.0.0
Dialog DLL:      DCM.DLL V1.17.3.0
Target DLL:      STLink\ST-LINKIII-KEIL_SWO.dll V3.0.9.0
Dialog DLL:      TCM.DLL V1.53.0.0
 
<h2>Project:</h2>
C:\Users\Zhaobw\Desktop\Projects\smart_doorlock\Projects\MDK-ARM\atk_f103.uvprojx
Project File Date:  04/07/2024

<h2>Output:</h2>
*** Using Compiler 'V5.06 update 7 (build 960)', folder: 'C:\Keil_v5\ARM\ARMCC\Bin'
Rebuild target 'Template'
assembling startup_stm32f103xb.s...
compiling bsp_moto.c...
..\..\Users\bsp_moto.h(40): warning:  #1-D: last line of file ends without a newline
  #endif  /*__BSP_MOTO_H__*/
..\..\Users\bsp_moto.c: 1 warning, 0 errors
compiling stm32f1xx_hal_gpio_ex.c...
compiling stm32f1xx_it.c...
compiling stm32f1xx_hal_gpio.c...
compiling stm32f1xx_hal_rcc_ex.c...
compiling sys.c...
compiling stm32f1xx_hal_cortex.c...
compiling stm32f1xx_hal_dma.c...
compiling main.c...
..\..\Users\bsp_moto.h(40): warning:  #1-D: last line of file ends without a newline
  #endif  /*__BSP_MOTO_H__*/
..\..\Users\main.c: 1 warning, 0 errors
compiling stm32f1xx_hal_uart.c...
compiling demo.c...
..\..\Users\demo.c(19): warning:  #177-D: variable "key"  was declared but never referenced
      uint8_t key;
..\..\Users\demo.c: 1 warning, 0 errors
compiling stm32f1xx_hal.c...
compiling system_stm32f1xx.c...
compiling stm32f1xx_hal_usart.c...
compiling stm32f1xx_hal_rcc.c...
compiling led.c...
compiling delay.c...
compiling key.c...
compiling usart.c...
compiling atk_mw579_uart.c...
compiling atk_mw579.c...
linking...
Program Size: Code=7848 RO-data=312 RW-data=28 ZI-data=3564  
FromELF: creating hex file...
"..\..\Output\atk_f103.axf" - 0 Error(s), 3 Warning(s).

<h2>Software Packages used:</h2>

Package Vendor: Keil
                https://www.keil.com/pack/Keil.STM32F1xx_DFP.2.4.1.pack
                Keil.STM32F1xx_DFP.2.4.1
                STMicroelectronics STM32F1 Series Device Support, Drivers and Examples

<h2>Collection of Component include folders:</h2>
  C:\Users\Zhaobw\AppData\Local\Arm\Packs\Keil\STM32F1xx_DFP\2.4.1\Device\Include

<h2>Collection of Component Files used:</h2>
Build Time Elapsed:  00:00:16
</pre>
</body>
</html>
