Component: ARM Compiler 5.06 update 7 (build 960) Tool: armlink [4d3601]

==============================================================================

Section Cross References

    startup_stm32f103xb.o(STACK) refers (Special) to heapauxi.o(.text) for __use_two_region_memory
    startup_stm32f103xb.o(HEAP) refers (Special) to heapauxi.o(.text) for __use_two_region_memory
    startup_stm32f103xb.o(RESET) refers (Special) to heapauxi.o(.text) for __use_two_region_memory
    startup_stm32f103xb.o(RESET) refers to startup_stm32f103xb.o(STACK) for __initial_sp
    startup_stm32f103xb.o(RESET) refers to startup_stm32f103xb.o(.text) for Reset_Handler
    startup_stm32f103xb.o(RESET) refers to stm32f1xx_it.o(i.NMI_Handler) for NMI_Handler
    startup_stm32f103xb.o(RESET) refers to stm32f1xx_it.o(i.HardFault_Handler) for HardFault_Handler
    startup_stm32f103xb.o(RESET) refers to stm32f1xx_it.o(i.MemManage_Handler) for MemManage_Handler
    startup_stm32f103xb.o(RESET) refers to stm32f1xx_it.o(i.BusFault_Handler) for BusFault_Handler
    startup_stm32f103xb.o(RESET) refers to stm32f1xx_it.o(i.UsageFault_Handler) for UsageFault_Handler
    startup_stm32f103xb.o(RESET) refers to stm32f1xx_it.o(i.SVC_Handler) for SVC_Handler
    startup_stm32f103xb.o(RESET) refers to stm32f1xx_it.o(i.DebugMon_Handler) for DebugMon_Handler
    startup_stm32f103xb.o(RESET) refers to stm32f1xx_it.o(i.PendSV_Handler) for PendSV_Handler
    startup_stm32f103xb.o(RESET) refers to stm32f1xx_it.o(i.SysTick_Handler) for SysTick_Handler
    startup_stm32f103xb.o(RESET) refers to usart.o(i.USART1_IRQHandler) for USART1_IRQHandler
    startup_stm32f103xb.o(.text) refers (Special) to heapauxi.o(.text) for __use_two_region_memory
    startup_stm32f103xb.o(.text) refers to __main.o(!!!main) for __main
    startup_stm32f103xb.o(.text) refers to startup_stm32f103xb.o(HEAP) for Heap_Mem
    startup_stm32f103xb.o(.text) refers to startup_stm32f103xb.o(STACK) for Stack_Mem
    main.o(i.main) refers to stm32f1xx_hal.o(i.HAL_Init) for HAL_Init
    main.o(i.main) refers to sys.o(i.sys_stm32_clock_init) for sys_stm32_clock_init
    main.o(i.main) refers to delay.o(i.delay_init) for delay_init
    main.o(i.main) refers to usart.o(i.usart_init) for usart_init
    main.o(i.main) refers to led.o(i.led_init) for led_init
    main.o(i.main) refers to main.o(i.show_mesg) for show_mesg
    main.o(i.main) refers to demo.o(i.demo_run) for demo_run
    main.o(i.show_mesg) refers to __2printf.o(.text) for __2printf
    stm32f1xx_it.o(i.SysTick_Handler) refers to stm32f1xx_hal.o(i.HAL_IncTick) for HAL_IncTick
    system_stm32f1xx.o(i.SystemCoreClockUpdate) refers to system_stm32f1xx.o(.data) for SystemCoreClock
    system_stm32f1xx.o(i.SystemCoreClockUpdate) refers to system_stm32f1xx.o(.constdata) for AHBPrescTable
    demo.o(i.demo_run) refers to _printf_percent.o(.ARM.Collect$$_printf_percent$$00000000) for _printf_percent
    demo.o(i.demo_run) refers to _printf_s.o(.ARM.Collect$$_printf_percent$$00000014) for _printf_s
    demo.o(i.demo_run) refers to _printf_str.o(.text) for _printf_str
    demo.o(i.demo_run) refers to atk_mw579.o(i.atk_mw579_init) for atk_mw579_init
    demo.o(i.demo_run) refers to __2printf.o(.text) for __2printf
    demo.o(i.demo_run) refers to atk_mw579.o(i.atk_mw579_enter_config_mode) for atk_mw579_enter_config_mode
    demo.o(i.demo_run) refers to atk_mw579.o(i.atk_mw579_set_name) for atk_mw579_set_name
    demo.o(i.demo_run) refers to atk_mw579.o(i.atk_mw579_set_hello) for atk_mw579_set_hello
    demo.o(i.demo_run) refers to atk_mw579.o(i.atk_mw579_set_tpl) for atk_mw579_set_tpl
    demo.o(i.demo_run) refers to atk_mw579.o(i.atk_mw579_set_uart) for atk_mw579_set_uart
    demo.o(i.demo_run) refers to atk_mw579.o(i.atk_mw579_set_adptim) for atk_mw579_set_adptim
    demo.o(i.demo_run) refers to atk_mw579.o(i.atk_mw579_set_linkpassen) for atk_mw579_set_linkpassen
    demo.o(i.demo_run) refers to atk_mw579.o(i.atk_mw579_set_leden) for atk_mw579_set_leden
    demo.o(i.demo_run) refers to atk_mw579.o(i.atk_mw579_set_slavesleepen) for atk_mw579_set_slavesleepen
    demo.o(i.demo_run) refers to atk_mw579.o(i.atk_mw579_set_maxput) for atk_mw579_set_maxput
    demo.o(i.demo_run) refers to atk_mw579.o(i.atk_mw579_set_mode) for atk_mw579_set_mode
    demo.o(i.demo_run) refers to atk_mw579_uart.o(i.atk_mw579_uart_rx_restart) for atk_mw579_uart_rx_restart
    demo.o(i.demo_run) refers to atk_mw579.o(i.atk_mw579_get_conn_sta) for atk_mw579_get_conn_sta
    demo.o(i.demo_run) refers to atk_mw579_uart.o(i.atk_mw579_uart_printf) for atk_mw579_uart_printf
    demo.o(i.demo_run) refers to atk_mw579_uart.o(i.atk_mw579_uart_rx_get_frame) for atk_mw579_uart_rx_get_frame
    demo.o(i.demo_run) refers to delay.o(i.delay_ms) for delay_ms
    stm32f1xx_hal.o(i.HAL_DeInit) refers to stm32f1xx_hal.o(i.HAL_MspDeInit) for HAL_MspDeInit
    stm32f1xx_hal.o(i.HAL_Delay) refers to stm32f1xx_hal.o(i.HAL_GetTick) for HAL_GetTick
[...]
    .ARM.Collect$$libinit$$0000001F          0x0800020e   Section        0  libinit2.o(.ARM.Collect$$libinit$$0000001F)
    .ARM.Collect$$libinit$$00000021          0x0800020e   Section        0  libinit2.o(.ARM.Collect$$libinit$$00000021)
    .ARM.Collect$$libinit$$00000023          0x0800020e   Section        0  libinit2.o(.ARM.Collect$$libinit$$00000023)
    .ARM.Collect$$libinit$$00000025          0x0800020e   Section        0  libinit2.o(.ARM.Collect$$libinit$$00000025)
    .ARM.Collect$$libinit$$0000002C          0x0800020e   Section        0  libinit2.o(.ARM.Collect$$libinit$$0000002C)
    .ARM.Collect$$libinit$$0000002E          0x0800020e   Section        0  libinit2.o(.ARM.Collect$$libinit$$0000002E)
    .ARM.Collect$$libinit$$00000030          0x0800020e   Section        0  libinit2.o(.ARM.Collect$$libinit$$00000030)
    .ARM.Collect$$libinit$$00000032          0x0800020e   Section        0  libinit2.o(.ARM.Collect$$libinit$$00000032)
    .ARM.Collect$$libinit$$00000033          0x0800020e   Section        2  libinit2.o(.ARM.Collect$$libinit$$00000033)
    .ARM.Collect$$libshutdown$$00000000      0x08000210   Section        2  libshutdown.o(.ARM.Collect$$libshutdown$$00000000)
    .ARM.Collect$$libshutdown$$00000002      0x08000212   Section        0  libshutdown2.o(.ARM.Collect$$libshutdown$$00000002)
    .ARM.Collect$$libshutdown$$00000004      0x08000212   Section        0  libshutdown2.o(.ARM.Collect$$libshutdown$$00000004)
    .ARM.Collect$$libshutdown$$00000006      0x08000212   Section        0  libshutdown2.o(.ARM.Collect$$libshutdown$$00000006)
    .ARM.Collect$$libshutdown$$00000009      0x08000212   Section        0  libshutdown2.o(.ARM.Collect$$libshutdown$$00000009)
    .ARM.Collect$$libshutdown$$0000000C      0x08000212   Section        0  libshutdown2.o(.ARM.Collect$$libshutdown$$0000000C)
    .ARM.Collect$$libshutdown$$0000000E      0x08000212   Section        0  libshutdown2.o(.ARM.Collect$$libshutdown$$0000000E)
    .ARM.Collect$$libshutdown$$00000011      0x08000212   Section        0  libshutdown2.o(.ARM.Collect$$libshutdown$$00000011)
    .ARM.Collect$$libshutdown$$00000012      0x08000212   Section        2  libshutdown2.o(.ARM.Collect$$libshutdown$$00000012)
    .ARM.Collect$$rtentry$$00000000          0x08000214   Section        0  __rtentry.o(.ARM.Collect$$rtentry$$00000000)
    .ARM.Collect$$rtentry$$00000002          0x08000214   Section        0  __rtentry2.o(.ARM.Collect$$rtentry$$00000002)
    .ARM.Collect$$rtentry$$00000004          0x08000214   Section        6  __rtentry4.o(.ARM.Collect$$rtentry$$00000004)
    .ARM.Collect$$rtentry$$00000009          0x0800021a   Section        0  __rtentry2.o(.ARM.Collect$$rtentry$$00000009)
    .ARM.Collect$$rtentry$$0000000A          0x0800021a   Section        4  __rtentry2.o(.ARM.Collect$$rtentry$$0000000A)
    .ARM.Collect$$rtentry$$0000000C          0x0800021e   Section        0  __rtentry2.o(.ARM.Collect$$rtentry$$0000000C)
    .ARM.Collect$$rtentry$$0000000D          0x0800021e   Section        8  __rtentry2.o(.ARM.Collect$$rtentry$$0000000D)
    .ARM.Collect$$rtexit$$00000000           0x08000226   Section        2  rtexit.o(.ARM.Collect$$rtexit$$00000000)
    .ARM.Collect$$rtexit$$00000002           0x08000228   Section        0  rtexit2.o(.ARM.Collect$$rtexit$$00000002)
    .ARM.Collect$$rtexit$$00000003           0x08000228   Section        4  rtexit2.o(.ARM.Collect$$rtexit$$00000003)
    .ARM.Collect$$rtexit$$00000004           0x0800022c   Section        6  rtexit2.o(.ARM.Collect$$rtexit$$00000004)
    .text                                    0x08000234   Section       52  startup_stm32f103xb.o(.text)
    .text                                    0x08000268   Section        2  use_no_semi_2.o(.text)
    .text                                    0x0800026c   Section        0  vsprintf.o(.text)
    .text                                    0x08000290   Section        0  __2printf.o(.text)
    .text                                    0x080002a8   Section        0  __2sprintf.o(.text)
    .text                                    0x080002d4   Section        0  _printf_str.o(.text)
    .text                                    0x08000328   Section        0  _printf_dec.o(.text)
    .text                                    0x080003a0   Section        0  __printf_flags_ss_wp.o(.text)
    .text                                    0x08000528   Section        0  strstr.o(.text)
    .text                                    0x0800054c   Section        0  strlen.o(.text)
    .text                                    0x0800058a   Section       78  rt_memclr_w.o(.text)
    .text                                    0x080005d8   Section        0  heapauxi.o(.text)
    .text                                    0x080005de   Section        2  use_no_semi.o(.text)
    .text                                    0x080005e0   Section        0  _printf_pad.o(.text)
    .text                                    0x0800062e   Section        0  _printf_truncate.o(.text)
    .text                                    0x08000652   Section        0  _printf_intcommon.o(.text)
    .text                                    0x08000704   Section        0  _printf_charcount.o(.text)
    .text                                    0x0800072c   Section        0  _printf_char_common.o(.text)
    _printf_input_char                       0x0800072d   Thumb Code    10  _printf_char_common.o(.text)
    .text                                    0x0800075c   Section        0  _sputc.o(.text)
    .text                                    0x08000766   Section        0  _printf_char.o(.text)
    .text                                    0x08000794   Section        0  _printf_char_file.o(.text)
    .text                                    0x080007b8   Section        0  _printf_wctomb.o(.text)
    .text                                    0x08000874   Section        0  _printf_longlong_dec.o(.text)
    .text                                    0x080008f0   Section        0  _printf_oct_int_ll.o(.text)
    _printf_longlong_oct_internal            0x080008f1   Thumb Code     0  _printf_oct_int_ll.o(.text)
    .text                                    0x08000960   Section        0  _printf_hex_int_ll_ptr.o(.text)
    _printf_hex_common                       0x08000961   Thumb Code     0  _printf_hex_int_ll_ptr.o(.text)
    .text                                    0x080009f4   Section      138  lludiv10.o(.text)
    .text                                    0x08000a7e   Section        0  _printf_fp_dec.o(.text)
    _fp_digits                               0x08000a81   Thumb Code   432  _printf_fp_dec.o(.text)
    .text                                    0x08000e9c   Section        0  _printf_fp_hex.o(.text)
    .text                                    0x08001198   Section        0  _printf_wchar.o(.text)
    .text                                    0x080011c4   Section        0  ferror.o(.text)
    .text                                    0x080011cc   Section        0  _wcrtomb.o(.text)
    .text                                    0x0800120c   Section       74  sys_stackheap_outer.o(.text)
    .text                                    0x08001258   Section       16  rt_ctype_table.o(.text)
    .text                                    0x08001268   Section        8  rt_locale_intlibspace.o(.text)
    .text                                    0x08001270   Section        0  _printf_fp_infnan.o(.text)
    .text                                    0x080012f0   Section        0  bigflt0.o(.text)
    .text                                    0x080013d4   Section        0  exit.o(.text)
    .text                                    0x080013e8   Section        8  libspace.o(.text)
    .text                                    0x080013f0   Section      128  strcmpv7m.o(.text)
    CL$$btod_d2e                             0x08001470   Section       62  btod.o(CL$$btod_d2e)
    CL$$btod_d2e_denorm_low                  0x080014ae   Section       70  btod.o(CL$$btod_d2e_denorm_low)
    CL$$btod_d2e_norm_op1                    0x080014f4   Section       96  btod.o(CL$$btod_d2e_norm_op1)
    CL$$btod_div_common                      0x08001554   Section      824  btod.o(CL$$btod_div_common)
    CL$$btod_e2e                             0x0800188c   Section      220  btod.o(CL$$btod_e2e)
    CL$$btod_ediv                            0x08001968   Section       42  btod.o(CL$$btod_ediv)
    CL$$btod_emul                            0x08001992   Section       42  btod.o(CL$$btod_emul)
    CL$$btod_mult_common                     0x080019bc   Section      580  btod.o(CL$$btod_mult_common)
    i.BusFault_Handler                       0x08001c00   Section        0  stm32f1xx_it.o(i.BusFault_Handler)
    i.DebugMon_Handler                       0x08001c04   Section        0  stm32f1xx_it.o(i.DebugMon_Handler)
    i.HAL_DMA_Abort_IT                       0x08001c08   Section        0  stm32f1xx_hal_dma.o(i.HAL_DMA_Abort_IT)
    i.HAL_GPIO_Init                          0x08001db0   Section        0  stm32f1xx_hal_gpio.o(i.HAL_GPIO_Init)
    i.HAL_GPIO_ReadPin                       0x080020f0   Section        0  stm32f1xx_hal_gpio.o(i.HAL_GPIO_ReadPin)
    i.HAL_GPIO_WritePin                      0x08002100   Section        0  stm32f1xx_hal_gpio.o(i.HAL_GPIO_WritePin)
    i.HAL_GetTick                            0x0800210c   Section        0  stm32f1xx_hal.o(i.HAL_GetTick)
    i.HAL_IncTick                            0x08002118   Section        0  stm32f1xx_hal.o(i.HAL_IncTick)
    i.HAL_Init                               0x08002130   Section        0  stm32f1xx_hal.o(i.HAL_Init)
    i.HAL_InitTick                           0x08002158   Section        0  stm32f1xx_hal.o(i.HAL_InitTick)
    i.HAL_MspInit                            0x080021a4   Section        0  stm32f1xx_hal.o(i.HAL_MspInit)
    i.HAL_NVIC_EnableIRQ                     0x080021a6   Section        0  stm32f1xx_hal_cortex.o(i.HAL_NVIC_EnableIRQ)
    i.HAL_NVIC_SetPriority                   0x080021c6   Section        0  stm32f1xx_hal_cortex.o(i.HAL_NVIC_SetPriority)
    i.HAL_NVIC_SetPriorityGrouping           0x08002244   Section        0  stm32f1xx_hal_cortex.o(i.HAL_NVIC_SetPriorityGrouping)
    i.HAL_RCC_ClockConfig                    0x0800226c   Section        0  stm32f1xx_hal_rcc.o(i.HAL_RCC_ClockConfig)
    i.HAL_RCC_GetHCLKFreq                    0x080023f8   Section        0  stm32f1xx_hal_rcc.o(i.HAL_RCC_GetHCLKFreq)
    i.HAL_RCC_GetPCLK1Freq                   0x08002404   Section        0  stm32f1xx_hal_rcc.o(i.HAL_RCC_GetPCLK1Freq)
    i.HAL_RCC_GetPCLK2Freq                   0x08002424   Section        0  stm32f1xx_hal_rcc.o(i.HAL_RCC_GetPCLK2Freq)
    i.HAL_RCC_GetSysClockFreq                0x08002444   Section        0  stm32f1xx_hal_rcc.o(i.HAL_RCC_GetSysClockFreq)
    i.HAL_RCC_OscConfig                      0x080024d8   Section        0  stm32f1xx_hal_rcc.o(i.HAL_RCC_OscConfig)
    i.HAL_SYSTICK_Config                     0x0800293c   Section        0  stm32f1xx_hal_cortex.o(i.HAL_SYSTICK_Config)
    i.HAL_UART_ErrorCallback                 0x08002970   Section        0  stm32f1xx_hal_uart.o(i.HAL_UART_ErrorCallback)
    i.HAL_UART_IRQHandler                    0x08002974   Section        0  stm32f1xx_hal_uart.o(i.HAL_UART_IRQHandler)
    i.HAL_UART_Init                          0x08002ac8   Section        0  stm32f1xx_hal_uart.o(i.HAL_UART_Init)
    i.HAL_UART_MspInit                       0x08002b3c   Section        0  usart.o(i.HAL_UART_MspInit)
    i.HAL_UART_Receive_IT                    0x08002bf0   Section        0  stm32f1xx_hal_uart.o(i.HAL_UART_Receive_IT)
    i.HAL_UART_RxCpltCallback                0x08002c60   Section        0  usart.o(i.HAL_UART_RxCpltCallback)
    i.HAL_UART_Transmit                      0x08002ce8   Section        0  stm32f1xx_hal_uart.o(i.HAL_UART_Transmit)
    i.HAL_UART_TxCpltCallback                0x08002dba   Section        0  stm32f1xx_hal_uart.o(i.HAL_UART_TxCpltCallback)
    i.HardFault_Handler                      0x08002dbc   Section        0  stm32f1xx_it.o(i.HardFault_Handler)
    i.MemManage_Handler                      0x08002dc0   Section        0  stm32f1xx_it.o(i.MemManage_Handler)
    i.NMI_Handler                            0x08002dc4   Section        0  stm32f1xx_it.o(i.NMI_Handler)
    i.PendSV_Handler                         0x08002dc6   Section        0  stm32f1xx_it.o(i.PendSV_Handler)
    i.RCC_Delay                              0x08002dc8   Section        0  stm32f1xx_hal_rcc.o(i.RCC_Delay)
    RCC_Delay                                0x08002dc9   Thumb Code    36  stm32f1xx_hal_rcc.o(i.RCC_Delay)
    i.SVC_Handler                            0x08002df0   Section        0  stm32f1xx_it.o(i.SVC_Handler)
    i.SysTick_Handler                        0x08002df2   Section        0  stm32f1xx_it.o(i.SysTick_Handler)
    i.UART_DMAAbortOnError                   0x08002dfa   Section        0  stm32f1xx_hal_uart.o(i.UART_DMAAbortOnError)
    UART_DMAAbortOnError                     0x08002dfb   Thumb Code    20  stm32f1xx_hal_uart.o(i.UART_DMAAbortOnError)
    i.UART_EndRxTransfer                     0x08002e0e   Section        0  stm32f1xx_hal_uart.o(i.UART_EndRxTransfer)
    UART_EndRxTransfer                       0x08002e0f   Thumb Code    32  stm32f1xx_hal_uart.o(i.UART_EndRxTransfer)
    i.UART_EndTransmit_IT                    0x08002e2e   Section        0  stm32f1xx_hal_uart.o(i.UART_EndTransmit_IT)
    UART_EndTransmit_IT                      0x08002e2f   Thumb Code    32  stm32f1xx_hal_uart.o(i.UART_EndTransmit_IT)
    i.UART_Receive_IT                        0x08002e4e   Section        0  stm32f1xx_hal_uart.o(i.UART_Receive_IT)
    UART_Receive_IT                          0x08002e4f   Thumb Code   160  stm32f1xx_hal_uart.o(i.UART_Receive_IT)
    i.UART_SetConfig                         0x08002ef0   Section        0  stm32f1xx_hal_uart.o(i.UART_SetConfig)
    UART_SetConfig                           0x08002ef1   Thumb Code   248  stm32f1xx_hal_uart.o(i.UART_SetConfig)
    i.UART_Transmit_IT                       0x08002fec   Section        0  stm32f1xx_hal_uart.o(i.UART_Transmit_IT)
    UART_Transmit_IT                         0x08002fed   Thumb Code    96  stm32f1xx_hal_uart.o(i.UART_Transmit_IT)
    i.UART_WaitOnFlagUntilTimeout            0x0800304c   Section        0  stm32f1xx_hal_uart.o(i.UART_WaitOnFlagUntilTimeout)
    UART_WaitOnFlagUntilTimeout              0x0800304d   Thumb Code   108  stm32f1xx_hal_uart.o(i.UART_WaitOnFlagUntilTimeout)
    i.USART1_IRQHandler                      0x080030b8   Section        0  usart.o(i.USART1_IRQHandler)
    i.UsageFault_Handler                     0x080030dc   Section        0  stm32f1xx_it.o(i.UsageFault_Handler)
    i.__ARM_fpclassify                       0x080030e0   Section        0  fpclassify.o(i.__ARM_fpclassify)
    i.__NVIC_GetPriorityGrouping             0x08003108   Section        0  stm32f1xx_hal_cortex.o(i.__NVIC_GetPriorityGrouping)
    __NVIC_GetPriorityGrouping               0x08003109   Thumb Code    10  stm32f1xx_hal_cortex.o(i.__NVIC_GetPriorityGrouping)
    i.__NVIC_SetPriority                     0x08003118   Section        0  stm32f1xx_hal_cortex.o(i.__NVIC_SetPriority)
    __NVIC_SetPriority                       0x08003119   Thumb Code    32  stm32f1xx_hal_cortex.o(i.__NVIC_SetPriority)
    i._is_digit                              0x08003140   Section        0  __printf_wp.o(i._is_digit)
    i._sys_exit                              0x0800314e   Section        0  usart.o(i._sys_exit)
    i.atk_mw579_at_test                      0x08003154   Section        0  atk_mw579.o(i.atk_mw579_at_test)
    i.atk_mw579_enter_config_mode            0x08003180   Section        0  atk_mw579.o(i.atk_mw579_enter_config_mode)
    i.atk_mw579_get_conn_sta                 0x080031ac   Section        0  atk_mw579.o(i.atk_mw579_get_conn_sta)
    i.atk_mw579_hw_init                      0x080031c4   Section        0  atk_mw579.o(i.atk_mw579_hw_init)
    atk_mw579_hw_init                        0x080031c5   Thumb Code   140  atk_mw579.o(i.atk_mw579_hw_init)
    i.atk_mw579_init                         0x0800325c   Section        0  atk_mw579.o(i.atk_mw579_init)
    i.atk_mw579_send_at_cmd                  0x080032f0   Section        0  atk_mw579.o(i.atk_mw579_send_at_cmd)
    i.atk_mw579_set_adptim                   0x08003348   Section        0  atk_mw579.o(i.atk_mw579_set_adptim)
    i.atk_mw579_set_hello                    0x08003390   Section        0  atk_mw579.o(i.atk_mw579_set_hello)
    i.atk_mw579_set_leden                    0x080033c8   Section        0  atk_mw579.o(i.atk_mw579_set_leden)
    i.atk_mw579_set_linkpassen               0x0800342c   Section        0  atk_mw579.o(i.atk_mw579_set_linkpassen)
    i.atk_mw579_set_maxput                   0x08003498   Section        0  atk_mw579.o(i.atk_mw579_set_maxput)
    i.atk_mw579_set_mode                     0x08003500   Section        0  atk_mw579.o(i.atk_mw579_set_mode)
    i.atk_mw579_set_name                     0x08003598   Section        0  atk_mw579.o(i.atk_mw579_set_name)
    i.atk_mw579_set_slavesleepen             0x080035d0   Section        0  atk_mw579.o(i.atk_mw579_set_slavesleepen)
    i.atk_mw579_set_tpl                      0x0800363c   Section        0  atk_mw579.o(i.atk_mw579_set_tpl)
    i.atk_mw579_set_uart                     0x080036a8   Section        0  atk_mw579.o(i.atk_mw579_set_uart)
    i.atk_mw579_uart_init                    0x080037d8   Section        0  atk_mw579_uart.o(i.atk_mw579_uart_init)
    i.atk_mw579_uart_printf                  0x08003808   Section        0  atk_mw579_uart.o(i.atk_mw579_uart_printf)
    i.atk_mw579_uart_rx_get_frame            0x08003844   Section        0  atk_mw579_uart.o(i.atk_mw579_uart_rx_get_frame)
    i.atk_mw579_uart_rx_restart              0x08003870   Section        0  atk_mw579_uart.o(i.atk_mw579_uart_rx_restart)
    i.delay_init                             0x08003894   Section        0  delay.o(i.delay_init)
    i.delay_ms                               0x080038a0   Section        0  delay.o(i.delay_ms)
    i.delay_us                               0x080038b4   Section        0  delay.o(i.delay_us)
    i.demo_run                               0x080038fc   Section        0  demo.o(i.demo_run)
    i.fputc                                  0x08003a2c   Section        0  usart.o(i.fputc)
    i.led_init                               0x08003a48   Section        0  led.o(i.led_init)
    i.main                                   0x08003a9c   Section        0  main.o(i.main)
    i.show_mesg                              0x08003ac8   Section        0  main.o(i.show_mesg)
    i.sys_stm32_clock_init                   0x08003b44   Section        0  sys.o(i.sys_stm32_clock_init)
    i.usart_init                             0x08003bac   Section        0  usart.o(i.usart_init)
    locale$$code                             0x08003be4   Section       44  lc_numeric_c.o(locale$$code)
    locale$$code                             0x08003c10   Section       44  lc_ctype_c.o(locale$$code)
    x$fpl$printf1                            0x08003c3c   Section        4  printf1.o(x$fpl$printf1)
    x$fpl$printf2                            0x08003c40   Section        4  printf2.o(x$fpl$printf2)
    .constdata                               0x08003c44   Section       24  system_stm32f1xx.o(.constdata)
    x$fpl$usenofp                            0x08003c44   Section        0  usenofp.o(x$fpl$usenofp)
    .constdata                               0x08003c5c   Section       17  __printf_flags_ss_wp.o(.constdata)
    maptable                                 0x08003c5c   Data          17  __printf_flags_ss_wp.o(.constdata)
    .constdata                               0x08003c70   Section        8  _printf_wctomb.o(.constdata)
    initial_mbstate                          0x08003c70   Data           8  _printf_wctomb.o(.constdata)
    .constdata                               0x08003c78   Section       40  _printf_hex_int_ll_ptr.o(.constdata)
    uc_hextab                                0x08003c78   Data          20  _printf_hex_int_ll_ptr.o(.constdata)
    lc_hextab                                0x08003c8c   Data          20  _printf_hex_int_ll_ptr.o(.constdata)
    .constdata                               0x08003ca0   Section       38  _printf_fp_hex.o(.constdata)
    lc_hextab                                0x08003ca0   Data          19  _printf_fp_hex.o(.constdata)
    uc_hextab                                0x08003cb3   Data          19  _printf_fp_hex.o(.constdata)
    .constdata                               0x08003cc8   Section      148  bigflt0.o(.constdata)
    tenpwrs_x                                0x08003cc8   Data          60  bigflt0.o(.constdata)
    tenpwrs_i                                0x08003d04   Data          64  bigflt0.o(.constdata)
    locale$$data                             0x08003d7c   Section       28  lc_numeric_c.o(locale$$data)
    __lcnum_c_name                           0x08003d80   Data           2  lc_numeric_c.o(locale$$data)
    __lcnum_c_start                          0x08003d88   Data           0  lc_numeric_c.o(locale$$data)
    __lcnum_c_point                          0x08003d94   Data           0  lc_numeric_c.o(locale$$data)
    __lcnum_c_thousands                      0x08003d96   Data           0  lc_numeric_c.o(locale$$data)
    __lcnum_c_grouping                       0x08003d97   Data           0  lc_numeric_c.o(locale$$data)
    locale$$data                             0x08003d98   Section      272  lc_ctype_c.o(locale$$data)
    __lcnum_c_end                            0x08003d98   Data           0  lc_numeric_c.o(locale$$data)
    __lcctype_c_name                         0x08003d9c   Data           2  lc_ctype_c.o(locale$$data)
    __lcctype_c_start                        0x08003da4   Data           0  lc_ctype_c.o(locale$$data)
    __lcctype_c_end                          0x08003ea8   Data           0  lc_ctype_c.o(locale$$data)
    .data                                    0x20000000   Section        4  system_stm32f1xx.o(.data)
    .data                                    0x20000004   Section        9  stm32f1xx_hal.o(.data)
    .data                                    0x20000010   Section        4  delay.o(.data)
    g_fac_us                                 0x20000010   Data           4  delay.o(.data)
    .data                                    0x20000014   Section        7  usart.o(.data)
    .data                                    0x2000001b   Section        1  atk_mw579.o(.data)
    g_atk_mw579_sta                          0x2000001b   Data           1  atk_mw579.o(.data)
    .bss                                     0x2000001c   Section      264  usart.o(.bss)
    .bss                                     0x20000124   Section     2178  atk_mw579_uart.o(.bss)
    g_uart_handle                            0x20000124   Data          64  atk_mw579_uart.o(.bss)
    g_uart_rx_frame                          0x20000164   Data        2050  atk_mw579_uart.o(.bss)
    g_uart_tx_buf                            0x20000966   Data          64  atk_mw579_uart.o(.bss)
    .bss                                     0x200009a8   Section       96  libspace.o(.bss)
    HEAP                                     0x20000a08   Section        0  startup_stm32f103xb.o(HEAP)
    STACK                                    0x20000a08   Section     1024  startup_stm32f103xb.o(STACK)
    Heap_Mem                                 0x20000a08   Data           0  startup_stm32f103xb.o(HEAP)
    Stack_Mem                                0x20000a08   Data        1024  startup_stm32f103xb.o(STACK)
    __initial_sp                             0x20000e08   Data           0  startup_stm32f103xb.o(STACK)

    Global Symbols

    Symbol Name                              Value     Ov Type        Size  Object(Section)

    BuildAttributes$$THM_ISAv4$P$D$K$B$S$PE$A:L22UL41UL21$X:L11$S22US41US21$IEEE1$IW$USESV6$~STKCKD$USESV7$~SHL$OTIME$ROPI$IEEEJ$EBA8$UX$STANDARDLIB$REQ8$PRES8$EABIv2 0x00000000   Number         0  anon$$obj.o ABSOLUTE
    __ARM_use_no_argv                        0x00000000   Number         0  main.o ABSOLUTE
    _printf_flags                            0x00000000   Number         0  printf_stubs.o ABSOLUTE
    _printf_return_value                     0x00000000   Number         0  printf_stubs.o ABSOLUTE
    _printf_sizespec                         0x00000000   Number         0  printf_stubs.o ABSOLUTE
    _printf_widthprec                        0x00000000   Number         0  printf_stubs.o ABSOLUTE
    __ARM_exceptions_init                     - Undefined Weak Reference
    __alloca_initialize                       - Undefined Weak Reference
    __arm_fini_                               - Undefined Weak Reference
    __arm_preinit_                            - Undefined Weak Reference
    __cpp_initialize__aeabi_                  - Undefined Weak Reference
    __cxa_finalize                            - Undefined Weak Reference
    __sigvec_lookup                           - Undefined Weak Reference
    _atexit_init                              - Undefined Weak Reference
    _call_atexit_fns                          - Undefined Weak Reference
    _clock_init                               - Undefined Weak Reference
    _fp_trap_init                             - Undefined Weak Reference
    _fp_trap_shutdown                         - Undefined Weak Reference
    _get_lc_collate                           - Undefined Weak Reference
    _get_lc_monetary                          - Undefined Weak Reference
    _get_lc_time                              - Undefined Weak Reference
    _getenv_init                              - Undefined Weak Reference
    _handle_redirection                       - Undefined Weak Reference
    _init_alloc                               - Undefined Weak Reference
    _init_user_alloc                          - Undefined Weak Reference
    _initio                                   - Undefined Weak Reference
    _mutex_acquire                            - Undefined Weak Reference
    _mutex_release                            - Undefined Weak Reference
    _printf_mbtowc                            - Undefined Weak Reference
    _printf_wc                                - Undefined Weak Reference
    _rand_init                                - Undefined Weak Reference
    _signal_finish                            - Undefined Weak Reference
    _signal_init                              - Undefined Weak Reference
    _terminate_alloc                          - Undefined Weak Reference
    _terminate_user_alloc                     - Undefined Weak Reference
    _terminateio                              - Undefined Weak Reference
    __Vectors_Size                           0x000000ec   Number         0  startup_stm32f103xb.o ABSOLUTE
    __Vectors                                0x08000000   Data           4  startup_stm32f103xb.o(RESET)
    __Vectors_End                            0x080000ec   Data           0  startup_stm32f103xb.o(RESET)
    __main                                   0x080000ed   Thumb Code     8  __main.o(!!!main)
    __scatterload                            0x080000f5   Thumb Code     0  __scatter.o(!!!scatter)
    __scatterload_rt2                        0x080000f5   Thumb Code    44  __scatter.o(!!!scatter)
    __scatterload_rt2_thumb_only             0x080000f5   Thumb Code     0  __scatter.o(!!!scatter)
    __scatterload_null                       0x08000103   Thumb Code     0  __scatter.o(!!!scatter)
    __scatterload_copy                       0x08000129   Thumb Code    26  __scatter_copy.o(!!handler_copy)
    __scatterload_zeroinit                   0x08000145   Thumb Code    28  __scatter_zi.o(!!handler_zi)
    _printf_n                                0x08000161   Thumb Code     0  _printf_n.o(.ARM.Collect$$_printf_percent$$00000001)
    _printf_percent                          0x08000161   Thumb Code     0  _printf_percent.o(.ARM.Collect$$_printf_percent$$00000000)
    _printf_p                                0x08000167   Thumb Code     0  _printf_p.o(.ARM.Collect$$_printf_percent$$00000002)
    _printf_f                                0x0800016d   Thumb Code     0  _printf_f.o(.ARM.Collect$$_printf_percent$$00000003)
    _printf_e                                0x08000173   Thumb Code     0  _printf_e.o(.ARM.Collect$$_printf_percent$$00000004)
    _printf_g                                0x08000179   Thumb Code     0  _printf_g.o(.ARM.Collect$$_printf_percent$$00000005)
    _printf_a                                0x0800017f   Thumb Code     0  _printf_a.o(.ARM.Collect$$_printf_percent$$00000006)
    _printf_ll                               0x08000185   Thumb Code     0  _printf_ll.o(.ARM.Collect$$_printf_percent$$00000007)
    _printf_i                                0x0800018f   Thumb Code     0  _printf_i.o(.ARM.Collect$$_printf_percent$$00000008)
    _printf_d                                0x08000195   Thumb Code     0  _printf_d.o(.ARM.Collect$$_printf_percent$$00000009)
    _printf_u                                0x0800019b   Thumb Code     0  _printf_u.o(.ARM.Collect$$_printf_percent$$0000000A)
    _printf_o                                0x080001a1   Thumb Code     0  _printf_o.o(.ARM.Collect$$_printf_percent$$0000000B)
    _printf_x                                0x080001a7   Thumb Code     0  _printf_x.o(.ARM.Collect$$_printf_percent$$0000000C)
    _printf_lli                              0x080001ad   Thumb Code     0  _printf_lli.o(.ARM.Collect$$_printf_percent$$0000000D)
    _printf_lld                              0x080001b3   Thumb Code     0  _printf_lld.o(.ARM.Collect$$_printf_percent$$0000000E)
    _printf_llu                              0x080001b9   Thumb Code     0  _printf_llu.o(.ARM.Collect$$_printf_percent$$0000000F)
    _printf_llo                              0x080001bf   Thumb Code     0  _printf_llo.o(.ARM.Collect$$_printf_percent$$00000010)
    _printf_llx                              0x080001c5   Thumb Code     0  _printf_llx.o(.ARM.Collect$$_printf_percent$$00000011)
    _printf_l                                0x080001cb   Thumb Code     0  _printf_l.o(.ARM.Collect$$_printf_percent$$00000012)
    _printf_c                                0x080001d5   Thumb Code     0  _printf_c.o(.ARM.Collect$$_printf_percent$$00000013)
    _printf_s                                0x080001db   Thumb Code     0  _printf_s.o(.ARM.Collect$$_printf_percent$$00000014)
    _printf_lc                               0x080001e1   Thumb Code     0  _printf_lc.o(.ARM.Collect$$_printf_percent$$00000015)
    _printf_ls                               0x080001e7   Thumb Code     0  _printf_ls.o(.ARM.Collect$$_printf_percent$$00000016)
    _printf_percent_end                      0x080001ed   Thumb Code     0  _printf_percent_end.o(.ARM.Collect$$_printf_percent$$00000017)
    __rt_lib_init                            0x080001f1   Thumb Code     0  libinit.o(.ARM.Collect$$libinit$$00000000)
    __rt_lib_init_fp_1                       0x080001f3   Thumb Code     0  libinit2.o(.ARM.Collect$$libinit$$00000002)
    __rt_lib_init_heap_1                     0x080001f3   Thumb Code     0  libinit2.o(.ARM.Collect$$libinit$$0000000A)
    __rt_lib_init_lc_common                  0x080001f3   Thumb Code     0  libinit2.o(.ARM.Collect$$libinit$$0000000F)
    __rt_lib_init_preinit_1                  0x080001f3   Thumb Code     0  libinit2.o(.ARM.Collect$$libinit$$00000004)
    __rt_lib_init_rand_1                     0x080001f3   Thumb Code     0  libinit2.o(.ARM.Collect$$libinit$$0000000E)
    __rt_lib_init_user_alloc_1               0x080001f3   Thumb Code     0  libinit2.o(.ARM.Collect$$libinit$$0000000C)
    __rt_lib_init_lc_collate_1               0x080001f9   Thumb Code     0  libinit2.o(.ARM.Collect$$libinit$$00000011)
    __rt_lib_init_lc_ctype_2                 0x080001f9   Thumb Code     0  libinit2.o(.ARM.Collect$$libinit$$00000012)
    __rt_lib_init_lc_ctype_1                 0x08000205   Thumb Code     0  libinit2.o(.ARM.Collect$$libinit$$00000013)
    __rt_lib_init_lc_monetary_1              0x08000205   Thumb Code     0  libinit2.o(.ARM.Collect$$libinit$$00000015)
    __rt_lib_init_lc_numeric_2               0x08000205   Thumb Code     0  libinit2.o(.ARM.Collect$$libinit$$00000016)
    __rt_lib_init_alloca_1                   0x0800020f   Thumb Code     0  libinit2.o(.ARM.Collect$$libinit$$0000002E)
    __rt_lib_init_argv_1                     0x0800020f   Thumb Code     0  libinit2.o(.ARM.Collect$$libinit$$0000002C)
    __rt_lib_init_atexit_1                   0x0800020f   Thumb Code     0  libinit2.o(.ARM.Collect$$libinit$$0000001B)
    __rt_lib_init_clock_1                    0x0800020f   Thumb Code     0  libinit2.o(.ARM.Collect$$libinit$$00000021)
    __rt_lib_init_cpp_1                      0x0800020f   Thumb Code     0  libinit2.o(.ARM.Collect$$libinit$$00000032)
    __rt_lib_init_exceptions_1               0x0800020f   Thumb Code     0  libinit2.o(.ARM.Collect$$libinit$$00000030)
    __rt_lib_init_fp_trap_1                  0x0800020f   Thumb Code     0  libinit2.o(.ARM.Collect$$libinit$$0000001F)
    __rt_lib_init_getenv_1                   0x0800020f   Thumb Code     0  libinit2.o(.ARM.Collect$$libinit$$00000023)
    __rt_lib_init_lc_numeric_1               0x0800020f   Thumb Code     0  libinit2.o(.ARM.Collect$$libinit$$00000017)
    __rt_lib_init_lc_time_1                  0x0800020f   Thumb Code     0  libinit2.o(.ARM.Collect$$libinit$$00000019)
    __rt_lib_init_return                     0x0800020f   Thumb Code     0  libinit2.o(.ARM.Collect$$libinit$$00000033)
    __rt_lib_init_signal_1                   0x0800020f   Thumb Code     0  libinit2.o(.ARM.Collect$$libinit$$0000001D)
    __rt_lib_init_stdio_1                    0x0800020f   Thumb Code     0  libinit2.o(.ARM.Collect$$libinit$$00000025)
    __rt_lib_shutdown                        0x08000211   Thumb Code     0  libshutdown.o(.ARM.Collect$$libshutdown$$00000000)
    __rt_lib_shutdown_cpp_1                  0x08000213   Thumb Code     0  libshutdown2.o(.ARM.Collect$$libshutdown$$00000004)
    __rt_lib_shutdown_fini_1                 0x08000213   Thumb Code     0  libshutdown2.o(.ARM.Collect$$libshutdown$$00000002)
    __rt_lib_shutdown_fp_trap_1              0x08000213   Thumb Code     0  libshutdown2.o(.ARM.Collect$$libshutdown$$00000009)
    __rt_lib_shutdown_heap_1                 0x08000213   Thumb Code     0  libshutdown2.o(.ARM.Collect$$libshutdown$$00000011)
    __rt_lib_shutdown_return                 0x08000213   Thumb Code     0  libshutdown2.o(.ARM.Collect$$libshutdown$$00000012)
    __rt_lib_shutdown_signal_1               0x08000213   Thumb Code     0  libshutdown2.o(.ARM.Collect$$libshutdown$$0000000C)
    __rt_lib_shutdown_stdio_1                0x08000213   Thumb Code     0  libshutdown2.o(.ARM.Collect$$libshutdown$$00000006)
    __rt_lib_shutdown_user_alloc_1           0x08000213   Thumb Code     0  libshutdown2.o(.ARM.Collect$$libshutdown$$0000000E)
    __rt_entry                               0x08000215   Thumb Code     0  __rtentry.o(.ARM.Collect$$rtentry$$00000000)
    __rt_entry_presh_1                       0x08000215   Thumb Code     0  __rtentry2.o(.ARM.Collect$$rtentry$$00000002)
    __rt_entry_sh                            0x08000215   Thumb Code     0  __rtentry4.o(.ARM.Collect$$rtentry$$00000004)
    __rt_entry_li                            0x0800021b   Thumb Code     0  __rtentry2.o(.ARM.Collect$$rtentry$$0000000A)
    __rt_entry_postsh_1                      0x0800021b   Thumb Code     0  __rtentry2.o(.ARM.Collect$$rtentry$$00000009)
    __rt_entry_main                          0x0800021f   Thumb Code     0  __rtentry2.o(.ARM.Collect$$rtentry$$0000000D)
    __rt_entry_postli_1                      0x0800021f   Thumb Code     0  __rtentry2.o(.ARM.Collect$$rtentry$$0000000C)
    __rt_exit                                0x08000227   Thumb Code     0  rtexit.o(.ARM.Collect$$rtexit$$00000000)
    __rt_exit_ls                             0x08000229   Thumb Code     0  rtexit2.o(.ARM.Collect$$rtexit$$00000003)
    __rt_exit_prels_1                        0x08000229   Thumb Code     0  rtexit2.o(.ARM.Collect$$rtexit$$00000002)
    __rt_exit_exit                           0x0800022d   Thumb Code     0  rtexit2.o(.ARM.Collect$$rtexit$$00000004)
    Reset_Handler                            0x08000235   Thumb Code     4  startup_stm32f103xb.o(.text)
    ADC1_2_IRQHandler                        0x0800024b   Thumb Code     0  startup_stm32f103xb.o(.text)
    CAN1_RX1_IRQHandler                      0x0800024b   Thumb Code     0  startup_stm32f103xb.o(.text)
    CAN1_SCE_IRQHandler                      0x0800024b   Thumb Code     0  startup_stm32f103xb.o(.text)
    DMA1_Channel1_IRQHandler                 0x0800024b   Thumb Code     0  startup_stm32f103xb.o(.text)
    DMA1_Channel2_IRQHandler                 0x0800024b   Thumb Code     0  startup_stm32f103xb.o(.text)
    DMA1_Channel3_IRQHandler                 0x0800024b   Thumb Code     0  startup_stm32f103xb.o(.text)
    DMA1_Channel4_IRQHandler                 0x0800024b   Thumb Code     0  startup_stm32f103xb.o(.text)
    DMA1_Channel5_IRQHandler                 0x0800024b   Thumb Code     0  startup_stm32f103xb.o(.text)
    DMA1_Channel6_IRQHandler                 0x0800024b   Thumb Code     0  startup_stm32f103xb.o(.text)
    DMA1_Channel7_IRQHandler                 0x0800024b   Thumb Code     0  startup_stm32f103xb.o(.text)
    EXTI0_IRQHandler                         0x0800024b   Thumb Code     0  startup_stm32f103xb.o(.text)
    EXTI15_10_IRQHandler                     0x0800024b   Thumb Code     0  startup_stm32f103xb.o(.text)
    EXTI1_IRQHandler                         0x0800024b   Thumb Code     0  startup_stm32f103xb.o(.text)
    EXTI2_IRQHandler                         0x0800024b   Thumb Code     0  startup_stm32f103xb.o(.text)
    EXTI3_IRQHandler                         0x0800024b   Thumb Code     0  startup_stm32f103xb.o(.text)
    EXTI4_IRQHandler                         0x0800024b   Thumb Code     0  startup_stm32f103xb.o(.text)
    EXTI9_5_IRQHandler                       0x0800024b   Thumb Code     0  startup_stm32f103xb.o(.text)
    FLASH_IRQHandler                         0x0800024b   Thumb Code     0  startup_stm32f103xb.o(.text)
    I2C1_ER_IRQHandler                       0x0800024b   Thumb Code     0  startup_stm32f103xb.o(.text)
    I2C1_EV_IRQHandler                       0x0800024b   Thumb Code     0  startup_stm32f103xb.o(.text)
    I2C2_ER_IRQHandler                       0x0800024b   Thumb Code     0  startup_stm32f103xb.o(.text)
    I2C2_EV_IRQHandler                       0x0800024b   Thumb Code     0  startup_stm32f103xb.o(.text)
    PVD_IRQHandler                           0x0800024b   Thumb Code     0  startup_stm32f103xb.o(.text)
    RCC_IRQHandler                           0x0800024b   Thumb Code     0  startup_stm32f103xb.o(.text)
    RTC_Alarm_IRQHandler                     0x0800024b   Thumb Code     0  startup_stm32f103xb.o(.text)
    RTC_IRQHandler                           0x0800024b   Thumb Code     0  startup_stm32f103xb.o(.text)
    SPI1_IRQHandler                          0x0800024b   Thumb Code     0  startup_stm32f103xb.o(.text)
    SPI2_IRQHandler                          0x0800024b   Thumb Code     0  startup_stm32f103xb.o(.text)
    TAMPER_IRQHandler                        0x0800024b   Thumb Code     0  startup_stm32f103xb.o(.text)
    TIM1_BRK_IRQHandler                      0x0800024b   Thumb Code     0  startup_stm32f103xb.o(.text)
    TIM1_CC_IRQHandler                       0x0800024b   Thumb Code     0  startup_stm32f103xb.o(.text)
    TIM1_TRG_COM_IRQHandler                  0x0800024b   Thumb Code     0  startup_stm32f103xb.o(.text)
    TIM1_UP_IRQHandler                       0x0800024b   Thumb Code     0  startup_stm32f103xb.o(.text)
    TIM2_IRQHandler                          0x0800024b   Thumb Code     0  startup_stm32f103xb.o(.text)
    TIM3_IRQHandler                          0x0800024b   Thumb Code     0  startup_stm32f103xb.o(.text)
    TIM4_IRQHandler                          0x0800024b   Thumb Code     0  startup_stm32f103xb.o(.text)
    USART2_IRQHandler                        0x0800024b   Thumb Code     0  startup_stm32f103xb.o(.text)
    USART3_IRQHandler                        0x0800024b   Thumb Code     0  startup_stm32f103xb.o(.text)
    USBWakeUp_IRQHandler                     0x0800024b   Thumb Code     0  startup_stm32f103xb.o(.text)
    USB_HP_CAN1_TX_IRQHandler                0x0800024b   Thumb Code     0  startup_stm32f103xb.o(.text)
    USB_LP_CAN1_RX0_IRQHandler               0x0800024b   Thumb Code     0  startup_stm32f103xb.o(.text)
    WWDG_IRQHandler                          0x0800024b   Thumb Code     0  startup_stm32f103xb.o(.text)
    __user_initial_stackheap                 0x0800024d   Thumb Code     0  startup_stm32f103xb.o(.text)
    __use_no_semihosting                     0x08000269   Thumb Code     2  use_no_semi_2.o(.text)
    vsprintf                                 0x0800026d   Thumb Code    32  vsprintf.o(.text)
    __2printf                                0x08000291   Thumb Code    20  __2printf.o(.text)
    __2sprintf                               0x080002a9   Thumb Code    38  __2sprintf.o(.text)
    _printf_str                              0x080002d5   Thumb Code    82  _printf_str.o(.text)
    _printf_int_dec                          0x08000329   Thumb Code   104  _printf_dec.o(.text)
    __printf                                 0x080003a1   Thumb Code   388  __printf_flags_ss_wp.o(.text)
    strstr                                   0x08000529   Thumb Code    36  strstr.o(.text)
    strlen                                   0x0800054d   Thumb Code    62  strlen.o(.text)
    __aeabi_memclr4                          0x0800058b   Thumb Code     0  rt_memclr_w.o(.text)
    __aeabi_memclr8                          0x0800058b   Thumb Code     0  rt_memclr_w.o(.text)
    __rt_memclr_w                            0x0800058b   Thumb Code    78  rt_memclr_w.o(.text)
    _memset_w                                0x0800058f   Thumb Code     0  rt_memclr_w.o(.text)
    __use_two_region_memory                  0x080005d9   Thumb Code     2  heapauxi.o(.text)
    __rt_heap_escrow$2region                 0x080005db   Thumb Code     2  heapauxi.o(.text)
    __rt_heap_expand$2region                 0x080005dd   Thumb Code     2  heapauxi.o(.text)
    __semihosting$guard                      0x080005df   Thumb Code     0  use_no_semi.o(.text)
    __use_no_semihosting_swi                 0x080005df   Thumb Code     2  use_no_semi.o(.text)
    _printf_pre_padding                      0x080005e1   Thumb Code    44  _printf_pad.o(.text)
    _printf_post_padding                     0x0800060d   Thumb Code    34  _printf_pad.o(.text)
    _printf_truncate_signed                  0x0800062f   Thumb Code    18  _printf_truncate.o(.text)
    _printf_truncate_unsigned                0x08000641   Thumb Code    18  _printf_truncate.o(.text)
    _printf_int_common                       0x08000653   Thumb Code   178  _printf_intcommon.o(.text)
    _printf_charcount                        0x08000705   Thumb Code    40  _printf_charcount.o(.text)
    _printf_char_common                      0x08000737   Thumb Code    32  _printf_char_common.o(.text)
    _sputc                                   0x0800075d   Thumb Code    10  _sputc.o(.text)
    _printf_cs_common                        0x08000767   Thumb Code    20  _printf_char.o(.text)
    _printf_char                             0x0800077b   Thumb Code    16  _printf_char.o(.text)
    _printf_string                           0x0800078b   Thumb Code     8  _printf_char.o(.text)
    _printf_char_file                        0x08000795   Thumb Code    32  _printf_char_file.o(.text)
    _printf_wctomb                           0x080007b9   Thumb Code   182  _printf_wctomb.o(.text)
    _printf_longlong_dec                     0x08000875   Thumb Code   108  _printf_longlong_dec.o(.text)
    _printf_longlong_oct                     0x080008f1   Thumb Code    66  _printf_oct_int_ll.o(.text)
    _printf_int_oct                          0x08000933   Thumb Code    24  _printf_oct_int_ll.o(.text)
    _printf_ll_oct                           0x0800094b   Thumb Code    12  _printf_oct_int_ll.o(.text)
    _printf_longlong_hex                     0x08000961   Thumb Code    86  _printf_hex_int_ll_ptr.o(.text)
    _printf_int_hex                          0x080009b7   Thumb Code    28  _printf_hex_int_ll_ptr.o(.text)
    _printf_ll_hex                           0x080009d3   Thumb Code    12  _printf_hex_int_ll_ptr.o(.text)
    _printf_hex_ptr                          0x080009df   Thumb Code    18  _printf_hex_int_ll_ptr.o(.text)
    _ll_udiv10                               0x080009f5   Thumb Code   138  lludiv10.o(.text)
    __lib_sel_fp_printf                      0x08000a7f   Thumb Code     2  _printf_fp_dec.o(.text)
    _printf_fp_dec_real                      0x08000c31   Thumb Code   620  _printf_fp_dec.o(.text)
    _printf_fp_hex_real                      0x08000e9d   Thumb Code   756  _printf_fp_hex.o(.text)
    _printf_lcs_common                       0x08001199   Thumb Code    20  _printf_wchar.o(.text)
    _printf_wchar                            0x080011ad   Thumb Code    16  _printf_wchar.o(.text)
    _printf_wstring                          0x080011bd   Thumb Code     8  _printf_wchar.o(.text)
    ferror                                   0x080011c5   Thumb Code     8  ferror.o(.text)
    _wcrtomb                                 0x080011cd   Thumb Code    64  _wcrtomb.o(.text)
    __user_setup_stackheap                   0x0800120d   Thumb Code    74  sys_stackheap_outer.o(.text)
    __rt_ctype_table                         0x08001259   Thumb Code    16  rt_ctype_table.o(.text)
    __rt_locale                              0x08001269   Thumb Code     8  rt_locale_intlibspace.o(.text)
    _printf_fp_infnan                        0x08001271   Thumb Code   112  _printf_fp_infnan.o(.text)
    _btod_etento                             0x080012f1   Thumb Code   224  bigflt0.o(.text)
    exit                                     0x080013d5   Thumb Code    18  exit.o(.text)
    __user_libspace                          0x080013e9   Thumb Code     8  libspace.o(.text)
    __user_perproc_libspace                  0x080013e9   Thumb Code     0  libspace.o(.text)
    __user_perthread_libspace                0x080013e9   Thumb Code     0  libspace.o(.text)
    strcmp                                   0x080013f1   Thumb Code   128  strcmpv7m.o(.text)
    _btod_d2e                                0x08001471   Thumb Code    62  btod.o(CL$$btod_d2e)
    _d2e_denorm_low                          0x080014af   Thumb Code    70  btod.o(CL$$btod_d2e_denorm_low)
    _d2e_norm_op1                            0x080014f5   Thumb Code    96  btod.o(CL$$btod_d2e_norm_op1)
    __btod_div_common                        0x08001555   Thumb Code   696  btod.o(CL$$btod_div_common)
    _e2e                                     0x0800188d   Thumb Code   220  btod.o(CL$$btod_e2e)
    _btod_ediv                               0x08001969   Thumb Code    42  btod.o(CL$$btod_ediv)
    _btod_emul                               0x08001993   Thumb Code    42  btod.o(CL$$btod_emul)
    __btod_mult_common                       0x080019bd   Thumb Code   580  btod.o(CL$$btod_mult_common)
    BusFault_Handler                         0x08001c01   Thumb Code     4  stm32f1xx_it.o(i.BusFault_Handler)
    DebugMon_Handler                         0x08001c05   Thumb Code     2  stm32f1xx_it.o(i.DebugMon_Handler)
    HAL_DMA_Abort_IT                         0x08001c09   Thumb Code   414  stm32f1xx_hal_dma.o(i.HAL_DMA_Abort_IT)
    HAL_GPIO_Init                            0x08001db1   Thumb Code   792  stm32f1xx_hal_gpio.o(i.HAL_GPIO_Init)
    HAL_GPIO_ReadPin                         0x080020f1   Thumb Code    16  stm32f1xx_hal_gpio.o(i.HAL_GPIO_ReadPin)
    HAL_GPIO_WritePin                        0x08002101   Thumb Code    12  stm32f1xx_hal_gpio.o(i.HAL_GPIO_WritePin)
    HAL_GetTick                              0x0800210d   Thumb Code     6  stm32f1xx_hal.o(i.HAL_GetTick)
    HAL_IncTick                              0x08002119   Thumb Code    16  stm32f1xx_hal.o(i.HAL_IncTick)
    HAL_Init                                 0x08002131   Thumb Code    34  stm32f1xx_hal.o(i.HAL_Init)
    HAL_InitTick                             0x08002159   Thumb Code    64  stm32f1xx_hal.o(i.HAL_InitTick)
    HAL_MspInit                              0x080021a5   Thumb Code     2  stm32f1xx_hal.o(i.HAL_MspInit)
    HAL_NVIC_EnableIRQ                       0x080021a7   Thumb Code    32  stm32f1xx_hal_cortex.o(i.HAL_NVIC_EnableIRQ)
    HAL_NVIC_SetPriority                     0x080021c7   Thumb Code   124  stm32f1xx_hal_cortex.o(i.HAL_NVIC_SetPriority)
    HAL_NVIC_SetPriorityGrouping             0x08002245   Thumb Code    32  stm32f1xx_hal_cortex.o(i.HAL_NVIC_SetPriorityGrouping)
    HAL_RCC_ClockConfig                      0x0800226d   Thumb Code   376  stm32f1xx_hal_rcc.o(i.HAL_RCC_ClockConfig)
    HAL_RCC_GetHCLKFreq                      0x080023f9   Thumb Code     6  stm32f1xx_hal_rcc.o(i.HAL_RCC_GetHCLKFreq)
    HAL_RCC_GetPCLK1Freq                     0x08002405   Thumb Code    22  stm32f1xx_hal_rcc.o(i.HAL_RCC_GetPCLK1Freq)
    HAL_RCC_GetPCLK2Freq                     0x08002425   Thumb Code    22  stm32f1xx_hal_rcc.o(i.HAL_RCC_GetPCLK2Freq)
    HAL_RCC_GetSysClockFreq                  0x08002445   Thumb Code   116  stm32f1xx_hal_rcc.o(i.HAL_RCC_GetSysClockFreq)
    HAL_RCC_OscConfig                        0x080024d9   Thumb Code  1114  stm32f1xx_hal_rcc.o(i.HAL_RCC_OscConfig)
    HAL_SYSTICK_Config                       0x0800293d   Thumb Code    52  stm32f1xx_hal_cortex.o(i.HAL_SYSTICK_Config)
    HAL_UART_ErrorCallback                   0x08002971   Thumb Code     2  stm32f1xx_hal_uart.o(i.HAL_UART_ErrorCallback)
    HAL_UART_IRQHandler                      0x08002975   Thumb Code   334  stm32f1xx_hal_uart.o(i.HAL_UART_IRQHandler)
    HAL_UART_Init                            0x08002ac9   Thumb Code   114  stm32f1xx_hal_uart.o(i.HAL_UART_Init)
    HAL_UART_MspInit                         0x08002b3d   Thumb Code   168  usart.o(i.HAL_UART_MspInit)
    HAL_UART_Receive_IT                      0x08002bf1   Thumb Code   112  stm32f1xx_hal_uart.o(i.HAL_UART_Receive_IT)
    HAL_UART_RxCpltCallback                  0x08002c61   Thumb Code   120  usart.o(i.HAL_UART_RxCpltCallback)
    HAL_UART_Transmit                        0x08002ce9   Thumb Code   210  stm32f1xx_hal_uart.o(i.HAL_UART_Transmit)
    HAL_UART_TxCpltCallback                  0x08002dbb   Thumb Code     2  stm32f1xx_hal_uart.o(i.HAL_UART_TxCpltCallback)
    HardFault_Handler                        0x08002dbd   Thumb Code     4  stm32f1xx_it.o(i.HardFault_Handler)
    MemManage_Handler                        0x08002dc1   Thumb Code     4  stm32f1xx_it.o(i.MemManage_Handler)
    NMI_Handler                              0x08002dc5   Thumb Code     2  stm32f1xx_it.o(i.NMI_Handler)
    PendSV_Handler                           0x08002dc7   Thumb Code     2  stm32f1xx_it.o(i.PendSV_Handler)
    SVC_Handler                              0x08002df1   Thumb Code     2  stm32f1xx_it.o(i.SVC_Handler)
    SysTick_Handler                          0x08002df3   Thumb Code     8  stm32f1xx_it.o(i.SysTick_Handler)
    USART1_IRQHandler                        0x080030b9   Thumb Code    26  usart.o(i.USART1_IRQHandler)
    UsageFault_Handler                       0x080030dd   Thumb Code     4  stm32f1xx_it.o(i.UsageFault_Handler)
    __ARM_fpclassify                         0x080030e1   Thumb Code    40  fpclassify.o(i.__ARM_fpclassify)
    _is_digit                                0x08003141   Thumb Code    14  __printf_wp.o(i._is_digit)
    _sys_exit                                0x0800314f   Thumb Code     4  usart.o(i._sys_exit)
    atk_mw579_at_test                        0x08003155   Thumb Code    36  atk_mw579.o(i.atk_mw579_at_test)
    atk_mw579_enter_config_mode              0x08003181   Thumb Code    26  atk_mw579.o(i.atk_mw579_enter_config_mode)
    atk_mw579_get_conn_sta                   0x080031ad   Thumb Code    20  atk_mw579.o(i.atk_mw579_get_conn_sta)
    atk_mw579_init                           0x0800325d   Thumb Code   144  atk_mw579.o(i.atk_mw579_init)
    atk_mw579_send_at_cmd                    0x080032f1   Thumb Code    78  atk_mw579.o(i.atk_mw579_send_at_cmd)
    atk_mw579_set_adptim                     0x08003349   Thumb Code    52  atk_mw579.o(i.atk_mw579_set_adptim)
    atk_mw579_set_hello                      0x08003391   Thumb Code    40  atk_mw579.o(i.atk_mw579_set_hello)
    atk_mw579_set_leden                      0x080033c9   Thumb Code    74  atk_mw579.o(i.atk_mw579_set_leden)
    atk_mw579_set_linkpassen                 0x0800342d   Thumb Code    74  atk_mw579.o(i.atk_mw579_set_linkpassen)
    atk_mw579_set_maxput                     0x08003499   Thumb Code    74  atk_mw579.o(i.atk_mw579_set_maxput)
    atk_mw579_set_mode                       0x08003501   Thumb Code   114  atk_mw579.o(i.atk_mw579_set_mode)
    atk_mw579_set_name                       0x08003599   Thumb Code    40  atk_mw579.o(i.atk_mw579_set_name)
    atk_mw579_set_slavesleepen               0x080035d1   Thumb Code    74  atk_mw579.o(i.atk_mw579_set_slavesleepen)
    atk_mw579_set_tpl                        0x0800363d   Thumb Code    90  atk_mw579.o(i.atk_mw579_set_tpl)
    atk_mw579_set_uart                       0x080036a9   Thumb Code   278  atk_mw579.o(i.atk_mw579_set_uart)
    atk_mw579_uart_init                      0x080037d9   Thumb Code    38  atk_mw579_uart.o(i.atk_mw579_uart_init)
    atk_mw579_uart_printf                    0x08003809   Thumb Code    50  atk_mw579_uart.o(i.atk_mw579_uart_printf)
    atk_mw579_uart_rx_get_frame              0x08003845   Thumb Code    38  atk_mw579_uart.o(i.atk_mw579_uart_rx_get_frame)
    atk_mw579_uart_rx_restart                0x08003871   Thumb Code    32  atk_mw579_uart.o(i.atk_mw579_uart_rx_restart)
    delay_init                               0x08003895   Thumb Code     6  delay.o(i.delay_init)
    delay_ms                                 0x080038a1   Thumb Code    18  delay.o(i.delay_ms)
    delay_us                                 0x080038b5   Thumb Code    68  delay.o(i.delay_us)
    demo_run                                 0x080038fd   Thumb Code   196  demo.o(i.demo_run)
    fputc                                    0x08003a2d   Thumb Code    24  usart.o(i.fputc)
    led_init                                 0x08003a49   Thumb Code    76  led.o(i.led_init)
    main                                     0x08003a9d   Thumb Code    44  main.o(i.main)
    show_mesg                                0x08003ac9   Thumb Code    46  main.o(i.show_mesg)
    sys_stm32_clock_init                     0x08003b45   Thumb Code   102  sys.o(i.sys_stm32_clock_init)
    usart_init                               0x08003bad   Thumb Code    44  usart.o(i.usart_init)
    _get_lc_numeric                          0x08003be5   Thumb Code    44  lc_numeric_c.o(locale$$code)
    _get_lc_ctype                            0x08003c11   Thumb Code    44  lc_ctype_c.o(locale$$code)
    _printf_fp_dec                           0x08003c3d   Thumb Code     4  printf1.o(x$fpl$printf1)
    _printf_fp_hex                           0x08003c41   Thumb Code     4  printf2.o(x$fpl$printf2)
    AHBPrescTable                            0x08003c44   Data          16  system_stm32f1xx.o(.constdata)
    __I$use$fp                               0x08003c44   Number         0  usenofp.o(x$fpl$usenofp)
    APBPrescTable                            0x08003c54   Data           8  system_stm32f1xx.o(.constdata)
    Region$$Table$$Base                      0x08003d5c   Number         0  anon$$obj.o(Region$$Table)
    Region$$Table$$Limit                     0x08003d7c   Number         0  anon$$obj.o(Region$$Table)
    __ctype                                  0x08003da5   Data           0  lc_ctype_c.o(locale$$data)
    SystemCoreClock                          0x20000000   Data           4  system_stm32f1xx.o(.data)
    uwTick                                   0x20000004   Data           4  stm32f1xx_hal.o(.data)
    uwTickPrio                               0x20000008   Data           4  stm32f1xx_hal.o(.data)
    uwTickFreq                               0x2000000c   Data           1  stm32f1xx_hal.o(.data)
    __stdout                                 0x20000014   Data           4  usart.o(.data)
    g_usart_rx_sta                           0x20000018   Data           2  usart.o(.data)
    g_rx_buffer                              0x2000001a   Data           1  usart.o(.data)
    g_usart_rx_buf                           0x2000001c   Data         200  usart.o(.bss)
    g_uart1_handle                           0x200000e4   Data          64  usart.o(.bss)
    __libspace_start                         0x200009a8   Data          96  libspace.o(.bss)
    __temporary_stack_top$libspace           0x20000a08   Data           0  libspace.o(.bss)



==============================================================================

Memory Map of the image

  Image Entry point : 0x080000ed

  Load Region LR_IROM1 (Base: 0x08000000, Size: 0x00003ec4, Max: 0x00010000, ABSOLUTE)

    Execution Region ER_IROM1 (Exec base: 0x08000000, Load base: 0x08000000, Size: 0x00003ea8, Max: 0x00010000, ABSOLUTE)

    Exec Addr    Load Addr    Size         Type   Attr      Idx    E Section Name        Object

    0x08000000   0x08000000   0x000000ec   Data   RO            3    RESET               startup_stm32f103xb.o
    0x080000ec   0x080000ec   0x00000008   Code   RO         2120  * !!!main             c_w.l(__main.o)
    0x080000f4   0x080000f4   0x00000034   Code   RO         2413    !!!scatter          c_w.l(__scatter.o)
    0x08000128   0x08000128   0x0000001a   Code   RO         2415    !!handler_copy      c_w.l(__scatter_copy.o)
    0x08000142   0x08000142   0x00000002   PAD
    0x08000144   0x08000144   0x0000001c   Code   RO         2417    !!handler_zi        c_w.l(__scatter_zi.o)
    0x08000160   0x08000160   0x00000000   Code   RO         2111    .ARM.Collect$$_printf_percent$$00000000  c_w.l(_printf_percent.o)
    0x08000160   0x08000160   0x00000006   Code   RO         2174    .ARM.Collect$$_printf_percent$$00000001  c_w.l(_printf_n.o)
    0x08000166   0x08000166   0x00000006   Code   RO         2176    .ARM.Collect$$_printf_percent$$00000002  c_w.l(_printf_p.o)
    0x0800016c   0x0800016c   0x00000006   Code   RO         2180    .ARM.Collect$$_printf_percent$$00000003  c_w.l(_printf_f.o)
    0x08000172   0x08000172   0x00000006   Code   RO         2181    .ARM.Collect$$_printf_percent$$00000004  c_w.l(_printf_e.o)
    0x08000178   0x08000178   0x00000006   Code   RO         2182    .ARM.Collect$$_printf_percent$$00000005  c_w.l(_printf_g.o)
    0x0800017e   0x0800017e   0x00000006   Code   RO         2183    .ARM.Collect$$_printf_percent$$00000006  c_w.l(_printf_a.o)
    0x08000184   0x08000184   0x0000000a   Code   RO         2188    .ARM.Collect$$_printf_percent$$00000007  c_w.l(_printf_ll.o)
    0x0800018e   0x0800018e   0x00000006   Code   RO         2178    .ARM.Collect$$_printf_percent$$00000008  c_w.l(_printf_i.o)
    0x08000194   0x08000194   0x00000006   Code   RO         2110    .ARM.Collect$$_printf_percent$$00000009  c_w.l(_printf_d.o)
    0x0800019a   0x0800019a   0x00000006   Code   RO         2179    .ARM.Collect$$_printf_percent$$0000000A  c_w.l(_printf_u.o)
    0x080001a0   0x080001a0   0x00000006   Code   RO         2177    .ARM.Collect$$_printf_percent$$0000000B  c_w.l(_printf_o.o)
    0x080001a6   0x080001a6   0x00000006   Code   RO         2175    .ARM.Collect$$_printf_percent$$0000000C  c_w.l(_printf_x.o)
    0x080001ac   0x080001ac   0x00000006   Code   RO         2185    .ARM.Collect$$_printf_percent$$0000000D  c_w.l(_printf_lli.o)
    0x080001b2   0x080001b2   0x00000006   Code   RO         2186    .ARM.Collect$$_printf_percent$$0000000E  c_w.l(_printf_lld.o)
    0x080001b8   0x080001b8   0x00000006   Code   RO         2187    .ARM.Collect$$_printf_percent$$0000000F  c_w.l(_printf_llu.o)
    0x080001be   0x080001be   0x00000006   Code   RO         2192    .ARM.Collect$$_printf_percent$$00000010  c_w.l(_printf_llo.o)
    0x080001c4   0x080001c4   0x00000006   Code   RO         2193    .ARM.Collect$$_printf_percent$$00000011  c_w.l(_printf_llx.o)
    0x080001ca   0x080001ca   0x0000000a   Code   RO         2189    .ARM.Collect$$_printf_percent$$00000012  c_w.l(_printf_l.o)
    0x080001d4   0x080001d4   0x00000006   Code   RO         2173    .ARM.Collect$$_printf_percent$$00000013  c_w.l(_printf_c.o)
    0x080001da   0x080001da   0x00000006   Code   RO         2109    .ARM.Collect$$_printf_percent$$00000014  c_w.l(_printf_s.o)
    0x080001e0   0x080001e0   0x00000006   Code   RO         2190    .ARM.Collect$$_printf_percent$$00000015  c_w.l(_printf_lc.o)
    0x080001e6   0x080001e6   0x00000006   Code   RO         2191    .ARM.Collect$$_printf_percent$$00000016  c_w.l(_printf_ls.o)
    0x080001ec   0x080001ec   0x00000004   Code   RO         2184    .ARM.Collect$$_printf_percent$$00000017  c_w.l(_printf_percent_end.o)
    0x080001f0   0x080001f0   0x00000002   Code   RO         2280    .ARM.Collect$$libinit$$00000000  c_w.l(libinit.o)
    0x080001f2   0x080001f2   0x00000000   Code   RO         2297    .ARM.Collect$$libinit$$00000002  c_w.l(libinit2.o)
    0x080001f2   0x080001f2   0x00000000   Code   RO         2299    .ARM.Collect$$libinit$$00000004  c_w.l(libinit2.o)
    0x080001f2   0x080001f2   0x00000000   Code   RO         2302    .ARM.Collect$$libinit$$0000000A  c_w.l(libinit2.o)
    0x080001f2   0x080001f2   0x00000000   Code   RO         2304    .ARM.Collect$$libinit$$0000000C  c_w.l(libinit2.o)
    0x080001f2   0x080001f2   0x00000000   Code   RO         2306    .ARM.Collect$$libinit$$0000000E  c_w.l(libinit2.o)
    0x080001f2   0x080001f2   0x00000006   Code   RO         2307    .ARM.Collect$$libinit$$0000000F  c_w.l(libinit2.o)
    0x080001f8   0x080001f8   0x00000000   Code   RO         2309    .ARM.Collect$$libinit$$00000011  c_w.l(libinit2.o)
    0x080001f8   0x080001f8   0x0000000c   Code   RO         2310    .ARM.Collect$$libinit$$00000012  c_w.l(libinit2.o)
    0x08000204   0x08000204   0x00000000   Code   RO         2311    .ARM.Collect$$libinit$$00000013  c_w.l(libinit2.o)
    0x08000204   0x08000204   0x00000000   Code   RO         2313    .ARM.Collect$$libinit$$00000015  c_w.l(libinit2.o)
    0x08000204   0x08000204   0x0000000a   Code   RO         2314    .ARM.Collect$$libinit$$00000016  c_w.l(libinit2.o)
    0x0800020e   0x0800020e   0x00000000   Code   RO         2315    .ARM.Collect$$libinit$$00000017  c_w.l(libinit2.o)
    0x0800020e   0x0800020e   0x00000000   Code   RO         2317    .ARM.Collect$$libinit$$00000019  c_w.l(libinit2.o)
    0x0800020e   0x0800020e   0x00000000   Code   RO         2319    .ARM.Collect$$libinit$$0000001B  c_w.l(libinit2.o)
    0x0800020e   0x0800020e   0x00000000   Code   RO         2321    .ARM.Collect$$libinit$$0000001D  c_w.l(libinit2.o)
    0x0800020e   0x0800020e   0x00000000   Code   RO         2323    .ARM.Collect$$libinit$$0000001F  c_w.l(libinit2.o)
    0x0800020e   0x0800020e   0x00000000   Code   RO         2325    .ARM.Collect$$libinit$$00000021  c_w.l(libinit2.o)
    0x0800020e   0x0800020e   0x00000000   Code   RO         2327    .ARM.Collect$$libinit$$00000023  c_w.l(libinit2.o)
    0x0800020e   0x0800020e   0x00000000   Code   RO         2329    .ARM.Collect$$libinit$$00000025  c_w.l(libinit2.o)
    0x0800020e   0x0800020e   0x00000000   Code   RO         2333    .ARM.Collect$$libinit$$0000002C  c_w.l(libinit2.o)
    0x0800020e   0x0800020e   0x00000000   Code   RO         2335    .ARM.Collect$$libinit$$0000002E  c_w.l(libinit2.o)
    0x0800020e   0x0800020e   0x00000000   Code   RO         2337    .ARM.Collect$$libinit$$00000030  c_w.l(libinit2.o)
    0x0800020e   0x0800020e   0x00000000   Code   RO         2339    .ARM.Collect$$libinit$$00000032  c_w.l(libinit2.o)
    0x0800020e   0x0800020e   0x00000002   Code   RO         2340    .ARM.Collect$$libinit$$00000033  c_w.l(libinit2.o)
    0x08000210   0x08000210   0x00000002   Code   RO         2358    .ARM.Collect$$libshutdown$$00000000  c_w.l(libshutdown.o)
    0x08000212   0x08000212   0x00000000   Code   RO         2366    .ARM.Collect$$libshutdown$$00000002  c_w.l(libshutdown2.o)
    0x08000212   0x08000212   0x00000000   Code   RO         2368    .ARM.Collect$$libshutdown$$00000004  c_w.l(libshutdown2.o)
    0x08000212   0x08000212   0x00000000   Code   RO         2370    .ARM.Collect$$libshutdown$$00000006  c_w.l(libshutdown2.o)
    0x08000212   0x08000212   0x00000000   Code   RO         2373    .ARM.Collect$$libshutdown$$00000009  c_w.l(libshutdown2.o)
    0x08000212   0x08000212   0x00000000   Code   RO         2376    .ARM.Collect$$libshutdown$$0000000C  c_w.l(libshutdown2.o)
    0x08000212   0x08000212   0x00000000   Code   RO         2378    .ARM.Collect$$libshutdown$$0000000E  c_w.l(libshutdown2.o)
    0x08000212   0x08000212   0x00000000   Code   RO         2381    .ARM.Collect$$libshutdown$$00000011  c_w.l(libshutdown2.o)
    0x08000212   0x08000212   0x00000002   Code   RO         2382    .ARM.Collect$$libshutdown$$00000012  c_w.l(libshutdown2.o)
    0x08000214   0x08000214   0x00000000   Code   RO         2124    .ARM.Collect$$rtentry$$00000000  c_w.l(__rtentry.o)
    0x08000214   0x08000214   0x00000000   Code   RO         2203    .ARM.Collect$$rtentry$$00000002  c_w.l(__rtentry2.o)
    0x08000214   0x08000214   0x00000006   Code   RO         2215    .ARM.Collect$$rtentry$$00000004  c_w.l(__rtentry4.o)
    0x0800021a   0x0800021a   0x00000000   Code   RO         2205    .ARM.Collect$$rtentry$$00000009  c_w.l(__rtentry2.o)
    0x0800021a   0x0800021a   0x00000004   Code   RO         2206    .ARM.Collect$$rtentry$$0000000A  c_w.l(__rtentry2.o)
    0x0800021e   0x0800021e   0x00000000   Code   RO         2208    .ARM.Collect$$rtentry$$0000000C  c_w.l(__rtentry2.o)
    0x0800021e   0x0800021e   0x00000008   Code   RO         2209    .ARM.Collect$$rtentry$$0000000D  c_w.l(__rtentry2.o)
    0x08000226   0x08000226   0x00000002   Code   RO         2289    .ARM.Collect$$rtexit$$00000000  c_w.l(rtexit.o)
    0x08000228   0x08000228   0x00000000   Code   RO         2342    .ARM.Collect$$rtexit$$00000002  c_w.l(rtexit2.o)
    0x08000228   0x08000228   0x00000004   Code   RO         2343    .ARM.Collect$$rtexit$$00000003  c_w.l(rtexit2.o)
    0x0800022c   0x0800022c   0x00000006   Code   RO         2344    .ARM.Collect$$rtexit$$00000004  c_w.l(rtexit2.o)
    0x08000232   0x08000232   0x00000002   PAD
    0x08000234   0x08000234   0x00000034   Code   RO            4    .text               startup_stm32f103xb.o
    0x08000268   0x08000268   0x00000002   Code   RO         2071    .text               c_w.l(use_no_semi_2.o)
    0x0800026a   0x0800026a   0x00000002   PAD
    0x0800026c   0x0800026c   0x00000024   Code   RO         2073    .text               c_w.l(vsprintf.o)
    0x08000290   0x08000290   0x00000018   Code   RO         2075    .text               c_w.l(__2printf.o)
    0x080002a8   0x080002a8   0x0000002c   Code   RO         2077    .text               c_w.l(__2sprintf.o)
    0x080002d4   0x080002d4   0x00000052   Code   RO         2085    .text               c_w.l(_printf_str.o)
    0x08000326   0x08000326   0x00000002   PAD
    0x08000328   0x08000328   0x00000078   Code   RO         2087    .text               c_w.l(_printf_dec.o)
    0x080003a0   0x080003a0   0x00000188   Code   RO         2106    .text               c_w.l(__printf_flags_ss_wp.o)
    0x08000528   0x08000528   0x00000024   Code   RO         2112    .text               c_w.l(strstr.o)
    0x0800054c   0x0800054c   0x0000003e   Code   RO         2114    .text               c_w.l(strlen.o)
    0x0800058a   0x0800058a   0x0000004e   Code   RO         2116    .text               c_w.l(rt_memclr_w.o)
    0x080005d8   0x080005d8   0x00000006   Code   RO         2118    .text               c_w.l(heapauxi.o)
    0x080005de   0x080005de   0x00000002   Code   RO         2122    .text               c_w.l(use_no_semi.o)
    0x080005e0   0x080005e0   0x0000004e   Code   RO         2125    .text               c_w.l(_printf_pad.o)
    0x0800062e   0x0800062e   0x00000024   Code   RO         2127    .text               c_w.l(_printf_truncate.o)
    0x08000652   0x08000652   0x000000b2   Code   RO         2129    .text               c_w.l(_printf_intcommon.o)
    0x08000704   0x08000704   0x00000028   Code   RO         2131    .text               c_w.l(_printf_charcount.o)
    0x0800072c   0x0800072c   0x00000030   Code   RO         2133    .text               c_w.l(_printf_char_common.o)
    0x0800075c   0x0800075c   0x0000000a   Code   RO         2135    .text               c_w.l(_sputc.o)
    0x08000766   0x08000766   0x0000002c   Code   RO         2137    .text               c_w.l(_printf_char.o)
    0x08000792   0x08000792   0x00000002   PAD
    0x08000794   0x08000794   0x00000024   Code   RO         2139    .text               c_w.l(_printf_char_file.o)
    0x080007b8   0x080007b8   0x000000bc   Code   RO         2141    .text               c_w.l(_printf_wctomb.o)
    0x08000874   0x08000874   0x0000007c   Code   RO         2144    .text               c_w.l(_printf_longlong_dec.o)
    0x080008f0   0x080008f0   0x00000070   Code   RO         2150    .text               c_w.l(_printf_oct_int_ll.o)
    0x08000960   0x08000960   0x00000094   Code   RO         2170    .text               c_w.l(_printf_hex_int_ll_ptr.o)
    0x080009f4   0x080009f4   0x0000008a   Code   RO         2217    .text               c_w.l(lludiv10.o)
    0x08000a7e   0x08000a7e   0x0000041e   Code   RO         2219    .text               c_w.l(_printf_fp_dec.o)
    0x08000e9c   0x08000e9c   0x000002fc   Code   RO         2221    .text               c_w.l(_printf_fp_hex.o)
    0x08001198   0x08001198   0x0000002c   Code   RO         2226    .text               c_w.l(_printf_wchar.o)
    0x080011c4   0x080011c4   0x00000008   Code   RO         2228    .text               c_w.l(ferror.o)
    0x080011cc   0x080011cc   0x00000040   Code   RO         2232    .text               c_w.l(_wcrtomb.o)
    0x0800120c   0x0800120c   0x0000004a   Code   RO         2234    .text               c_w.l(sys_stackheap_outer.o)
    0x08001256   0x08001256   0x00000002   PAD
    0x08001258   0x08001258   0x00000010   Code   RO         2236    .text               c_w.l(rt_ctype_table.o)
    0x08001268   0x08001268   0x00000008   Code   RO         2241    .text               c_w.l(rt_locale_intlibspace.o)
    0x08001270   0x08001270   0x00000080   Code   RO         2243    .text               c_w.l(_printf_fp_infnan.o)
    0x080012f0   0x080012f0   0x000000e4   Code   RO         2245    .text               c_w.l(bigflt0.o)
    0x080013d4   0x080013d4   0x00000012   Code   RO         2273    .text               c_w.l(exit.o)
    0x080013e6   0x080013e6   0x00000002   PAD
    0x080013e8   0x080013e8   0x00000008   Code   RO         2286    .text               c_w.l(libspace.o)
    0x080013f0   0x080013f0   0x00000080   Code   RO         2294    .text               c_w.l(strcmpv7m.o)
    0x08001470   0x08001470   0x0000003e   Code   RO         2248    CL$$btod_d2e        c_w.l(btod.o)
    0x080014ae   0x080014ae   0x00000046   Code   RO         2250    CL$$btod_d2e_denorm_low  c_w.l(btod.o)
    0x080014f4   0x080014f4   0x00000060   Code   RO         2249    CL$$btod_d2e_norm_op1  c_w.l(btod.o)
    0x08001554   0x08001554   0x00000338   Code   RO         2258    CL$$btod_div_common  c_w.l(btod.o)
    0x0800188c   0x0800188c   0x000000dc   Code   RO         2255    CL$$btod_e2e        c_w.l(btod.o)
    0x08001968   0x08001968   0x0000002a   Code   RO         2252    CL$$btod_ediv       c_w.l(btod.o)
    0x08001992   0x08001992   0x0000002a   Code   RO         2251    CL$$btod_emul       c_w.l(btod.o)
    0x080019bc   0x080019bc   0x00000244   Code   RO         2257    CL$$btod_mult_common  c_w.l(btod.o)
    0x08001c00   0x08001c00   0x00000004   Code   RO          238    i.BusFault_Handler  stm32f1xx_it.o
    0x08001c04   0x08001c04   0x00000002   Code   RO          239    i.DebugMon_Handler  stm32f1xx_it.o
    0x08001c06   0x08001c06   0x00000002   PAD
    0x08001c08   0x08001c08   0x000001a8   Code   RO          678    i.HAL_DMA_Abort_IT  stm32f1xx_hal_dma.o
    0x08001db0   0x08001db0   0x00000340   Code   RO          774    i.HAL_GPIO_Init     stm32f1xx_hal_gpio.o
    0x080020f0   0x080020f0   0x00000010   Code   RO          776    i.HAL_GPIO_ReadPin  stm32f1xx_hal_gpio.o
    0x08002100   0x08002100   0x0000000c   Code   RO          778    i.HAL_GPIO_WritePin  stm32f1xx_hal_gpio.o
    0x0800210c   0x0800210c   0x0000000c   Code   RO          391    i.HAL_GetTick       stm32f1xx_hal.o
    0x08002118   0x08002118   0x00000018   Code   RO          397    i.HAL_IncTick       stm32f1xx_hal.o
    0x08002130   0x08002130   0x00000028   Code   RO          398    i.HAL_Init          stm32f1xx_hal.o
    0x08002158   0x08002158   0x0000004c   Code   RO          399    i.HAL_InitTick      stm32f1xx_hal.o
    0x080021a4   0x080021a4   0x00000002   Code   RO          401    i.HAL_MspInit       stm32f1xx_hal.o
    0x080021a6   0x080021a6   0x00000020   Code   RO          556    i.HAL_NVIC_EnableIRQ  stm32f1xx_hal_cortex.o
    0x080021c6   0x080021c6   0x0000007c   Code   RO          562    i.HAL_NVIC_SetPriority  stm32f1xx_hal_cortex.o
    0x08002242   0x08002242   0x00000002   PAD
    0x08002244   0x08002244   0x00000028   Code   RO          563    i.HAL_NVIC_SetPriorityGrouping  stm32f1xx_hal_cortex.o
    0x0800226c   0x0800226c   0x0000018c   Code   RO          874    i.HAL_RCC_ClockConfig  stm32f1xx_hal_rcc.o
    0x080023f8   0x080023f8   0x0000000c   Code   RO          879    i.HAL_RCC_GetHCLKFreq  stm32f1xx_hal_rcc.o
    0x08002404   0x08002404   0x00000020   Code   RO          881    i.HAL_RCC_GetPCLK1Freq  stm32f1xx_hal_rcc.o
    0x08002424   0x08002424   0x00000020   Code   RO          882    i.HAL_RCC_GetPCLK2Freq  stm32f1xx_hal_rcc.o
    0x08002444   0x08002444   0x00000094   Code   RO          883    i.HAL_RCC_GetSysClockFreq  stm32f1xx_hal_rcc.o
    0x080024d8   0x080024d8   0x00000464   Code   RO          886    i.HAL_RCC_OscConfig  stm32f1xx_hal_rcc.o
    0x0800293c   0x0800293c   0x00000034   Code   RO          567    i.HAL_SYSTICK_Config  stm32f1xx_hal_cortex.o
    0x08002970   0x08002970   0x00000002   Code   RO         1037    i.HAL_UART_ErrorCallback  stm32f1xx_hal_uart.o
    0x08002972   0x08002972   0x00000002   PAD
    0x08002974   0x08002974   0x00000154   Code   RO         1040    i.HAL_UART_IRQHandler  stm32f1xx_hal_uart.o
    0x08002ac8   0x08002ac8   0x00000072   Code   RO         1041    i.HAL_UART_Init     stm32f1xx_hal_uart.o
    0x08002b3a   0x08002b3a   0x00000002   PAD
    0x08002b3c   0x08002b3c   0x000000b4   Code   RO         1730    i.HAL_UART_MspInit  usart.o
    0x08002bf0   0x08002bf0   0x00000070   Code   RO         1046    i.HAL_UART_Receive_IT  stm32f1xx_hal_uart.o
    0x08002c60   0x08002c60   0x00000088   Code   RO         1731    i.HAL_UART_RxCpltCallback  usart.o
    0x08002ce8   0x08002ce8   0x000000d2   Code   RO         1049    i.HAL_UART_Transmit  stm32f1xx_hal_uart.o
    0x08002dba   0x08002dba   0x00000002   Code   RO         1052    i.HAL_UART_TxCpltCallback  stm32f1xx_hal_uart.o
    0x08002dbc   0x08002dbc   0x00000004   Code   RO          240    i.HardFault_Handler  stm32f1xx_it.o
    0x08002dc0   0x08002dc0   0x00000004   Code   RO          241    i.MemManage_Handler  stm32f1xx_it.o
    0x08002dc4   0x08002dc4   0x00000002   Code   RO          242    i.NMI_Handler       stm32f1xx_it.o
    0x08002dc6   0x08002dc6   0x00000002   Code   RO          243    i.PendSV_Handler    stm32f1xx_it.o
    0x08002dc8   0x08002dc8   0x00000028   Code   RO          887    i.RCC_Delay         stm32f1xx_hal_rcc.o
    0x08002df0   0x08002df0   0x00000002   Code   RO          244    i.SVC_Handler       stm32f1xx_it.o
    0x08002df2   0x08002df2   0x00000008   Code   RO          245    i.SysTick_Handler   stm32f1xx_it.o
    0x08002dfa   0x08002dfa   0x00000014   Code   RO         1054    i.UART_DMAAbortOnError  stm32f1xx_hal_uart.o
    0x08002e0e   0x08002e0e   0x00000020   Code   RO         1064    i.UART_EndRxTransfer  stm32f1xx_hal_uart.o
    0x08002e2e   0x08002e2e   0x00000020   Code   RO         1065    i.UART_EndTransmit_IT  stm32f1xx_hal_uart.o
    0x08002e4e   0x08002e4e   0x000000a0   Code   RO         1067    i.UART_Receive_IT   stm32f1xx_hal_uart.o
    0x08002eee   0x08002eee   0x00000002   PAD
    0x08002ef0   0x08002ef0   0x000000fc   Code   RO         1068    i.UART_SetConfig    stm32f1xx_hal_uart.o
    0x08002fec   0x08002fec   0x00000060   Code   RO         1069    i.UART_Transmit_IT  stm32f1xx_hal_uart.o
    0x0800304c   0x0800304c   0x0000006c   Code   RO         1070    i.UART_WaitOnFlagUntilTimeout  stm32f1xx_hal_uart.o
    0x080030b8   0x080030b8   0x00000024   Code   RO         1732    i.USART1_IRQHandler  usart.o
    0x080030dc   0x080030dc   0x00000004   Code   RO          246    i.UsageFault_Handler  stm32f1xx_it.o
    0x080030e0   0x080030e0   0x00000028   Code   RO         2284    i.__ARM_fpclassify  m_ws.l(fpclassify.o)
    0x08003108   0x08003108   0x00000010   Code   RO          569    i.__NVIC_GetPriorityGrouping  stm32f1xx_hal_cortex.o
    0x08003118   0x08003118   0x00000028   Code   RO          570    i.__NVIC_SetPriority  stm32f1xx_hal_cortex.o
    0x08003140   0x08003140   0x0000000e   Code   RO         2099    i._is_digit         c_w.l(__printf_wp.o)
    0x0800314e   0x0800314e   0x00000004   Code   RO         1734    i._sys_exit         usart.o
    0x08003152   0x08003152   0x00000002   PAD
    0x08003154   0x08003154   0x0000002c   Code   RO         1831    i.atk_mw579_at_test  atk_mw579.o
    0x08003180   0x08003180   0x0000002c   Code   RO         1833    i.atk_mw579_enter_config_mode  atk_mw579.o
    0x080031ac   0x080031ac   0x00000018   Code   RO         1835    i.atk_mw579_get_conn_sta  atk_mw579.o
    0x080031c4   0x080031c4   0x00000098   Code   RO         1836    i.atk_mw579_hw_init  atk_mw579.o
    0x0800325c   0x0800325c   0x00000094   Code   RO         1837    i.atk_mw579_init    atk_mw579.o
    0x080032f0   0x080032f0   0x00000058   Code   RO         1839    i.atk_mw579_send_at_cmd  atk_mw579.o
    0x08003348   0x08003348   0x00000048   Code   RO         1840    i.atk_mw579_set_adptim  atk_mw579.o
    0x08003390   0x08003390   0x00000038   Code   RO         1843    i.atk_mw579_set_hello  atk_mw579.o
    0x080033c8   0x080033c8   0x00000064   Code   RO         1845    i.atk_mw579_set_leden  atk_mw579.o
    0x0800342c   0x0800342c   0x0000006c   Code   RO         1847    i.atk_mw579_set_linkpassen  atk_mw579.o
    0x08003498   0x08003498   0x00000068   Code   RO         1848    i.atk_mw579_set_maxput  atk_mw579.o
    0x08003500   0x08003500   0x00000098   Code   RO         1849    i.atk_mw579_set_mode  atk_mw579.o
    0x08003598   0x08003598   0x00000038   Code   RO         1850    i.atk_mw579_set_name  atk_mw579.o
    0x080035d0   0x080035d0   0x0000006c   Code   RO         1852    i.atk_mw579_set_slavesleepen  atk_mw579.o
    0x0800363c   0x0800363c   0x0000006c   Code   RO         1853    i.atk_mw579_set_tpl  atk_mw579.o
    0x080036a8   0x080036a8   0x00000130   Code   RO         1854    i.atk_mw579_set_uart  atk_mw579.o
    0x080037d8   0x080037d8   0x00000030   Code   RO         2010    i.atk_mw579_uart_init  atk_mw579_uart.o
    0x08003808   0x08003808   0x0000003c   Code   RO         2011    i.atk_mw579_uart_printf  atk_mw579_uart.o
    0x08003844   0x08003844   0x0000002c   Code   RO         2012    i.atk_mw579_uart_rx_get_frame  atk_mw579_uart.o
    0x08003870   0x08003870   0x00000024   Code   RO         2014    i.atk_mw579_uart_rx_restart  atk_mw579_uart.o
    0x08003894   0x08003894   0x0000000c   Code   RO         1687    i.delay_init        delay.o
    0x080038a0   0x080038a0   0x00000012   Code   RO         1688    i.delay_ms          delay.o
    0x080038b2   0x080038b2   0x00000002   PAD
    0x080038b4   0x080038b4   0x00000048   Code   RO         1689    i.delay_us          delay.o
    0x080038fc   0x080038fc   0x00000130   Code   RO          350    i.demo_run          demo.o
    0x08003a2c   0x08003a2c   0x0000001c   Code   RO         1736    i.fputc             usart.o
    0x08003a48   0x08003a48   0x00000054   Code   RO         1807    i.led_init          led.o
    0x08003a9c   0x08003a9c   0x0000002c   Code   RO           13    i.main              main.o
    0x08003ac8   0x08003ac8   0x0000007c   Code   RO           14    i.show_mesg         main.o
    0x08003b44   0x08003b44   0x00000066   Code   RO         1619    i.sys_stm32_clock_init  sys.o
    0x08003baa   0x08003baa   0x00000002   PAD
    0x08003bac   0x08003bac   0x00000038   Code   RO         1737    i.usart_init        usart.o
    0x08003be4   0x08003be4   0x0000002c   Code   RO         2271    locale$$code        c_w.l(lc_numeric_c.o)
    0x08003c10   0x08003c10   0x0000002c   Code   RO         2292    locale$$code        c_w.l(lc_ctype_c.o)
    0x08003c3c   0x08003c3c   0x00000004   Code   RO         2194    x$fpl$printf1       fz_ws.l(printf1.o)
    0x08003c40   0x08003c40   0x00000004   Code   RO         2196    x$fpl$printf2       fz_ws.l(printf2.o)
    0x08003c44   0x08003c44   0x00000000   Code   RO         2283    x$fpl$usenofp       fz_ws.l(usenofp.o)
    0x08003c44   0x08003c44   0x00000018   Data   RO          315    .constdata          system_stm32f1xx.o
    0x08003c5c   0x08003c5c   0x00000011   Data   RO         2107    .constdata          c_w.l(__printf_flags_ss_wp.o)
    0x08003c6d   0x08003c6d   0x00000003   PAD
    0x08003c70   0x08003c70   0x00000008   Data   RO         2142    .constdata          c_w.l(_printf_wctomb.o)
    0x08003c78   0x08003c78   0x00000028   Data   RO         2171    .constdata          c_w.l(_printf_hex_int_ll_ptr.o)
    0x08003ca0   0x08003ca0   0x00000026   Data   RO         2222    .constdata          c_w.l(_printf_fp_hex.o)
    0x08003cc6   0x08003cc6   0x00000002   PAD
    0x08003cc8   0x08003cc8   0x00000094   Data   RO         2246    .constdata          c_w.l(bigflt0.o)
    0x08003d5c   0x08003d5c   0x00000020   Data   RO         2411    Region$$Table       anon$$obj.o
    0x08003d7c   0x08003d7c   0x0000001c   Data   RO         2270    locale$$data        c_w.l(lc_numeric_c.o)
    0x08003d98   0x08003d98   0x00000110   Data   RO         2291    locale$$data        c_w.l(lc_ctype_c.o)


    Execution Region RW_IRAM1 (Exec base: 0x20000000, Load base: 0x08003ea8, Size: 0x00000e08, Max: 0x00005000, ABSOLUTE)

    Exec Addr    Load Addr    Size         Type   Attr      Idx    E Section Name        Object

    0x20000000   0x08003ea8   0x00000004   Data   RW          316    .data               system_stm32f1xx.o
    0x20000004   0x08003eac   0x00000009   Data   RW          405    .data               stm32f1xx_hal.o
    0x2000000d   0x08003eb5   0x00000003   PAD
    0x20000010   0x08003eb8   0x00000004   Data   RW         1690    .data               delay.o
    0x20000014   0x08003ebc   0x00000007   Data   RW         1739    .data               usart.o
    0x2000001b   0x08003ec3   0x00000001   Data   RW         1857    .data               atk_mw579.o
    0x2000001c        -       0x00000108   Zero   RW         1738    .bss                usart.o
    0x20000124        -       0x00000882   Zero   RW         2015    .bss                atk_mw579_uart.o
    0x200009a6   0x08003ec4   0x00000002   PAD
    0x200009a8        -       0x00000060   Zero   RW         2287    .bss                c_w.l(libspace.o)
    0x20000a08        -       0x00000000   Zero   RW            2    HEAP                startup_stm32f103xb.o
    0x20000a08        -       0x00000400   Zero   RW            1    STACK               startup_stm32f103xb.o


==============================================================================

Image component sizes


      Code (inc. data)   RO Data    RW Data    ZI Data      Debug   Object Name

      1668        356          0          1          0      12697   atk_mw579.o
       188         30          0          0       2178       3648   atk_mw579_uart.o
       102         10          0          4          0       1867   delay.o
       304        108          0          0          0       4047   demo.o
        84          8          0          0          0        871   led.o
       168         78          0          0          0     453143   main.o
        52         18        236          0       1024        936   startup_stm32f103xb.o
       154         32          0          9          0       6439   stm32f1xx_hal.o
       304         22          0          0          0      29499   stm32f1xx_hal_cortex.o
       424         10          0          0          0       1255   stm32f1xx_hal_dma.o
       860         40          0          0          0       3375   stm32f1xx_hal_gpio.o
      1784        110          0          0          0       6096   stm32f1xx_hal_rcc.o
      1480         10          0          0          0       9719   stm32f1xx_hal_uart.o
        32          0          0          0          0       3954   stm32f1xx_it.o
       102          0          0          0          0        719   sys.o
         0          0         24          4          0        834   system_stm32f1xx.o
       440         54          0          7        264       5433   usart.o

    ----------------------------------------------------------------------
      8162        886        292         28       3468     544532   Object Totals
         0          0         32          0          0          0   (incl. Generated)
        16          0          0          3          2          0   (incl. Padding)

    ----------------------------------------------------------------------

      Code (inc. data)   RO Data    RW Data    ZI Data      Debug   Library Member Name

        24          4          0          0          0         84   __2printf.o
        44          6          0          0          0         84   __2sprintf.o
         8          0          0          0          0         68   __main.o
       392          4         17          0          0         92   __printf_flags_ss_wp.o
        14          0          0          0          0         68   __printf_wp.o
         0          0          0          0          0          0   __rtentry.o
        12          0          0          0          0          0   __rtentry2.o
         6          0          0          0          0          0   __rtentry4.o
        52          8          0          0          0          0   __scatter.o
        26          0          0          0          0          0   __scatter_copy.o
        28          0          0          0          0          0   __scatter_zi.o
         6          0          0          0          0          0   _printf_a.o
         6          0          0          0          0          0   _printf_c.o
        44          0          0          0          0        108   _printf_char.o
        48          6          0          0          0         96   _printf_char_common.o
        36          4          0          0          0         80   _printf_char_file.o
        40          0          0          0          0         68   _printf_charcount.o
         6          0          0          0          0          0   _printf_d.o
       120         16          0          0          0         92   _printf_dec.o
         6          0          0          0          0          0   _printf_e.o
         6          0          0          0          0          0   _printf_f.o
      1054          0          0          0          0        216   _printf_fp_dec.o
       764          8         38          0          0        100   _printf_fp_hex.o
       128         16          0          0          0         84   _printf_fp_infnan.o
         6          0          0          0          0          0   _printf_g.o
       148          4         40          0          0        160   _printf_hex_int_ll_ptr.o
         6          0          0          0          0          0   _printf_i.o
       178          0          0          0          0         88   _printf_intcommon.o
        10          0          0          0          0          0   _printf_l.o
         6          0          0          0          0          0   _printf_lc.o
        10          0          0          0          0          0   _printf_ll.o
         6          0          0          0          0          0   _printf_lld.o
         6          0          0          0          0          0   _printf_lli.o
         6          0          0          0          0          0   _printf_llo.o
         6          0          0          0          0          0   _printf_llu.o
         6          0          0          0          0          0   _printf_llx.o
       124         16          0          0          0         92   _printf_longlong_dec.o
         6          0          0          0          0          0   _printf_ls.o
         6          0          0          0          0          0   _printf_n.o
         6          0          0          0          0          0   _printf_o.o
       112         10          0          0          0        124   _printf_oct_int_ll.o
         6          0          0          0          0          0   _printf_p.o
        78          0          0          0          0        108   _printf_pad.o
         0          0          0          0          0          0   _printf_percent.o
         4          0          0          0          0          0   _printf_percent_end.o
         6          0          0          0          0          0   _printf_s.o
        82          0          0          0          0         80   _printf_str.o
        36          0          0          0          0         84   _printf_truncate.o
         6          0          0          0          0          0   _printf_u.o
        44          0          0          0          0        108   _printf_wchar.o
       188          6          8          0          0         92   _printf_wctomb.o
         6          0          0          0          0          0   _printf_x.o
        10          0          0          0          0         68   _sputc.o
        64          0          0          0          0         92   _wcrtomb.o
       228          4        148          0          0         96   bigflt0.o
      1936        128          0          0          0        672   btod.o
        18          0          0          0          0         80   exit.o
         8          0          0          0          0         68   ferror.o
         6          0          0          0          0        152   heapauxi.o
        44         10        272          0          0         76   lc_ctype_c.o
        44         10         28          0          0         76   lc_numeric_c.o
         2          0          0          0          0          0   libinit.o
        30          0          0          0          0          0   libinit2.o
         2          0          0          0          0          0   libshutdown.o
         2          0          0          0          0          0   libshutdown2.o
         8          4          0          0         96         68   libspace.o
       138          0          0          0          0         80   lludiv10.o
        16          4          0          0          0         76   rt_ctype_table.o
         8          4          0          0          0         68   rt_locale_intlibspace.o
        78          0          0          0          0         80   rt_memclr_w.o
         2          0          0          0          0          0   rtexit.o
        10          0          0          0          0          0   rtexit2.o
       128          0          0          0          0         68   strcmpv7m.o
        62          0          0          0          0         76   strlen.o
        36          0          0          0          0         80   strstr.o
        74          0          0          0          0         80   sys_stackheap_outer.o
         2          0          0          0          0         68   use_no_semi.o
         2          0          0          0          0         68   use_no_semi_2.o
        36          4          0          0          0         76   vsprintf.o
         4          0          0          0          0         68   printf1.o
         4          0          0          0          0         68   printf2.o
         0          0          0          0          0          0   usenofp.o
        40          0          0          0          0         68   fpclassify.o

    ----------------------------------------------------------------------
      7030        276        556          0         96       4648   Library Totals
        14          0          5          0          0          0   (incl. Padding)

    ----------------------------------------------------------------------

      Code (inc. data)   RO Data    RW Data    ZI Data      Debug   Library Name

      6968        276        551          0         96       4444   c_w.l
         8          0          0          0          0        136   fz_ws.l
        40          0          0          0          0         68   m_ws.l

    ----------------------------------------------------------------------
      7030        276        556          0         96       4648   Library Totals

    ----------------------------------------------------------------------

==============================================================================


      Code (inc. data)   RO Data    RW Data    ZI Data      Debug   

     15192       1162        848         28       3564     542780   Grand Totals
     15192       1162        848         28       3564     542780   ELF Image Totals
     15192       1162        848         28          0          0   ROM Totals

==============================================================================

    Total RO  Size (Code + RO Data)                16040 (  15.66kB)
    Total RW  Size (RW Data + ZI Data)              3592 (   3.51kB)
    Total ROM Size (Code + RO Data + RW Data)      16068 (  15.69kB)

==============================================================================

