<html>
<body>
<pre>
<h1>µVision Build Log</h1>
<h2>Tool Versions:</h2>
IDE-Version: ¶ÃVision V5.36.0.0
Copyright (C) 2021 ARM Ltd and ARM Germany GmbH. All rights reserved.
License Information: dv ddvvdsd, sdvsdgsdf, LIC=FYKYW-Q6XVC-8TZ3P-M292J-26WJW-XAQ28
 
Tool Versions:
Toolchain:       MDK-ARM Plus  Version: 5.36.0.0
Toolchain Path:  C:\Keil_v5\ARM\ARMCC\Bin
C Compiler:      Armcc.exe V5.06 update 7 (build 960)
Assembler:       Armasm.exe V5.06 update 7 (build 960)
Linker/Locator:  ArmLink.exe V5.06 update 7 (build 960)
Library Manager: ArmAr.exe V5.06 update 7 (build 960)
Hex Converter:   FromElf.exe V5.06 update 7 (build 960)
CPU DLL:         SARMCM3.DLL V5.36.0.0
Dialog DLL:      DCM.DLL V1.17.3.0
Target DLL:      STLink\ST-LINKIII-KEIL_SWO.dll V3.0.9.0
Dialog DLL:      TCM.DLL V1.53.0.0
 
<h2>Project:</h2>
C:\Users\Zhaobw\Desktop\Projects\smart_home\Projects\MDK-ARM\atk_f407.uvprojx
Project File Date:  03/25/2024

<h2>Output:</h2>
*** Using Compiler 'V5.06 update 7 (build 960)', folder: 'C:\Keil_v5\ARM\ARMCC\Bin'
Rebuild target 'lwIP'
Note: source file '..\..\Middlewares\LWIP\src\core\sys.c' - object file renamed from '..\..\Output\sys.o' to '..\..\Output\sys_1.o'.
Note: source file '..\..\Middlewares\LWIP\src\netif\ethernet.c' - object file renamed from '..\..\Output\ethernet.o' to '..\..\Output\ethernet_1.o'.
assembling startup_stm32f407xx.s...
compiling system_stm32f4xx.c...
compiling stm32f4xx_it.c...
compiling stm32f4xx_hal_usart.c...
compiling stm32f4xx_hal_gpio.c...
compiling stm32f4xx_hal_cortex.c...
compiling stm32f4xx_hal_pwr_ex.c...
compiling stm32f4xx_hal_rcc.c...
compiling freertos_APP.c...
..\..\User\freertos_APP.c(238): warning:  #177-D: variable "key"  was declared but never referenced
      uint8_t key = 0;
..\..\User\freertos_APP.c: 1 warning, 0 errors
compiling stm32f4xx_hal_pwr.c...
compiling stm32f4xx_hal_rcc_ex.c...
compiling stm32f4xx_hal.c...
compiling usart.c...
compiling sys.c...
compiling main.c...
..\..\User\main.c(26): warning:  #223-D: function "adc_temperature_init" declared implicitly
      adc_temperature_init();                 /* ÂàùÂ?ãÂåñADC */                      
..\..\User\main.c: 1 warning, 0 errors
compiling delay.c...
compiling stm32f4xx_hal_flash.c...
compiling stm32f4xx_hal_dma_ex.c...
compiling stm32f4xx_hal_tim_ex.c...
compiling stm32f4xx_hal_uart.c...
compiling stm32f4xx_hal_dma.c...
compiling stm32f4xx_ll_fsmc.c...
compiling stm32f4xx_hal_eth.c...
compiling stm32f4xx_hal_sram.c...
compiling stm32f4xx_hal_flash_ex.c...
compiling stm32f4xx_hal_adc.c...
compiling led.c...
compiling stm32f4xx_hal_adc_ex.c...
compiling lcd.c...
compiling stm32f4xx_hal_tim.c...
compiling key.c...
compiling usmart_port.c...
compiling adc.c...
compiling usmart.c...
compiling usmart_str.c...
compiling ethernet.c...
compiling usmart_config.c...
compiling malloc.c...
compiling dht11.c...
compiling sram.c...
compiling err.c...
compiling api_lib.c...
compiling api_msg.c...
compiling if_api.c...
compiling netbuf.c...
compiling netdb.c...
compiling netifapi.c...
compiling altcp_alloc.c...
compiling altcp_tcp.c...
compiling tcpip.c...
compiling def.c...
compiling inet_chksum.c...
compiling altcp.c...
compiling dns.c...
compiling ip.c...
compiling mem.c...
compiling init.c...
compiling sockets.c...
compiling pbuf.c...
compiling raw.c...
compiling stats.c...
compiling memp.c...
compiling sys.c...
compiling tcp.c...
compiling netif.c...
compiling tcp_out.c...
compiling tcp_in.c...
compiling timeouts.c...
compiling udp.c...
compiling hmac_sha1.c...
compiling autoip.c...
compiling icmp.c...
compiling etharp.c...
compiling sha1.c...
compiling dhcp.c...
compiling ip4_addr.c...
compiling igmp.c...
compiling ip4_frag.c...
compiling ethernet.c...
compiling ip4.c...
compiling ethernetif.c...
compiling sys_arch.c...
compiling event_groups.c...
compiling mqtt.c...
compiling croutine.c...
compiling list.c...
compiling lwip_demo.c...
compiling stream_buffer.c...
compiling queue.c...
compiling tasks.c...
compiling lwip_comm.c...
compiling timers.c...
compiling heap_4.c...
compiling port.c...
linking...
Program Size: Code=119132 RO-data=14360 RW-data=868 ZI-data=732892  
FromELF: creating hex file...
"..\..\Output\atk_f407.axf" - 0 Error(s), 2 Warning(s).

<h2>Software Packages used:</h2>

Package Vendor: Keil
                http://www.keil.com/pack/Keil.STM32F4xx_DFP.2.15.0.pack
                Keil.STM32F4xx_DFP.2.15.0
                STMicroelectronics STM32F4 Series Device Support, Drivers and Examples

<h2>Collection of Component include folders:</h2>
  C:\Users\Zhaobw\AppData\Local\Arm\Packs\Keil\STM32F4xx_DFP\2.15.0\Drivers\CMSIS\Device\ST\STM32F4xx\Include

<h2>Collection of Component Files used:</h2>
Build Time Elapsed:  00:00:38
</pre>
</body>
</html>
