<html>
<body>
<pre>
<h1>µVision Build Log</h1>
<h2>Tool Versions:</h2>
IDE-Version: ¦ÌVision V5.36.0.0
Copyright (C) 2021 ARM Ltd and ARM Germany GmbH. All rights reserved.
License Information: dv ddvvdsd, sdvsdgsdf, LIC=FYKYW-Q6XVC-8TZ3P-M292J-26WJW-XAQ28
 
Tool Versions:
Toolchain:       MDK-ARM Plus  Version: 5.36.0.0
Toolchain Path:  C:\Keil_v5\ARM\ARMCC\Bin
C Compiler:      Armcc.exe V5.06 update 7 (build 960)
Assembler:       Armasm.exe V5.06 update 7 (build 960)
Linker/Locator:  ArmLink.exe V5.06 update 7 (build 960)
Library Manager: ArmAr.exe V5.06 update 7 (build 960)
Hex Converter:   FromElf.exe V5.06 update 7 (build 960)
CPU DLL:         SARMCM3.DLL V5.36.0.0
Dialog DLL:      DCM.DLL V1.17.3.0
Target DLL:      STLink\ST-LINKIII-KEIL_SWO.dll V3.0.9.0
Dialog DLL:      TCM.DLL V1.53.0.0
 
<h2>Project:</h2>
C:\Users\Zhaobw\Desktop\Projects\smart_home\Projects\MDK-ARM\atk_f407.uvprojx
Project File Date:  03/18/2024

<h2>Output:</h2>
*** Using Compiler 'V5.06 update 7 (build 960)', folder: 'C:\Keil_v5\ARM\ARMCC\Bin'
Rebuild target 'FreeRTOS'
Note: source file '..\..\Middlewares\lwip\src\core\sys.c' - object file renamed from '..\..\Output\sys.o' to '..\..\Output\sys_1.o'.
Note: source file '..\..\Middlewares\lwip\src\netif\ethernet.c' - object file renamed from '..\..\Output\ethernet.o' to '..\..\Output\ethernet_1.o'.
assembling startup_stm32f407xx.s...
compiling stm32f4xx_hal_cortex.c...
compiling sys.c...
compiling stm32f4xx_hal_usart.c...
compiling system_stm32f4xx.c...
compiling usart.c...
compiling stm32f4xx_hal_pwr_ex.c...
compiling stm32f4xx_hal.c...
compiling stm32f4xx_hal_gpio.c...
compiling main.c...
compiling stm32f4xx_hal_rcc_ex.c...
compiling stm32f4xx_it.c...
compiling stm32f4xx_hal_rcc.c...
compiling delay.c...
compiling stm32f4xx_hal_pwr.c...
compiling freertos_APP.c...
compiling stm32f4xx_ll_spi.c...
compiling stm32f4xx_hal_dma_ex.c...
compiling stm32f4xx_hal_dma.c...
compiling stm32f4xx_hal_i2s.c...
compiling stm32f4xx_hal_flash.c...
compiling stm32f4xx_hal_uart.c...
compiling stm32f4xx_hal_flash_ex.c...
compiling stm32f4xx_ll_sdmmc.c...
compiling stm32f4xx_ll_fsmc.c...
compiling stm32f4xx_hal_i2s_ex.c...
compiling stm32f4xx_hal_sram.c...
compiling stm32f4xx_hal_tim_ex.c...
compiling stm32f4xx_hal_sd.c...
compiling stm32f4xx_hal_adc.c...
compiling stm32f4xx_hal_spi.c...
compiling stm32f4xx_hal_tim.c...
compiling stm32f4xx_hal_rtc.c...
compiling led.c...
compiling lcd.c...
compiling stm32f4xx_hal_rtc_ex.c...
compiling stm32f4xx_hal_adc_ex.c...
compiling i2s.c...
compiling es8388.c...
compiling adc.c...
compiling beep.c...
compiling sram.c...
compiling myiic.c...
compiling stm32f4xx_hal_eth.c...
compiling 24cxx.c...
compiling key.c...
compiling norflash.c...
compiling rtc.c...
compiling stream_buffer.c...
compiling atk_mw8266d_uart.c...
compiling croutine.c...
compiling malloc.c...
compiling btim.c...
compiling spi.c...
compiling queue.c...
compiling atk_mw8266d.c...
compiling list.c...
compiling gtim.c...
compiling sdio_sdcard.c...
compiling ethernet.c...
compiling tasks.c...
compiling event_groups.c...
compiling ffunicode.c...
compiling ff.c...
compiling diskio.c...
compiling fonts.c...
compiling esp8266play.c...
..\..\User\APP\esp8266play.c(140): warning:  #177-D: variable "key"  was declared but never referenced
      uint8_t key;
..\..\User\APP\esp8266play.c(141): warning:  #177-D: variable "is_unvarnished"  was declared but never referenced
      uint8_t is_unvarnished = 0;
..\..\User\APP\esp8266play.c: 2 warnings, 0 errors
compiling heap_4.c...
compiling exfuns.c...
compiling timers.c...
compiling fattester.c...
compiling port.c...
compiling audioplay.c...
..\..\User\APP\audioplay.c(139): warning:  #550-D: variable "key"  was set but never used
      uint8_t key;            /* ¼üÖµ */
..\..\User\APP\audioplay.c: 1 warning, 0 errors
compiling ffsystem.c...
compiling wavplay.c...
..\..\Middlewares\AUDIOCODEC\wav\wavplay.c(248): warning:  #177-D: variable "key"  was declared but never referenced
      uint8_t key;
..\..\Middlewares\AUDIOCODEC\wav\wavplay.c(249): warning:  #177-D: variable "t"  was declared but never referenced
      uint8_t t = 0; 
..\..\Middlewares\AUDIOCODEC\wav\wavplay.c: 2 warnings, 0 errors
compiling text.c...
compiling ethernetif.c...
compiling sys_arch.c...
compiling lwip_comm.c...
compiling altcp.c...
compiling netifapi.c...
compiling if_api.c...
compiling err.c...
compiling altcp_alloc.c...
compiling def.c...
compiling altcp_tcp.c...
compiling netdb.c...
compiling tcpip.c...
compiling api_lib.c...
compiling dns.c...
compiling inet_chksum.c...
compiling netbuf.c...
compiling api_msg.c...
compiling sockets.c...
compiling ip.c...
compiling mem.c...
compiling raw.c...
compiling autoip.c...
compiling netif.c...
compiling sys.c...
compiling pbuf.c...
compiling tcp_in.c...
compiling stats.c...
compiling memp.c...
compiling timeouts.c...
compiling init.c...
compiling udp.c...
compiling tcp.c...
compiling tcp_out.c...
compiling igmp.c...
compiling ip4_addr.c...
compiling etharp.c...
compiling icmp.c...
compiling ethernet.c...
compiling ip4.c...
compiling ip4_frag.c...
compiling dhcp.c...
linking...
Program Size: Code=77484 RO-data=188316 RW-data=300 ZI-data=1229500  
FromELF: creating hex file...
"..\..\Output\atk_f407.axf" - 0 Error(s), 5 Warning(s).

<h2>Software Packages used:</h2>

Package Vendor: Keil
                http://www.keil.com/pack/Keil.STM32F4xx_DFP.2.15.0.pack
                Keil.STM32F4xx_DFP.2.15.0
                STMicroelectronics STM32F4 Series Device Support, Drivers and Examples

<h2>Collection of Component include folders:</h2>
  C:\Users\Zhaobw\AppData\Local\Arm\Packs\Keil\STM32F4xx_DFP\2.15.0\Drivers\CMSIS\Device\ST\STM32F4xx\Include

<h2>Collection of Component Files used:</h2>
Build Time Elapsed:  00:00:43
</pre>
</body>
</html>
